[2026-01-29 04:09:05] 🔍 BOOKMARK DEEP-SCAN AGENT ACTIVE
[2026-01-29 04:09:05] Scanning every 300s (every 5 min)
[2026-01-29 04:09:05] Discoveries logged to: /Users/aaronnosbisch/REPOS/seed/BRAIN/IMPROVEMENTS/discovered.jsonl
[2026-01-29 04:09:05] Stream logged to: /Users/aaronnosbisch/REPOS/seed/BRAIN/INTEL/bookmark_stream.jsonl

[2026-01-29 04:09:05] No bookmarks found
[2026-01-29 04:14:05] No bookmarks found
[2026-01-29 04:19:05] No bookmarks found
[2026-01-29 04:24:05] No bookmarks found
[2026-01-29 04:29:05] No bookmarks found
[2026-01-29 04:34:05] No bookmarks found
[2026-01-29 06:07:21] 🔍 BOOKMARK DEEP-SCAN AGENT ACTIVE
[2026-01-29 06:07:21] Scanning every 300s (every 5 min)
[2026-01-29 06:07:21] Discoveries logged to: /Users/aaronnosbisch/REPOS/seed/BRAIN/IMPROVEMENTS/discovered.jsonl
[2026-01-29 06:07:21] Stream logged to: /Users/aaronnosbisch/REPOS/seed/BRAIN/INTEL/bookmark_stream.jsonl

[2026-01-29 06:07:21] No bookmarks found
[2026-01-29 06:12:21] No bookmarks found
[2026-01-29 06:17:21] No bookmarks found
[2026-01-29 06:22:21] No bookmarks found
[2026-01-29 06:27:21] No bookmarks found
[2026-01-29 06:32:21] No bookmarks found
[2026-01-29 06:37:21] No bookmarks found
[2026-01-29 06:42:21] No bookmarks found
[2026-01-29 07:04:33] No bookmarks found
[2026-01-29 07:24:46] No bookmarks found
[2026-01-29 07:29:46] No bookmarks found
[2026-01-29 07:34:46] No bookmarks found
[2026-01-29 07:39:46] No bookmarks found
[2026-01-29 07:44:46] No bookmarks found
[2026-01-29 07:49:46] No bookmarks found
[2026-01-29 07:54:46] No bookmarks found
[2026-01-29 07:59:46] No bookmarks found
[2026-01-29 08:04:46] No bookmarks found
[2026-01-29 08:09:46] No bookmarks found
[2026-01-29 08:14:46] No bookmarks found
[2026-01-29 08:19:46] No bookmarks found
[2026-01-29 08:24:46] No bookmarks found
[2026-01-29 08:29:46] No bookmarks found
[2026-01-29 08:34:46] No bookmarks found
[2026-01-29 08:39:46] No bookmarks found
[2026-01-29 08:44:46] No bookmarks found
[2026-01-29 08:49:46] No bookmarks found
[2026-01-29 08:54:46] No bookmarks found
[2026-01-29 08:59:46] No bookmarks found
[2026-01-29 09:04:46] No bookmarks found
[2026-01-29 09:09:46] No bookmarks found
[2026-01-29 09:14:46] No bookmarks found
[2026-01-29 09:19:46] No bookmarks found
[2026-01-29 09:24:46] No bookmarks found
[2026-01-29 09:29:46] No bookmarks found
[2026-01-29 10:01:18] No bookmarks found
[2026-01-29 10:11:19] No bookmarks found
[2026-01-29 10:34:39] No bookmarks found
[2026-01-29 10:39:39] No bookmarks found
[2026-01-29 10:44:39] No bookmarks found
[2026-01-29 10:51:12] No bookmarks found
[2026-01-29 10:56:12] No bookmarks found
[2026-01-29 11:03:00] No bookmarks found
[2026-01-29 11:08:08] No bookmarks found
[2026-01-29 11:13:08] No bookmarks found
[2026-01-29 11:18:08] No bookmarks found
[2026-01-29 11:23:08] No bookmarks found
[2026-01-29 11:28:08] No bookmarks found
[2026-01-29 11:33:08] No bookmarks found
[2026-01-29 11:38:08] No bookmarks found
[2026-01-29 11:43:08] No bookmarks found
[2026-01-29 11:48:08] No bookmarks found
[2026-01-29 11:53:08] No bookmarks found
[2026-01-29 11:58:08] No bookmarks found
[2026-01-29 12:03:08] No bookmarks found
[2026-01-29 12:08:08] No bookmarks found
[2026-01-29 12:13:08] No bookmarks found
[2026-01-29 12:18:08] No bookmarks found
[2026-01-29 12:23:08] No bookmarks found
[2026-01-29 12:28:08] No bookmarks found
[2026-01-29 12:33:08] No bookmarks found
[2026-01-29 12:38:09] No bookmarks found
[2026-01-29 12:43:09] No bookmarks found
[2026-01-29 12:48:09] No bookmarks found
[2026-01-29 12:53:09] No bookmarks found
[2026-01-29 12:58:09] No bookmarks found
[2026-01-29 13:03:09] No bookmarks found
[2026-01-29 13:08:09] No bookmarks found
[2026-01-29 13:13:09] No bookmarks found
[2026-01-29 13:18:09] No bookmarks found
[2026-01-29 13:23:09] No bookmarks found
[2026-01-29 13:28:09] No bookmarks found
[2026-01-29 13:33:09] No bookmarks found
[2026-01-29 13:38:09] No bookmarks found
[2026-01-29 13:43:09] No bookmarks found
[2026-01-29 13:48:09] No bookmarks found
[2026-01-29 13:53:09] No bookmarks found
[2026-01-29 13:58:09] No bookmarks found
[2026-01-29 14:03:09] No bookmarks found
[2026-01-29 14:08:09] No bookmarks found
[2026-01-29 14:13:09] No bookmarks found
[2026-01-29 14:18:09] No bookmarks found
[2026-01-29 14:23:09] No bookmarks found
[2026-01-29 14:28:09] No bookmarks found
[2026-01-29 14:33:09] No bookmarks found
[2026-01-29 14:38:09] No bookmarks found
[2026-01-29 14:43:09] No bookmarks found
[2026-01-29 14:48:09] No bookmarks found
[2026-01-29 14:53:09] No bookmarks found
[2026-01-29 14:58:09] No bookmarks found
[2026-01-29 15:03:09] No bookmarks found
[2026-01-29 15:08:09] No bookmarks found
[2026-01-29 15:13:09] No bookmarks found
[2026-01-29 15:18:09] No bookmarks found
[2026-01-29 15:23:09] No bookmarks found
[2026-01-29 15:28:09] No bookmarks found
[2026-01-29 15:33:09] No bookmarks found
[2026-01-29 15:38:09] No bookmarks found
[2026-01-29 15:43:09] No bookmarks found
[2026-01-29 15:48:09] No bookmarks found
[2026-01-29 15:53:09] No bookmarks found
[2026-01-29 15:58:09] No bookmarks found
[2026-01-29 16:03:09] No bookmarks found
[2026-01-29 16:08:09] No bookmarks found
[2026-01-29 16:13:09] No bookmarks found
[2026-01-29 16:18:09] No bookmarks found
[2026-01-29 16:40:37] No bookmarks found
[2026-01-29 16:45:37] No bookmarks found
[2026-01-29 16:50:37] No bookmarks found
[2026-01-29 16:55:37] No bookmarks found
[2026-01-29 17:00:37] No bookmarks found
[2026-01-29 17:05:37] No bookmarks found
[2026-01-29 17:10:37] No bookmarks found
[2026-01-29 17:15:37] No bookmarks found
[2026-01-29 17:20:37] No bookmarks found
[2026-01-29 17:25:37] No bookmarks found
[2026-01-29 17:43:25] No bookmarks found
[2026-01-29 17:48:25] No bookmarks found
[2026-01-29 17:53:25] No bookmarks found
[2026-01-29 17:58:25] No bookmarks found
[2026-01-29 18:03:25] No bookmarks found
[2026-01-29 18:08:25] No bookmarks found
[2026-01-29 18:13:25] No bookmarks found
[2026-01-29 18:18:25] No bookmarks found
[2026-01-29 18:23:25] No bookmarks found
[2026-01-29 18:28:25] No bookmarks found
[2026-01-29 18:33:25] No bookmarks found
[2026-01-29 18:38:26] No bookmarks found
[2026-01-29 18:43:26] No bookmarks found
[2026-01-29 19:03:44] No bookmarks found
[2026-01-29 19:08:44] No bookmarks found
[2026-01-29 19:13:44] No bookmarks found
[2026-01-29 19:18:44] No bookmarks found
[2026-01-29 19:23:44] No bookmarks found
[2026-01-29 19:28:44] No bookmarks found
[2026-01-29 19:33:44] No bookmarks found
[2026-01-29 19:38:44] No bookmarks found
[2026-01-29 19:43:44] No bookmarks found
[2026-01-29 19:48:44] No bookmarks found
[2026-01-29 19:53:44] No bookmarks found
[2026-01-29 19:58:44] No bookmarks found
[2026-01-29 20:11:12] No bookmarks found
[2026-01-29 20:16:12] No bookmarks found
[2026-01-29 20:21:12] No bookmarks found
[2026-01-29 20:26:12] No bookmarks found
[2026-01-29 20:43:14] No bookmarks found
[2026-01-29 20:48:14] No bookmarks found
[2026-01-29 20:53:14] No bookmarks found
[2026-01-29 20:58:14] No bookmarks found
[2026-01-29 21:03:14] No bookmarks found
[2026-01-29 21:19:12] No bookmarks found
[2026-01-29 21:24:12] No bookmarks found
[2026-01-29 21:29:12] No bookmarks found
[2026-01-29 21:34:12] No bookmarks found
[2026-01-29 21:39:12] No bookmarks found
[2026-01-29 21:44:12] No bookmarks found
[2026-01-29 22:00:51] No bookmarks found
[2026-01-29 22:10:54] No bookmarks found
[2026-01-29 22:15:54] No bookmarks found
[2026-01-29 22:20:54] No bookmarks found
[2026-01-29 22:25:54] No bookmarks found
[2026-01-29 22:30:54] No bookmarks found
[2026-01-29 22:35:54] No bookmarks found
[2026-01-29 22:40:54] No bookmarks found
[2026-01-29 22:45:54] No bookmarks found
[2026-01-29 22:50:54] No bookmarks found
[2026-01-29 22:55:54] No bookmarks found
[2026-01-29 23:00:54] No bookmarks found
[2026-01-29 23:05:54] No bookmarks found
[2026-01-29 23:10:54] No bookmarks found
[2026-01-29 23:30:27] No bookmarks found
[2026-01-29 23:35:27] No bookmarks found
[2026-01-29 23:41:59] No bookmarks found
[2026-01-29 23:46:59] No bookmarks found
[2026-01-29 23:51:59] No bookmarks found
[2026-01-29 23:56:59] No bookmarks found
[2026-01-30 00:01:59] No bookmarks found
[2026-01-30 00:06:59] No bookmarks found
[2026-01-30 00:11:59] No bookmarks found
[2026-01-30 00:16:59] No bookmarks found
[2026-01-30 00:21:59] No bookmarks found
[2026-01-30 00:26:59] No bookmarks found
[2026-01-30 00:31:59] No bookmarks found
[2026-01-30 00:36:59] No bookmarks found
[2026-01-30 00:41:59] No bookmarks found
[2026-01-30 00:46:59] No bookmarks found
[2026-01-30 00:51:59] No bookmarks found
[2026-01-30 00:56:59] No bookmarks found
[2026-01-30 01:01:59] No bookmarks found
[2026-01-30 01:06:59] No bookmarks found
[2026-01-30 01:11:59] No bookmarks found
[2026-01-30 01:16:59] No bookmarks found
[2026-01-30 01:21:59] No bookmarks found
[2026-01-30 01:26:59] No bookmarks found
[2026-01-30 01:31:59] No bookmarks found
[2026-01-30 01:36:59] No bookmarks found
[2026-01-30 01:41:59] No bookmarks found
[2026-01-30 01:46:59] No bookmarks found
[2026-01-30 01:51:59] No bookmarks found
[2026-01-30 01:56:59] No bookmarks found
[2026-01-30 02:01:59] No bookmarks found
[2026-01-30 02:06:59] No bookmarks found
[2026-01-30 02:11:59] No bookmarks found
[2026-01-30 02:16:59] No bookmarks found
[2026-01-30 02:21:59] No bookmarks found
[2026-01-30 02:26:59] No bookmarks found
[2026-01-30 02:31:59] No bookmarks found
[2026-01-30 02:36:59] No bookmarks found
[2026-01-30 02:41:59] No bookmarks found
[2026-01-30 02:46:59] No bookmarks found
[2026-01-30 02:51:59] No bookmarks found
[2026-01-30 02:56:59] No bookmarks found
[2026-01-30 03:01:59] No bookmarks found
[2026-01-30 03:06:59] No bookmarks found
[2026-01-30 03:11:59] No bookmarks found
[2026-01-30 03:16:59] No bookmarks found
