[2026-02-01 08:37:11] AGGRESSIVE COMPOUNDER INITIALIZED
[2026-02-01 08:37:11] Starting capital: $5,000.00
[2026-02-01 08:37:11] Target: Maximum compounding to $3.3M
[2026-02-01 08:37:11] ============================================================
[2026-02-01 08:37:11] AGGRESSIVE COMPOUNDING SIMULATION
[2026-02-01 08:37:11] Starting: $5,000.00
[2026-02-01 08:37:11] Cycles: 200
[2026-02-01 08:37:11] ============================================================
[2026-02-01 08:37:32] AGGRESSIVE COMPOUNDER INITIALIZED
[2026-02-01 08:37:32] Starting capital: $5,000.00
[2026-02-01 08:37:32] Target: Maximum compounding to $3.3M
[2026-02-01 08:37:32] ============================================================
[2026-02-01 08:37:32] AGGRESSIVE COMPOUNDING SIMULATION
[2026-02-01 08:37:32] Starting: $5,000.00
[2026-02-01 08:37:32] Cycles: 200
[2026-02-01 08:37:32] ============================================================
[2026-02-01 08:37:40] Cycle 10: $5,000.00 (0.0% ROI, 0.0% win rate)
[2026-02-01 08:37:54] Cycle 20: $5,000.00 (0.0% ROI, 0.0% win rate)
[2026-02-01 08:38:04] Cycle 30: $5,000.00 (0.0% ROI, 0.0% win rate)
[2026-02-01 08:38:13] Cycle 40: $5,000.00 (0.0% ROI, 0.0% win rate)
[2026-02-01 08:38:22] Cycle 50: $5,000.00 (0.0% ROI, 0.0% win rate)
[2026-02-01 08:38:30] Cycle 60: $5,000.00 (0.0% ROI, 0.0% win rate)
[2026-02-01 08:38:40] Cycle 70: $5,000.00 (0.0% ROI, 0.0% win rate)
[2026-02-01 08:38:49] Cycle 80: $5,000.00 (0.0% ROI, 0.0% win rate)
[2026-02-01 08:38:59] Cycle 90: $5,000.00 (0.0% ROI, 0.0% win rate)
[2026-02-01 08:39:07] Cycle 100: $5,000.00 (0.0% ROI, 0.0% win rate)
[2026-02-01 08:39:16] Cycle 110: $5,000.00 (0.0% ROI, 0.0% win rate)
[2026-02-01 08:39:25] Cycle 120: $5,000.00 (0.0% ROI, 0.0% win rate)
[2026-02-01 08:39:34] Cycle 130: $5,000.00 (0.0% ROI, 0.0% win rate)
[2026-02-01 08:39:43] Cycle 140: $5,000.00 (0.0% ROI, 0.0% win rate)
[2026-02-01 08:39:52] Cycle 150: $5,000.00 (0.0% ROI, 0.0% win rate)
[2026-02-01 08:40:01] Cycle 160: $5,000.00 (0.0% ROI, 0.0% win rate)
[2026-02-01 08:40:09] Cycle 170: $5,000.00 (0.0% ROI, 0.0% win rate)
[2026-02-01 08:40:19] Cycle 180: $5,000.00 (0.0% ROI, 0.0% win rate)
[2026-02-01 08:40:27] Cycle 190: $5,000.00 (0.0% ROI, 0.0% win rate)
[2026-02-01 08:40:37] Cycle 200: $5,000.00 (0.0% ROI, 0.0% win rate)
[2026-02-01 08:40:37] ============================================================
[2026-02-01 08:40:37] SIMULATION COMPLETE
[2026-02-01 08:40:37] ============================================================
[2026-02-01 08:40:37] Starting Capital: $5,000.00
[2026-02-01 08:40:37] Ending Capital: $5,000.00
[2026-02-01 08:40:37] Total Profit: $0.00
[2026-02-01 08:40:37] ROI: 0.0%
[2026-02-01 08:40:37] Trades: 0 (0 wins, 0 losses)
[2026-02-01 08:40:37] Win Rate: 0.0%
[2026-02-01 08:40:37] Learned Threshold: 0.250
[2026-02-01 08:40:37] Learned Multiplier: 1.00
[2026-02-01 08:40:37] 
[2026-02-01 08:40:37] PROJECTED COMPOUNDING (at current rate):
[2026-02-01 08:40:37]   Day 1: $5,000.00
[2026-02-01 08:40:37]   Day 3: $5,000.00
[2026-02-01 08:40:37]   Day 7: $5,000.00
[2026-02-01 08:40:37]   Day 14: $5,000.00
[2026-02-01 08:40:37]   Day 21: $5,000.00
[2026-02-01 08:40:37]   Day 30: $5,000.00
