[2026-02-01T20:40:17.980255] [INFO] (◉) AGGRESSIVE SCANNER STARTING - 10x/day target
[2026-02-01T20:40:17.980451] [INFO] (◉) CYCLE 1 START
[2026-02-01T20:40:19.124147] [INFO] Found 20 asymmetric opportunities (10x+)
[2026-02-01T20:40:19.124334] [INFO]   667x: Will Rashee Rice be the 2025-2026 NFL Comeback Player of the @ $0.002
[2026-02-01T20:40:19.124644] [INFO]   667x: Will Maxx Crosby be the 2025-2026 NFL Comeback Player of the @ $0.002
[2026-02-01T20:40:19.124676] [INFO]   667x: Will Derek Carr be the 2025-2026 NFL Comeback Player of the  @ $0.002
[2026-02-01T20:40:19.124705] [INFO]   667x: Will Chris Godwin be the 2025-2026 NFL Comeback Player of th @ $0.002
[2026-02-01T20:40:19.124732] [INFO]   667x: Will Chris Olave be the 2025-2026 NFL Comeback Player of the @ $0.002
[2026-02-01T20:40:19.124759] [INFO] (◉) CYCLE 1 END
[2026-02-01T20:40:49.125878] [INFO] (◉) CYCLE 2 START
[2026-02-01T20:40:50.162799] [INFO] Found 20 asymmetric opportunities (10x+)
[2026-02-01T20:40:50.163009] [INFO]   667x: Will Rashee Rice be the 2025-2026 NFL Comeback Player of the @ $0.002
[2026-02-01T20:40:50.163347] [INFO]   667x: Will Maxx Crosby be the 2025-2026 NFL Comeback Player of the @ $0.002
[2026-02-01T20:40:50.163404] [INFO]   667x: Will Derek Carr be the 2025-2026 NFL Comeback Player of the  @ $0.002
[2026-02-01T20:40:50.163453] [INFO]   667x: Will Chris Godwin be the 2025-2026 NFL Comeback Player of th @ $0.002
[2026-02-01T20:40:50.163484] [INFO]   667x: Will Chris Olave be the 2025-2026 NFL Comeback Player of the @ $0.002
[2026-02-01T20:40:50.163514] [INFO] (◉) CYCLE 2 END
[2026-02-01T20:41:20.164629] [INFO] (◉) CYCLE 3 START
[2026-02-01T20:41:21.192516] [INFO] Found 20 asymmetric opportunities (10x+)
[2026-02-01T20:41:21.192707] [INFO]   667x: Will Rashee Rice be the 2025-2026 NFL Comeback Player of the @ $0.002
[2026-02-01T20:41:21.193063] [INFO]   667x: Will Maxx Crosby be the 2025-2026 NFL Comeback Player of the @ $0.002
[2026-02-01T20:41:21.193136] [INFO]   667x: Will Derek Carr be the 2025-2026 NFL Comeback Player of the  @ $0.002
[2026-02-01T20:41:21.193203] [INFO]   667x: Will Chris Godwin be the 2025-2026 NFL Comeback Player of th @ $0.002
[2026-02-01T20:41:21.193262] [INFO]   667x: Will Chris Olave be the 2025-2026 NFL Comeback Player of the @ $0.002
[2026-02-01T20:41:21.193320] [INFO] (◉) CYCLE 3 END
[2026-02-01T20:41:51.194458] [INFO] (◉) CYCLE 4 START
[2026-02-01T20:41:52.226591] [INFO] Found 20 asymmetric opportunities (10x+)
[2026-02-01T20:41:52.226798] [INFO]   667x: Will Rashee Rice be the 2025-2026 NFL Comeback Player of the @ $0.002
[2026-02-01T20:41:52.227142] [INFO]   667x: Will Maxx Crosby be the 2025-2026 NFL Comeback Player of the @ $0.002
[2026-02-01T20:41:52.227197] [INFO]   667x: Will Derek Carr be the 2025-2026 NFL Comeback Player of the  @ $0.002
[2026-02-01T20:41:52.227250] [INFO]   667x: Will Chris Godwin be the 2025-2026 NFL Comeback Player of th @ $0.002
[2026-02-01T20:41:52.227303] [INFO]   667x: Will Chris Olave be the 2025-2026 NFL Comeback Player of the @ $0.002
[2026-02-01T20:41:52.227354] [INFO] (◉) CYCLE 4 END
[2026-02-01T20:42:22.228497] [INFO] (◉) CYCLE 5 START
[2026-02-01T20:42:23.861622] [INFO] Found 20 asymmetric opportunities (10x+)
[2026-02-01T20:42:23.861816] [INFO]   667x: Will Rashee Rice be the 2025-2026 NFL Comeback Player of the @ $0.002
[2026-02-01T20:42:23.862172] [INFO]   667x: Will Maxx Crosby be the 2025-2026 NFL Comeback Player of the @ $0.002
[2026-02-01T20:42:23.862229] [INFO]   667x: Will Derek Carr be the 2025-2026 NFL Comeback Player of the  @ $0.002
[2026-02-01T20:42:23.862267] [INFO]   667x: Will Chris Godwin be the 2025-2026 NFL Comeback Player of th @ $0.002
[2026-02-01T20:42:23.862301] [INFO]   667x: Will Chris Olave be the 2025-2026 NFL Comeback Player of the @ $0.002
[2026-02-01T20:42:23.862350] [INFO] (◉) CYCLE 5 END
[2026-02-01T20:42:53.863474] [INFO] (◉) CYCLE 6 START
[2026-02-01T20:42:54.909231] [INFO] Found 20 asymmetric opportunities (10x+)
[2026-02-01T20:42:54.909415] [INFO]   667x: Will Rashee Rice be the 2025-2026 NFL Comeback Player of the @ $0.002
[2026-02-01T20:42:54.909788] [INFO]   667x: Will Maxx Crosby be the 2025-2026 NFL Comeback Player of the @ $0.002
[2026-02-01T20:42:54.909868] [INFO]   667x: Will Derek Carr be the 2025-2026 NFL Comeback Player of the  @ $0.002
[2026-02-01T20:42:54.909946] [INFO]   667x: Will Chris Godwin be the 2025-2026 NFL Comeback Player of th @ $0.002
[2026-02-01T20:42:54.910014] [INFO]   667x: Will Chris Olave be the 2025-2026 NFL Comeback Player of the @ $0.002
[2026-02-01T20:42:54.910080] [INFO] (◉) CYCLE 6 END
[2026-02-01T20:43:24.911224] [INFO] (◉) CYCLE 7 START
[2026-02-01T20:43:25.936295] [INFO] Found 20 asymmetric opportunities (10x+)
[2026-02-01T20:43:25.936488] [INFO]   667x: Will Rashee Rice be the 2025-2026 NFL Comeback Player of the @ $0.002
[2026-02-01T20:43:25.936850] [INFO]   667x: Will Maxx Crosby be the 2025-2026 NFL Comeback Player of the @ $0.002
[2026-02-01T20:43:25.936929] [INFO]   667x: Will Derek Carr be the 2025-2026 NFL Comeback Player of the  @ $0.002
[2026-02-01T20:43:25.936984] [INFO]   667x: Will Chris Godwin be the 2025-2026 NFL Comeback Player of th @ $0.002
[2026-02-01T20:43:25.937038] [INFO]   667x: Will Chris Olave be the 2025-2026 NFL Comeback Player of the @ $0.002
[2026-02-01T20:43:25.937092] [INFO] (◉) CYCLE 7 END
[2026-02-01T20:43:55.938217] [INFO] (◉) CYCLE 8 START
[2026-02-01T20:43:57.353045] [INFO] Found 20 asymmetric opportunities (10x+)
[2026-02-01T20:43:57.353245] [INFO]   667x: Will Rashee Rice be the 2025-2026 NFL Comeback Player of the @ $0.002
[2026-02-01T20:43:57.353574] [INFO]   667x: Will Maxx Crosby be the 2025-2026 NFL Comeback Player of the @ $0.002
[2026-02-01T20:43:57.353629] [INFO]   667x: Will Derek Carr be the 2025-2026 NFL Comeback Player of the  @ $0.002
[2026-02-01T20:43:57.353690] [INFO]   667x: Will Chris Godwin be the 2025-2026 NFL Comeback Player of th @ $0.002
[2026-02-01T20:43:57.353741] [INFO]   667x: Will Chris Olave be the 2025-2026 NFL Comeback Player of the @ $0.002
[2026-02-01T20:43:57.353792] [INFO] (◉) CYCLE 8 END
[2026-02-01T20:44:27.354931] [INFO] (◉) CYCLE 9 START
[2026-02-01T20:44:28.736501] [INFO] Found 20 asymmetric opportunities (10x+)
[2026-02-01T20:44:28.736696] [INFO]   667x: Will Rashee Rice be the 2025-2026 NFL Comeback Player of the @ $0.002
[2026-02-01T20:44:28.737047] [INFO]   667x: Will Maxx Crosby be the 2025-2026 NFL Comeback Player of the @ $0.002
[2026-02-01T20:44:28.737107] [INFO]   667x: Will Derek Carr be the 2025-2026 NFL Comeback Player of the  @ $0.002
[2026-02-01T20:44:28.737167] [INFO]   667x: Will Chris Godwin be the 2025-2026 NFL Comeback Player of th @ $0.002
[2026-02-01T20:44:28.737226] [INFO]   667x: Will Chris Olave be the 2025-2026 NFL Comeback Player of the @ $0.002
[2026-02-01T20:44:28.737282] [INFO] (◉) CYCLE 9 END
[2026-02-01T20:44:58.738424] [INFO] (◉) CYCLE 10 START
[2026-02-01T20:44:59.794658] [INFO] Found 20 asymmetric opportunities (10x+)
[2026-02-01T20:44:59.794846] [INFO]   667x: Will Rashee Rice be the 2025-2026 NFL Comeback Player of the @ $0.002
[2026-02-01T20:44:59.795213] [INFO]   667x: Will Maxx Crosby be the 2025-2026 NFL Comeback Player of the @ $0.002
[2026-02-01T20:44:59.795292] [INFO]   667x: Will Derek Carr be the 2025-2026 NFL Comeback Player of the  @ $0.002
[2026-02-01T20:44:59.795369] [INFO]   667x: Will Chris Godwin be the 2025-2026 NFL Comeback Player of th @ $0.002
[2026-02-01T20:44:59.795441] [INFO]   667x: Will Chris Olave be the 2025-2026 NFL Comeback Player of the @ $0.002
[2026-02-01T20:44:59.795511] [INFO] (◉) CYCLE 10 END
