[2026-02-03 11:27:07] Starting autonomous live trader...
[2026-02-03 11:27:07] ============================================================
[2026-02-03 11:27:07] (◉) AUTONOMOUS LIVE TRADER - STARTING
[2026-02-03 11:27:07] Validated strategies only: whale_tracking, cross_platform_arb, gabagool_arb, high_prob_bonds
[2026-02-03 11:27:07] ============================================================
[2026-02-03 11:27:08] Wallet: 0xAED6D39e30F675Fb00514D8Ccb3ea01588d6a669
[2026-02-03 11:27:08] 
--- CYCLE 1 ---
[2026-02-03 11:27:09] Balance: $121.04 | Available: $71.04 | Daily PnL: $0.00
[2026-02-03 11:27:10] Scanning 100 markets...
[2026-02-03 11:27:10] Next cycle in 60 seconds...
[2026-02-03 11:28:10] 
--- CYCLE 2 ---
[2026-02-03 11:28:11] Balance: $121.04 | Available: $71.04 | Daily PnL: $0.00
[2026-02-03 11:28:12] Scanning 100 markets...
[2026-02-03 11:28:12] Next cycle in 60 seconds...
[2026-02-03 11:29:12] 
--- CYCLE 3 ---
[2026-02-03 11:29:13] Balance: $121.04 | Available: $71.04 | Daily PnL: $0.00
[2026-02-03 11:29:14] Scanning 100 markets...
[2026-02-03 11:29:14] Next cycle in 60 seconds...
[2026-02-03 11:30:14] 
--- CYCLE 4 ---
[2026-02-03 11:30:15] Balance: $121.04 | Available: $71.04 | Daily PnL: $0.00
[2026-02-03 11:30:16] Scanning 100 markets...
[2026-02-03 11:30:16] Next cycle in 60 seconds...
[2026-02-03 11:31:16] 
--- CYCLE 5 ---
[2026-02-03 11:31:17] Balance: $121.04 | Available: $71.04 | Daily PnL: $0.00
[2026-02-03 11:31:18] Scanning 100 markets...
[2026-02-03 11:31:18] Next cycle in 60 seconds...
[2026-02-03 11:32:18] 
--- CYCLE 6 ---
[2026-02-03 11:32:19] Balance: $121.04 | Available: $71.04 | Daily PnL: $0.00
[2026-02-03 11:32:20] Scanning 100 markets...
[2026-02-03 11:32:20] Next cycle in 60 seconds...
[2026-02-03 11:33:20] 
--- CYCLE 7 ---
[2026-02-03 11:33:21] Balance: $121.04 | Available: $71.04 | Daily PnL: $0.00
[2026-02-03 11:33:22] Scanning 100 markets...
[2026-02-03 11:33:22] Next cycle in 60 seconds...
[2026-02-03 11:34:22] 
--- CYCLE 8 ---
[2026-02-03 11:34:23] Balance: $121.04 | Available: $71.04 | Daily PnL: $0.00
[2026-02-03 11:34:24] Scanning 100 markets...
[2026-02-03 11:34:24] Next cycle in 60 seconds...
[2026-02-03 11:35:24] 
--- CYCLE 9 ---
[2026-02-03 11:35:25] Balance: $121.04 | Available: $71.04 | Daily PnL: $0.00
[2026-02-03 11:35:26] Scanning 100 markets...
[2026-02-03 11:35:26] Next cycle in 60 seconds...
[2026-02-03 11:36:26] 
--- CYCLE 10 ---
[2026-02-03 11:36:28] Balance: $121.04 | Available: $71.04 | Daily PnL: $0.00
[2026-02-03 11:36:28] Scanning 100 markets...
[2026-02-03 11:36:28] Next cycle in 60 seconds...
[2026-02-03 11:37:28] 
--- CYCLE 11 ---
[2026-02-03 11:37:30] Balance: $121.04 | Available: $71.04 | Daily PnL: $0.00
[2026-02-03 11:37:30] Scanning 100 markets...
[2026-02-03 11:37:30] Next cycle in 60 seconds...
[2026-02-03 11:38:30] 
--- CYCLE 12 ---
[2026-02-03 11:38:32] Balance: $121.04 | Available: $71.04 | Daily PnL: $0.00
[2026-02-03 11:38:33] Scanning 100 markets...
[2026-02-03 11:38:33] Next cycle in 60 seconds...
[2026-02-03 11:39:33] 
--- CYCLE 13 ---
[2026-02-03 11:39:34] Balance: $121.04 | Available: $71.04 | Daily PnL: $0.00
[2026-02-03 11:39:35] Scanning 100 markets...
[2026-02-03 11:39:35] Next cycle in 60 seconds...
[2026-02-03 11:40:35] 
--- CYCLE 14 ---
[2026-02-03 11:40:36] Balance: $121.04 | Available: $71.04 | Daily PnL: $0.00
[2026-02-03 11:40:37] Scanning 100 markets...
[2026-02-03 11:40:37] Next cycle in 60 seconds...
[2026-02-03 11:41:37] 
--- CYCLE 15 ---
[2026-02-03 11:41:38] Balance: $121.04 | Available: $71.04 | Daily PnL: $0.00
[2026-02-03 11:41:39] Scanning 100 markets...
[2026-02-03 11:41:39] Next cycle in 60 seconds...
[2026-02-03 11:42:39] 
--- CYCLE 16 ---
[2026-02-03 11:42:40] Balance: $121.04 | Available: $71.04 | Daily PnL: $0.00
[2026-02-03 11:42:41] Scanning 100 markets...
[2026-02-03 11:42:41] Next cycle in 60 seconds...
[2026-02-03 11:43:41] 
--- CYCLE 17 ---
[2026-02-03 11:43:42] Balance: $121.04 | Available: $71.04 | Daily PnL: $0.00
[2026-02-03 11:43:43] Scanning 100 markets...
[2026-02-03 11:43:43] Next cycle in 60 seconds...
[2026-02-03 11:44:43] 
--- CYCLE 18 ---
[2026-02-03 11:44:44] Balance: $121.04 | Available: $71.04 | Daily PnL: $0.00
[2026-02-03 11:44:45] Scanning 100 markets...
[2026-02-03 11:44:45] Next cycle in 60 seconds...
[2026-02-03 11:45:45] 
--- CYCLE 19 ---
[2026-02-03 11:45:46] Balance: $121.04 | Available: $71.04 | Daily PnL: $0.00
[2026-02-03 11:45:47] Scanning 100 markets...
[2026-02-03 11:45:47] Next cycle in 60 seconds...
[2026-02-03 11:46:47] 
--- CYCLE 20 ---
[2026-02-03 11:46:48] Balance: $121.04 | Available: $71.04 | Daily PnL: $0.00
[2026-02-03 11:46:49] Scanning 100 markets...
[2026-02-03 11:46:49] Next cycle in 60 seconds...
[2026-02-03 11:47:49] 
--- CYCLE 21 ---
[2026-02-03 11:47:50] Balance: $121.04 | Available: $71.04 | Daily PnL: $0.00
[2026-02-03 11:47:51] Scanning 100 markets...
[2026-02-03 11:47:51] Next cycle in 60 seconds...
[2026-02-03 11:48:51] 
--- CYCLE 22 ---
[2026-02-03 11:48:53] Balance: $121.04 | Available: $71.04 | Daily PnL: $0.00
[2026-02-03 11:48:54] Scanning 100 markets...
[2026-02-03 11:48:54] Next cycle in 60 seconds...
[2026-02-03 11:49:54] 
--- CYCLE 23 ---
[2026-02-03 11:49:55] Balance: $121.04 | Available: $71.04 | Daily PnL: $0.00
[2026-02-03 11:49:56] Scanning 100 markets...
[2026-02-03 11:49:56] Next cycle in 60 seconds...
[2026-02-03 11:50:56] 
--- CYCLE 24 ---
[2026-02-03 11:50:58] Balance: $121.04 | Available: $71.04 | Daily PnL: $0.00
[2026-02-03 11:50:58] Scanning 100 markets...
[2026-02-03 11:50:58] Next cycle in 60 seconds...
[2026-02-03 11:51:58] 
--- CYCLE 25 ---
[2026-02-03 11:52:00] Balance: $121.04 | Available: $71.04 | Daily PnL: $0.00
[2026-02-03 11:52:00] Scanning 100 markets...
[2026-02-03 11:52:00] Next cycle in 60 seconds...
[2026-02-03 11:53:00] 
--- CYCLE 26 ---
[2026-02-03 11:53:02] Balance: $121.04 | Available: $71.04 | Daily PnL: $0.00
[2026-02-03 11:53:02] Scanning 100 markets...
[2026-02-03 11:53:02] Next cycle in 60 seconds...
| Daily PnL: $0.00
[2026-02-03 11:53:02] Scanning 100 markets...
[2026-02-03 11:53:02] Next cycle in 60 seconds...
