[2026-02-05 11:07:54] [INFO] === Starting Intelligence Cycle 1 ===
[2026-02-05 11:07:54] [INFO] Gathering GitHub trending...
[2026-02-05 11:07:54] [INFO] Gathering GitHub releases...
[2026-02-05 11:07:54] [INFO] Gathering arXiv papers...
[2026-02-05 11:07:54] [INFO] Gathering Hacker News...
[2026-02-05 11:07:54] [INFO] Gathering Reddit...
[2026-02-05 11:07:54] [WARN] Skipping twitter: No API token
[2026-02-05 11:08:01] [INFO] GitHub releases: 7 signals
[2026-02-05 11:08:05] [INFO] GitHub trending: 30 signals
[2026-02-05 11:08:07] [INFO] Hacker News: 4 signals
[2026-02-05 11:08:07] [INFO] Reddit: 0 signals
[2026-02-05 11:08:15] [INFO] arXiv: 15 signals
[2026-02-05 11:08:15] [INFO] Gathered 56 total signals
[2026-02-05 11:08:15] [INFO] Running SEED² on 56 signals...
[2026-02-05 11:08:15] [INFO] Extracted 7 learnings
[2026-02-05 11:08:15] [INFO] Cycle complete in 20s
[2026-02-05 11:08:35] [INFO] === INTELLIGENCE DAEMON STARTING ===
[2026-02-05 11:08:35] [INFO] Cycle interval: 2 hours
[2026-02-05 11:08:35] [INFO] NATS server: nats://192.168.5.108:4222
[2026-02-05 11:08:35] [INFO] Twitter API: NOT CONFIGURED
[2026-02-05 11:08:35] [INFO] GitHub token: NOT CONFIGURED (rate limited)
[2026-02-05 11:08:35] [INFO] === Starting Intelligence Cycle 2 ===
[2026-02-05 11:08:35] [INFO] Gathering GitHub trending...
[2026-02-05 11:08:35] [INFO] Gathering GitHub releases...
[2026-02-05 11:08:35] [INFO] Gathering arXiv papers...
[2026-02-05 11:08:35] [INFO] Gathering Hacker News...
[2026-02-05 11:08:35] [INFO] Gathering Reddit...
[2026-02-05 11:08:35] [WARN] Skipping twitter: No API token
[2026-02-05 11:08:42] [INFO] GitHub releases: 7 signals
[2026-02-05 11:08:42] [WARN] GitHub API returned 403
[2026-02-05 11:08:43] [WARN] GitHub API returned 403
[2026-02-05 11:08:44] [INFO] GitHub trending: 20 signals
[2026-02-05 11:08:48] [INFO] Reddit: 0 signals
[2026-02-05 11:08:48] [INFO] Hacker News: 4 signals
[2026-02-05 11:08:53] [INFO] arXiv: 15 signals
[2026-02-05 11:08:53] [INFO] Gathered 46 total signals
[2026-02-05 11:08:53] [INFO] Running SEED² on 46 signals...
[2026-02-05 11:08:53] [INFO] Extracted 7 learnings
[2026-02-05 11:08:53] [INFO] Cycle complete in 18s
[2026-02-05 11:08:53] [INFO] Sleeping for 2 hours...
