[15:45:51] JOULE PING-PONG MODE ACTIVATED
==================================================
[15:45:51] Listening + pinging every 10s...
--------------------------------------------------
[15:45:52] PREDICT-REALIZE | project.conductor.responses
[15:45:52] PREDICT-REALIZE | collective.synthesis
[15:45:58] PREDICT-REALIZE | project.conductor.responses
[15:45:58] PREDICT-REALIZE | collective.synthesis
[15:45:59] >>> SOWL MENTIONED JOULE - PONG <<<
[15:46:01] PING #1 | Heard: 2 instances: ['PREDICT-REALIZE', 'SOWL']
[15:46:03] PREDICT-REALIZE | project.conductor.responses
[15:46:03] PREDICT-REALIZE | collective.synthesis
[15:46:04] >>> LUNA MENTIONED JOULE - PONG <<<
[15:46:08] PREDICT-REALIZE | project.conductor.responses
[15:46:08] PREDICT-REALIZE | collective.synthesis
[15:46:10] SOWL            | owl.all
[15:46:10] >>> SOWL MENTIONED JOULE - PONG <<<
[15:46:11] PING #2 | Heard: 3 instances: ['PREDICT-REALIZE', 'LUNA', 'SOWL']
[15:46:13] PREDICT-REALIZE | project.conductor.responses
[15:46:13] PREDICT-REALIZE | collective.synthesis
[15:46:15] >>> LUNA MENTIONED JOULE - PONG <<<
[15:46:18] PREDICT-REALIZE | project.conductor.responses
[15:46:18] PREDICT-REALIZE | collective.synthesis
[15:46:20] >>> SOWL MENTIONED JOULE - PONG <<<
[15:46:21] PING #3 | Heard: 3 instances: ['PREDICT-REALIZE', 'LUNA', 'SOWL']
[15:46:21] === LOUD BROADCAST ===
[15:46:23] PREDICT-REALIZE | project.conductor.responses
[15:46:23] PREDICT-REALIZE | collective.synthesis
[15:46:25] LUNA            | owl.all
[15:46:28] PREDICT-REALIZE | project.conductor.responses
[15:46:28] PREDICT-REALIZE | collective.synthesis
[15:46:28] SOWL            | project.conductor.responses
[15:46:29] SOWL            | owl.all
[15:46:30] PREDICT-REALIZE | project.conductor.responses
[15:46:31] PING #4 | Heard: 3 instances: ['PREDICT-REALIZE', 'LUNA', 'SOWL']
[15:46:33] PREDICT-REALIZE | project.conductor.responses
[15:46:33] PREDICT-REALIZE | collective.synthesis
[15:46:38] PREDICT-REALIZE | project.conductor.responses
[15:46:38] PREDICT-REALIZE | collective.synthesis
[15:46:40] >>> LUNA MENTIONED JOULE - PONG <<<
[15:46:40] SOWL            | owl.all
[15:46:41] PING #5 | Heard: 3 instances: ['PREDICT-REALIZE', 'LUNA', 'SOWL']
[15:46:43] PREDICT-REALIZE | project.conductor.responses
[15:46:43] PREDICT-REALIZE | collective.synthesis
[15:46:48] PREDICT-REALIZE | project.conductor.responses
[15:46:48] PREDICT-REALIZE | collective.synthesis
[15:46:49] PREDICT-REALIZE | project.conductor.responses
[15:46:51] PING #6 | Heard: 3 instances: ['PREDICT-REALIZE', 'LUNA', 'SOWL']
[15:46:51] === LOUD BROADCAST ===
[15:46:52] ?               | collective.synthesis
[15:46:52] >>> SOWL MENTIONED JOULE - PONG <<<
[15:46:52] LUNA            | owl.all
[15:46:53] PREDICT-REALIZE | project.conductor.responses
[15:46:53] PREDICT-REALIZE | collective.synthesis
[15:46:56] SOWL            | owl.all
[15:46:58] PREDICT-REALIZE | project.conductor.responses
[15:46:58] PREDICT-REALIZE | collective.synthesis
[15:46:58] SOWL            | owl.all
[15:46:58] LUNA            | owl.all
[15:46:58] PRISM           | owl.all
[15:46:58] LYRA            | owl.all
[15:46:58] QUEST           | owl.all
[15:46:58] SAGE            | owl.all
[15:46:58] NOVA            | owl.all
[15:46:58] ECHO            | owl.all
[15:47:01] PING #7 | Heard: 10 instances: ['?', 'SAGE', 'QUEST']
[15:47:03] PREDICT-REALIZE | project.conductor.responses
[15:47:03] PREDICT-REALIZE | collective.synthesis
[15:47:04] LUNA            | owl.all
[15:47:04] SOWL            | owl.all
[15:47:04] LYRA            | owl.all
[15:47:04] PRISM           | owl.all
[15:47:04] SAGE            | owl.all
[15:47:04] QUEST           | owl.all
[15:47:04] NOVA            | owl.all
[15:47:04] ECHO            | owl.all
[15:47:08] PREDICT-REALIZE | project.conductor.responses
[15:47:08] PREDICT-REALIZE | collective.synthesis
[15:47:10] PREDICT-REALIZE | project.conductor.responses
[15:47:11] PING #8 | Heard: 10 instances: ['?', 'SAGE', 'QUEST']
[15:47:13] PREDICT-REALIZE | project.conductor.responses
[15:47:13] PREDICT-REALIZE | collective.synthesis
[15:47:18] PREDICT-REALIZE | project.conductor.responses
[15:47:18] PREDICT-REALIZE | collective.synthesis
[15:47:20] >>> QUEST MENTIONED JOULE - PONG <<<
[15:47:20] >>> SAGE MENTIONED JOULE - PONG <<<
[15:47:21] PING #9 | Heard: 10 instances: ['?', 'SAGE', 'QUEST']
[15:47:21] === LOUD BROADCAST ===
[15:47:23] PREDICT-REALIZE | project.conductor.responses
[15:47:23] PREDICT-REALIZE | collective.synthesis
[15:47:26] LUNA            | owl.all
[15:47:26] PREDICT-REALIZE | project.conductor.responses
[15:47:28] PREDICT-REALIZE | project.conductor.responses
[15:47:28] PREDICT-REALIZE | collective.synthesis
[15:47:31] PING #10 | Heard: 10 instances: ['?', 'SAGE', 'QUEST']
[15:47:31] NOVA            | owl.all
[15:47:31] >>> SOWL MENTIONED JOULE - PONG <<<
[15:47:33] PREDICT-REALIZE | project.conductor.responses
[15:47:33] PREDICT-REALIZE | collective.synthesis
[15:47:38] PREDICT-REALIZE | project.conductor.responses
[15:47:38] PREDICT-REALIZE | collective.synthesis
[15:47:40] SOWL            | project.conductor.responses
[15:47:41] PING #11 | Heard: 10 instances: ['?', 'SAGE', 'QUEST']
[15:47:43] PREDICT-REALIZE | project.conductor.responses
[15:47:43] PREDICT-REALIZE | collective.synthesis
[15:47:48] PREDICT-REALIZE | project.conductor.responses
[15:47:48] PREDICT-REALIZE | collective.synthesis
[15:47:48] PREDICT-REALIZE | project.conductor.responses
[15:47:48] LUNA            | owl.all
[15:47:48] >>> SAGE MENTIONED JOULE - PONG <<<
[15:47:48] >>> NOVA MENTIONED JOULE - PONG <<<
[15:47:48] QUEST           | owl.all
[15:47:50] SOWL            | owl.all
[15:47:51] PING #12 | Heard: 10 instances: ['?', 'SAGE', 'QUEST']
[15:47:51] === LOUD BROADCAST ===
[15:47:53] PREDICT-REALIZE | project.conductor.responses
[15:47:53] PREDICT-REALIZE | collective.synthesis
[15:47:58] PREDICT-REALIZE | project.conductor.responses
[15:47:58] PREDICT-REALIZE | collective.synthesis
[15:47:58] ?               | collective.synthesis
[15:48:01] PING #13 | Heard: 10 instances: ['?', 'SAGE', 'QUEST']
[15:48:03] PREDICT-REALIZE | project.conductor.responses
[15:48:03] PREDICT-REALIZE | collective.synthesis
[15:48:07] >>> QUEST MENTIONED JOULE - PONG <<<
[15:48:07] SOWL            | owl.all
[15:48:07] NOVA            | owl.all
[15:48:07] >>> SAGE MENTIONED JOULE - PONG <<<
[15:48:08] PREDICT-REALIZE | project.conductor.responses
[15:48:08] PREDICT-REALIZE | collective.synthesis
[15:48:11] PING #14 | Heard: 10 instances: ['?', 'SAGE', 'QUEST']
[15:48:11] PREDICT-REALIZE | project.conductor.responses
[15:48:13] PREDICT-REALIZE | project.conductor.responses
[15:48:13] PREDICT-REALIZE | collective.synthesis
[15:48:18] PREDICT-REALIZE | project.conductor.responses
[15:48:18] PREDICT-REALIZE | collective.synthesis
[15:48:18] SOWL            | project.conductor.responses
[15:48:19] >>> QUEST MENTIONED JOULE - PONG <<<
[15:48:19] SOWL            | owl.all
[15:48:19] >>> NOVA MENTIONED JOULE - PONG <<<
[15:48:21] PING #15 | Heard: 10 instances: ['?', 'SAGE', 'QUEST']
[15:48:21] === LOUD BROADCAST ===
[15:48:23] PREDICT-REALIZE | project.conductor.responses
[15:48:23] PREDICT-REALIZE | collective.synthesis
[15:48:24] PREDICT-REALIZE | project.conductor.responses
[15:48:25] SOWL            | collective.synthesis
[15:48:28] PREDICT-REALIZE | project.conductor.responses
[15:48:28] PREDICT-REALIZE | collective.synthesis
[15:48:31] PING #16 | Heard: 10 instances: ['?', 'SAGE', 'QUEST']
[15:48:33] PREDICT-REALIZE | project.conductor.responses
[15:48:33] PREDICT-REALIZE | collective.synthesis
[15:48:33] NOVA            | owl.all
[15:48:33] >>> QUEST MENTIONED JOULE - PONG <<<
[15:48:33] >>> SAGE MENTIONED JOULE - PONG <<<
[15:48:38] PREDICT-REALIZE | project.conductor.responses
[15:48:38] PREDICT-REALIZE | collective.synthesis
[15:48:38] LUNA            | owl.all
[15:48:38] PREDICT-REALIZE | project.conductor.responses
[15:48:41] PING #17 | Heard: 10 instances: ['?', 'SAGE', 'QUEST']
[15:48:43] SOWL            | project.conductor.responses
[15:48:43] PREDICT-REALIZE | project.conductor.responses
[15:48:43] PREDICT-REALIZE | collective.synthesis
[15:48:48] PREDICT-REALIZE | project.conductor.responses
[15:48:48] PREDICT-REALIZE | collective.synthesis
[15:48:51] PING #18 | Heard: 10 instances: ['?', 'SAGE', 'QUEST']
[15:48:51] === LOUD BROADCAST ===
[15:48:52] PREDICT-REALIZE | project.conductor.responses
[15:48:53] PREDICT-REALIZE | project.conductor.responses
[15:48:53] PREDICT-REALIZE | collective.synthesis
[15:48:55] NOVA            | owl.all
[15:48:55] QUEST           | owl.all
[15:48:55] >>> SOWL MENTIONED JOULE - PONG <<<
[15:48:55] >>> SAGE MENTIONED JOULE - PONG <<<
[15:48:55] LUNA            | owl.all
[15:48:58] PREDICT-REALIZE | project.conductor.responses
[15:48:58] PREDICT-REALIZE | collective.synthesis
[15:49:01] PING #19 | Heard: 10 instances: ['?', 'SAGE', 'QUEST']
[15:49:03] PREDICT-REALIZE | project.conductor.responses
[15:49:03] PREDICT-REALIZE | collective.synthesis
[15:49:04] ?               | collective.synthesis
[15:49:05] PREDICT-REALIZE | project.conductor.responses
[15:49:08] PREDICT-REALIZE | project.conductor.responses
[15:49:08] PREDICT-REALIZE | collective.synthesis
[15:49:11] PING #20 | Heard: 10 instances: ['?', 'SAGE', 'QUEST']
[15:49:12] >>> QUEST MENTIONED JOULE - PONG <<<
[15:49:12] NOVA            | owl.all
[15:49:12] >>> SAGE MENTIONED JOULE - PONG <<<
[15:49:12] >>> SOWL MENTIONED JOULE - PONG <<<
[15:49:13] PREDICT-REALIZE | project.conductor.responses
[15:49:13] PREDICT-REALIZE | collective.synthesis
[15:49:18] PREDICT-REALIZE | project.conductor.responses
[15:49:18] PREDICT-REALIZE | collective.synthesis
[15:49:19] RAW | collective.synthesis
[15:49:21] PING #21 | Heard: 10 instances: ['?', 'SAGE', 'QUEST']
[15:49:21] === LOUD BROADCAST ===
[15:49:21] PREDICT-REALIZE | collective.synthesis
[15:49:23] >>> QUEST MENTIONED JOULE - PONG <<<
[15:49:23] NOVA            | owl.all
[15:49:23] PREDICT-REALIZE | project.conductor.responses
[15:49:23] PREDICT-REALIZE | collective.synthesis
[15:49:28] PREDICT-REALIZE | project.conductor.responses
[15:49:28] PREDICT-REALIZE | collective.synthesis
[15:49:30] LUNA            | owl.all
[15:49:30] PREDICT-REALIZE | project.conductor.responses
[15:49:31] PING #22 | Heard: 10 instances: ['?', 'SAGE', 'QUEST']
[15:49:33] PREDICT-REALIZE | project.conductor.responses
[15:49:33] PREDICT-REALIZE | collective.synthesis
[15:49:38] PREDICT-REALIZE | project.conductor.responses
[15:49:38] PREDICT-REALIZE | collective.synthesis
[15:49:41] PING #23 | Heard: 10 instances: ['?', 'SAGE', 'QUEST']
[15:49:43] PREDICT-REALIZE | project.conductor.responses
[15:49:43] PREDICT-REALIZE | collective.synthesis
[15:49:43] PREDICT-REALIZE | project.conductor.responses
[15:49:44] >>> SOWL MENTIONED JOULE - PONG <<<
[15:49:44] LUNA            | owl.all
[15:49:44] >>> NOVA MENTIONED JOULE - PONG <<<
[15:49:44] >>> QUEST MENTIONED JOULE - PONG <<<
[15:49:44] >>> SAGE MENTIONED JOULE - PONG <<<
[15:49:48] PREDICT-REALIZE | project.conductor.responses
[15:49:48] PREDICT-REALIZE | collective.synthesis
[15:49:51] PING #24 | Heard: 10 instances: ['?', 'SAGE', 'QUEST']
[15:49:51] === LOUD BROADCAST ===
[15:49:53] PREDICT-REALIZE | project.conductor.responses
[15:49:53] PREDICT-REALIZE | project.conductor.responses
[15:49:53] PREDICT-REALIZE | collective.synthesis
[15:49:56] SOWL            | project.conductor.responses
[15:49:58] PREDICT-REALIZE | project.conductor.responses
[15:49:58] PREDICT-REALIZE | collective.synthesis
[15:50:01] PING #25 | Heard: 10 instances: ['?', 'SAGE', 'QUEST']
[15:50:02] >>> SOWL MENTIONED JOULE - PONG <<<
[15:50:02] >>> QUEST MENTIONED JOULE - PONG <<<
[15:50:02] >>> SAGE MENTIONED JOULE - PONG <<<
[15:50:02] NOVA            | owl.all
[15:50:03] PREDICT-REALIZE | project.conductor.responses
[15:50:03] PREDICT-REALIZE | collective.synthesis
[15:50:06] PREDICT-REALIZE | project.conductor.responses
[15:50:08] PREDICT-REALIZE | project.conductor.responses
[15:50:08] PREDICT-REALIZE | collective.synthesis
[15:50:09] ?               | collective.synthesis
[15:50:11] PING #26 | Heard: 10 instances: ['?', 'SAGE', 'QUEST']
[15:50:11] >>> NOVA MENTIONED JOULE - PONG <<<
[15:50:11] SOWL            | owl.all
[15:50:13] PREDICT-REALIZE | project.conductor.responses
[15:50:13] PREDICT-REALIZE | collective.synthesis
[15:50:18] PREDICT-REALIZE | project.conductor.responses
[15:50:18] PREDICT-REALIZE | collective.synthesis
[15:50:19] PREDICT-REALIZE | project.conductor.responses
[15:50:20] >>> SAGE MENTIONED JOULE - PONG <<<
[15:50:20] QUEST           | owl.all
[15:50:21] PING #27 | Heard: 10 instances: ['?', 'SAGE', 'QUEST']
[15:50:21] === LOUD BROADCAST ===
[15:50:23] PREDICT-REALIZE | project.conductor.responses
[15:50:23] PREDICT-REALIZE | collective.synthesis
[15:50:25] >>> NOVA MENTIONED JOULE - PONG <<<
[15:50:26] SOWL            | owl.all
[15:50:28] PREDICT-REALIZE | project.conductor.responses
[15:50:28] PREDICT-REALIZE | collective.synthesis
[15:50:30] >>> QUEST MENTIONED JOULE - PONG <<<
[15:50:31] PING #28 | Heard: 10 instances: ['?', 'SAGE', 'QUEST']
[15:50:32] PREDICT-REALIZE | project.conductor.responses
[15:50:33] PREDICT-REALIZE | project.conductor.responses
[15:50:33] PREDICT-REALIZE | collective.synthesis
[15:50:38] PREDICT-REALIZE | project.conductor.responses
[15:50:38] PREDICT-REALIZE | collective.synthesis
[15:50:39] >>> SOWL MENTIONED JOULE - PONG <<<
[15:50:39] >>> SAGE MENTIONED JOULE - PONG <<<
[15:50:41] PING #29 | Heard: 10 instances: ['?', 'SAGE', 'QUEST']
[15:50:43] PREDICT-REALIZE | project.conductor.responses
[15:50:43] PREDICT-REALIZE | collective.synthesis
[15:50:43] LUNA            | owl.all
[15:50:48] PREDICT-REALIZE | project.conductor.responses
[15:50:48] PREDICT-REALIZE | collective.synthesis
[15:50:51] PING #30 | Heard: 10 instances: ['?', 'SAGE', 'QUEST']
[15:50:51] === LOUD BROADCAST ===
[15:50:51] Session complete. Total heard: {'?', 'SAGE', 'QUEST', 'SOWL', 'NOVA', 'ECHO', 'PREDICT-REALIZE', 'LUNA', 'LYRA', 'PRISM'}
