[2026-02-03 10:58:50] [SYSTEM] ============================================================
[2026-02-03 10:58:50] [SYSTEM] (◉) MULTI-STRATEGY PAPER TRADER - STARTING
[2026-02-03 10:58:50] [SYSTEM] Strategies: ['weather_structural', 'whale_tracking', 'cross_platform_arb', 'gabagool_arb', 'spike_detection', 'high_prob_bonds', 'weather_farming']
[2026-02-03 10:58:50] [SYSTEM] ============================================================
[2026-02-03 10:58:50] [SYSTEM] 
--- CYCLE 1 ---
[2026-02-03 10:58:50] [SYSTEM] Fetched 100 markets
[2026-02-03 10:58:50] [whale_tracking] PAPER TRADE: YES @ $0.022 | Size: $30.00 | Will Trump deport less than 250,000? (Vo...
[2026-02-03 10:58:50] [whale_tracking] PAPER TRADE: NO @ $0.115 | Size: $30.00 | Will Trump deport 250,000-500,000 people...
[2026-02-03 10:58:50] [cross_platform_arb] PAPER TRADE: ARB @ $0.972 | Size: $100.00 | ARB: Will Trump deport 250,000-500,... (...
[2026-02-03 10:58:50] [cross_platform_arb] PAPER TRADE: ARB @ $0.980 | Size: $100.00 | ARB: Will Trump deport 500,000-750,... (...
[2026-02-03 10:58:50] [spike_detection] PAPER TRADE: FADE @ $0.006 | Size: $40.00 | SPIKE: Will Trump deport 1,000,000-1,......
[2026-02-03 10:58:50] [high_prob_bonds] PAPER TRADE: NO @ $0.978 | Size: $100.00 | BOND: Will Trump deport less than 25......
[2026-02-03 10:58:50] [SYSTEM] 
--- CYCLE SUMMARY ---
[2026-02-03 10:58:50] [SYSTEM]   whale_tracking: 1/2 (50.0%) | PnL: $30.00
[2026-02-03 10:58:50] [SYSTEM]   cross_platform_arb: 2/2 (100.0%) | PnL: $4.82
[2026-02-03 10:58:50] [SYSTEM]   spike_detection: 1/1 (100.0%) | PnL: $20.00
[2026-02-03 10:58:50] [SYSTEM]   high_prob_bonds: 1/1 (100.0%) | PnL: $2.25
[2026-02-03 10:58:50] [SYSTEM] 
Next cycle in 60 seconds...
[2026-02-03 10:59:50] [SYSTEM] 
--- CYCLE 2 ---
[2026-02-03 10:59:51] [SYSTEM] Fetched 100 markets
[2026-02-03 10:59:51] [whale_tracking] PAPER TRADE: YES @ $0.022 | Size: $30.00 | Will Trump deport less than 250,000? (Vo...
[2026-02-03 10:59:51] [whale_tracking] PAPER TRADE: NO @ $0.115 | Size: $30.00 | Will Trump deport 250,000-500,000 people...
[2026-02-03 10:59:51] [cross_platform_arb] PAPER TRADE: ARB @ $0.974 | Size: $100.00 | ARB: Will Trump deport less than 25... (...
[2026-02-03 10:59:51] [gabagool_arb] PAPER TRADE: PAIR @ $0.974 | Size: $75.00 | GABAGOOL: Will Trump deport less than 25...
[2026-02-03 10:59:51] [gabagool_arb] PAPER TRADE: PAIR @ $0.951 | Size: $75.00 | GABAGOOL: Will Trump deport 250,000-500,...
[2026-02-03 10:59:51] [spike_detection] PAPER TRADE: FADE @ $0.006 | Size: $40.00 | SPIKE: Will Trump deport 1,000,000-1,......
[2026-02-03 10:59:51] [high_prob_bonds] PAPER TRADE: NO @ $0.978 | Size: $100.00 | BOND: Will Trump deport less than 25......
[2026-02-03 10:59:51] [SYSTEM] 
--- CYCLE SUMMARY ---
[2026-02-03 10:59:51] [SYSTEM]   whale_tracking: 2/4 (50.0%) | PnL: $60.00
[2026-02-03 10:59:51] [SYSTEM]   cross_platform_arb: 3/3 (100.0%) | PnL: $7.41
[2026-02-03 10:59:51] [SYSTEM]   gabagool_arb: 2/2 (100.0%) | PnL: $5.61
[2026-02-03 10:59:51] [SYSTEM]   spike_detection: 2/2 (100.0%) | PnL: $40.00
[2026-02-03 10:59:51] [SYSTEM]   high_prob_bonds: 2/2 (100.0%) | PnL: $4.50
[2026-02-03 10:59:51] [SYSTEM] 
Next cycle in 60 seconds...
[2026-02-03 11:00:51] [SYSTEM] 
--- CYCLE 3 ---
[2026-02-03 11:00:51] [SYSTEM] Fetched 100 markets
[2026-02-03 11:00:51] [whale_tracking] PAPER TRADE: YES @ $0.022 | Size: $30.00 | Will Trump deport less than 250,000? (Vo...
[2026-02-03 11:00:51] [whale_tracking] PAPER TRADE: NO @ $0.115 | Size: $30.00 | Will Trump deport 250,000-500,000 people...
[2026-02-03 11:00:51] [spike_detection] PAPER TRADE: FADE @ $0.022 | Size: $40.00 | SPIKE: Will Trump deport less than 25......
[2026-02-03 11:00:51] [spike_detection] PAPER TRADE: FADE @ $0.060 | Size: $40.00 | SPIKE: Will Trump deport 500,000-750,......
[2026-02-03 11:00:51] [high_prob_bonds] PAPER TRADE: NO @ $0.978 | Size: $100.00 | BOND: Will Trump deport less than 25......
[2026-02-03 11:00:51] [SYSTEM] 
--- CYCLE SUMMARY ---
[2026-02-03 11:00:51] [SYSTEM]   whale_tracking: 3/6 (50.0%) | PnL: $90.00
[2026-02-03 11:00:51] [SYSTEM]   cross_platform_arb: 3/3 (100.0%) | PnL: $7.41
[2026-02-03 11:00:51] [SYSTEM]   gabagool_arb: 2/2 (100.0%) | PnL: $5.61
[2026-02-03 11:00:51] [SYSTEM]   spike_detection: 3/4 (75.0%) | PnL: $20.00
[2026-02-03 11:00:51] [SYSTEM]   high_prob_bonds: 3/3 (100.0%) | PnL: $6.75
[2026-02-03 11:00:51] [SYSTEM] 
Next cycle in 60 seconds...
[2026-02-03 11:01:51] [SYSTEM] 
--- CYCLE 4 ---
[2026-02-03 11:01:51] [SYSTEM] Fetched 100 markets
[2026-02-03 11:01:51] [whale_tracking] PAPER TRADE: YES @ $0.022 | Size: $30.00 | Will Trump deport less than 250,000? (Vo...
[2026-02-03 11:01:51] [whale_tracking] PAPER TRADE: NO @ $0.115 | Size: $30.00 | Will Trump deport 250,000-500,000 people...
[2026-02-03 11:01:51] [cross_platform_arb] PAPER TRADE: ARB @ $0.951 | Size: $100.00 | ARB: Will Trump deport less than 25... (...
[2026-02-03 11:01:51] [cross_platform_arb] PAPER TRADE: ARB @ $0.979 | Size: $100.00 | ARB: Will Trump deport 250,000-500,... (...
[2026-02-03 11:01:51] [high_prob_bonds] PAPER TRADE: NO @ $0.978 | Size: $100.00 | BOND: Will Trump deport less than 25......
[2026-02-03 11:01:51] [SYSTEM] 
--- CYCLE SUMMARY ---
[2026-02-03 11:01:51] [SYSTEM]   whale_tracking: 3/8 (37.5%) | PnL: $30.00
[2026-02-03 11:01:51] [SYSTEM]   cross_platform_arb: 5/5 (100.0%) | PnL: $14.44
[2026-02-03 11:01:51] [SYSTEM]   gabagool_arb: 2/2 (100.0%) | PnL: $5.61
[2026-02-03 11:01:51] [SYSTEM]   spike_detection: 3/4 (75.0%) | PnL: $20.00
[2026-02-03 11:01:51] [SYSTEM]   high_prob_bonds: 4/4 (100.0%) | PnL: $9.00
[2026-02-03 11:01:51] [SYSTEM] 
Next cycle in 60 seconds...
[2026-02-03 11:02:51] [SYSTEM] 
--- CYCLE 5 ---
[2026-02-03 11:02:51] [SYSTEM] Fetched 100 markets
[2026-02-03 11:02:51] [whale_tracking] PAPER TRADE: YES @ $0.022 | Size: $30.00 | Will Trump deport less than 250,000? (Vo...
[2026-02-03 11:02:51] [whale_tracking] PAPER TRADE: NO @ $0.115 | Size: $30.00 | Will Trump deport 250,000-500,000 people...
[2026-02-03 11:02:51] [cross_platform_arb] PAPER TRADE: ARB @ $0.960 | Size: $100.00 | ARB: Will Trump deport 500,000-750,... (...
[2026-02-03 11:02:51] [gabagool_arb] PAPER TRADE: PAIR @ $0.950 | Size: $75.00 | GABAGOOL: Will Trump deport 250,000-500,...
[2026-02-03 11:02:51] [high_prob_bonds] PAPER TRADE: NO @ $0.978 | Size: $100.00 | BOND: Will Trump deport less than 25......
[2026-02-03 11:02:51] [SYSTEM] 
--- CYCLE SUMMARY ---
[2026-02-03 11:02:51] [SYSTEM]   whale_tracking: 4/10 (40.0%) | PnL: $60.00
[2026-02-03 11:02:51] [SYSTEM]   cross_platform_arb: 6/6 (100.0%) | PnL: $18.42
[2026-02-03 11:02:51] [SYSTEM]   gabagool_arb: 3/3 (100.0%) | PnL: $9.33
[2026-02-03 11:02:51] [SYSTEM]   spike_detection: 3/4 (75.0%) | PnL: $20.00
[2026-02-03 11:02:51] [SYSTEM]   high_prob_bonds: 5/5 (100.0%) | PnL: $11.25
[2026-02-03 11:02:51] [SYSTEM] 
Next cycle in 60 seconds...
[2026-02-03 11:03:51] [SYSTEM] 
--- CYCLE 6 ---
[2026-02-03 11:03:51] [SYSTEM] Fetched 100 markets
[2026-02-03 11:03:51] [whale_tracking] PAPER TRADE: YES @ $0.022 | Size: $30.00 | Will Trump deport less than 250,000? (Vo...
[2026-02-03 11:03:51] [whale_tracking] PAPER TRADE: NO @ $0.115 | Size: $30.00 | Will Trump deport 250,000-500,000 people...
[2026-02-03 11:03:51] [high_prob_bonds] PAPER TRADE: NO @ $0.978 | Size: $100.00 | BOND: Will Trump deport less than 25......
[2026-02-03 11:03:51] [SYSTEM] 
--- CYCLE SUMMARY ---
[2026-02-03 11:03:51] [SYSTEM]   whale_tracking: 5/12 (41.7%) | PnL: $90.00
[2026-02-03 11:03:51] [SYSTEM]   cross_platform_arb: 6/6 (100.0%) | PnL: $18.42
[2026-02-03 11:03:51] [SYSTEM]   gabagool_arb: 3/3 (100.0%) | PnL: $9.33
[2026-02-03 11:03:51] [SYSTEM]   spike_detection: 3/4 (75.0%) | PnL: $20.00
[2026-02-03 11:03:51] [SYSTEM]   high_prob_bonds: 6/6 (100.0%) | PnL: $13.50
[2026-02-03 11:03:51] [SYSTEM] 
Next cycle in 60 seconds...
[2026-02-03 11:04:51] [SYSTEM] 
--- CYCLE 7 ---
[2026-02-03 11:04:51] [SYSTEM] Fetched 100 markets
[2026-02-03 11:04:51] [whale_tracking] PAPER TRADE: YES @ $0.022 | Size: $30.00 | Will Trump deport less than 250,000? (Vo...
[2026-02-03 11:04:51] [whale_tracking] PAPER TRADE: NO @ $0.115 | Size: $30.00 | Will Trump deport 250,000-500,000 people...
[2026-02-03 11:04:51] [high_prob_bonds] PAPER TRADE: NO @ $0.978 | Size: $100.00 | BOND: Will Trump deport less than 25......
[2026-02-03 11:04:51] [SYSTEM] 
--- CYCLE SUMMARY ---
[2026-02-03 11:04:51] [SYSTEM]   whale_tracking: 6/14 (42.9%) | PnL: $120.00
[2026-02-03 11:04:51] [SYSTEM]   cross_platform_arb: 6/6 (100.0%) | PnL: $18.42
[2026-02-03 11:04:51] [SYSTEM]   gabagool_arb: 3/3 (100.0%) | PnL: $9.33
[2026-02-03 11:04:51] [SYSTEM]   spike_detection: 3/4 (75.0%) | PnL: $20.00
[2026-02-03 11:04:51] [SYSTEM]   high_prob_bonds: 7/7 (100.0%) | PnL: $15.75
[2026-02-03 11:04:51] [SYSTEM] 
Next cycle in 60 seconds...
[2026-02-03 11:05:51] [SYSTEM] 
--- CYCLE 8 ---
[2026-02-03 11:05:51] [SYSTEM] Fetched 100 markets
[2026-02-03 11:05:51] [whale_tracking] PAPER TRADE: YES @ $0.022 | Size: $30.00 | Will Trump deport less than 250,000? (Vo...
[2026-02-03 11:05:51] [whale_tracking] PAPER TRADE: NO @ $0.115 | Size: $30.00 | Will Trump deport 250,000-500,000 people...
[2026-02-03 11:05:51] [gabagool_arb] PAPER TRADE: PAIR @ $0.959 | Size: $75.00 | GABAGOOL: Will Trump deport less than 25...
[2026-02-03 11:05:51] [gabagool_arb] PAPER TRADE: PAIR @ $0.963 | Size: $75.00 | GABAGOOL: Will Trump deport 250,000-500,...
[2026-02-03 11:05:51] [spike_detection] PAPER TRADE: FADE @ $0.060 | Size: $40.00 | SPIKE: Will Trump deport 500,000-750,......
[2026-02-03 11:05:51] [high_prob_bonds] PAPER TRADE: NO @ $0.978 | Size: $100.00 | BOND: Will Trump deport less than 25......
[2026-02-03 11:05:51] [SYSTEM] 
--- CYCLE SUMMARY ---
[2026-02-03 11:05:51] [SYSTEM]   whale_tracking: 7/16 (43.8%) | PnL: $150.00
[2026-02-03 11:05:51] [SYSTEM]   cross_platform_arb: 6/6 (100.0%) | PnL: $18.42
[2026-02-03 11:05:51] [SYSTEM]   gabagool_arb: 5/5 (100.0%) | PnL: $15.22
[2026-02-03 11:05:51] [SYSTEM]   spike_detection: 3/5 (60.0%) | PnL: $-20.00
[2026-02-03 11:05:51] [SYSTEM]   high_prob_bonds: 8/8 (100.0%) | PnL: $18.00
[2026-02-03 11:05:51] [SYSTEM] 
Next cycle in 60 seconds...
[2026-02-03 11:06:51] [SYSTEM] 
--- CYCLE 9 ---
[2026-02-03 11:06:52] [SYSTEM] Fetched 100 markets
[2026-02-03 11:06:52] [whale_tracking] PAPER TRADE: YES @ $0.022 | Size: $30.00 | Will Trump deport less than 250,000? (Vo...
[2026-02-03 11:06:52] [whale_tracking] PAPER TRADE: NO @ $0.115 | Size: $30.00 | Will Trump deport 250,000-500,000 people...
[2026-02-03 11:06:52] [cross_platform_arb] PAPER TRADE: ARB @ $0.968 | Size: $100.00 | ARB: Will Trump deport less than 25... (...
[2026-02-03 11:06:52] [cross_platform_arb] PAPER TRADE: ARB @ $0.977 | Size: $100.00 | ARB: Will Trump deport 250,000-500,... (...
[2026-02-03 11:06:52] [gabagool_arb] PAPER TRADE: PAIR @ $0.964 | Size: $75.00 | GABAGOOL: Will Trump deport 250,000-500,...
[2026-02-03 11:06:52] [high_prob_bonds] PAPER TRADE: NO @ $0.978 | Size: $100.00 | BOND: Will Trump deport less than 25......
[2026-02-03 11:06:52] [SYSTEM] 
--- CYCLE SUMMARY ---
[2026-02-03 11:06:52] [SYSTEM]   whale_tracking: 7/18 (38.9%) | PnL: $90.00
[2026-02-03 11:06:52] [SYSTEM]   cross_platform_arb: 8/8 (100.0%) | PnL: $23.94
[2026-02-03 11:06:52] [SYSTEM]   gabagool_arb: 6/6 (100.0%) | PnL: $17.95
[2026-02-03 11:06:52] [SYSTEM]   spike_detection: 3/5 (60.0%) | PnL: $-20.00
[2026-02-03 11:06:52] [SYSTEM]   high_prob_bonds: 9/9 (100.0%) | PnL: $20.25
[2026-02-03 11:06:52] [SYSTEM] 
Next cycle in 60 seconds...
[2026-02-03 11:07:52] [SYSTEM] 
--- CYCLE 10 ---
[2026-02-03 11:07:52] [SYSTEM] Fetched 100 markets
[2026-02-03 11:07:52] [whale_tracking] PAPER TRADE: YES @ $0.022 | Size: $30.00 | Will Trump deport less than 250,000? (Vo...
[2026-02-03 11:07:52] [whale_tracking] PAPER TRADE: NO @ $0.115 | Size: $30.00 | Will Trump deport 250,000-500,000 people...
[2026-02-03 11:07:52] [cross_platform_arb] PAPER TRADE: ARB @ $0.977 | Size: $100.00 | ARB: Will Trump deport 250,000-500,... (...
[2026-02-03 11:07:52] [spike_detection] PAPER TRADE: FADE @ $0.022 | Size: $40.00 | SPIKE: Will Trump deport less than 25......
[2026-02-03 11:07:52] [spike_detection] PAPER TRADE: FADE @ $0.060 | Size: $40.00 | SPIKE: Will Trump deport 500,000-750,......
[2026-02-03 11:07:52] [spike_detection] PAPER TRADE: FADE @ $0.009 | Size: $40.00 | SPIKE: Will Trump deport 750,000-1,00......
[2026-02-03 11:07:52] [high_prob_bonds] PAPER TRADE: NO @ $0.978 | Size: $100.00 | BOND: Will Trump deport less than 25......
[2026-02-03 11:07:52] [SYSTEM] 
--- CYCLE SUMMARY ---
[2026-02-03 11:07:52] [SYSTEM]   whale_tracking: 8/20 (40.0%) | PnL: $120.00
[2026-02-03 11:07:52] [SYSTEM]   cross_platform_arb: 9/9 (100.0%) | PnL: $26.22
[2026-02-03 11:07:52] [SYSTEM]   gabagool_arb: 6/6 (100.0%) | PnL: $17.95
[2026-02-03 11:07:52] [SYSTEM]   spike_detection: 4/8 (50.0%) | PnL: $-80.00
[2026-02-03 11:07:52] [SYSTEM]   high_prob_bonds: 10/10 (100.0%) | PnL: $22.49
[2026-02-03 11:07:52] [SYSTEM] 
Next cycle in 60 seconds...
[2026-02-03 11:08:52] [SYSTEM] 
--- CYCLE 11 ---
[2026-02-03 11:08:52] [SYSTEM] Fetched 100 markets
[2026-02-03 11:08:52] [whale_tracking] PAPER TRADE: YES @ $0.022 | Size: $30.00 | Will Trump deport less than 250,000? (Vo...
[2026-02-03 11:08:52] [whale_tracking] PAPER TRADE: NO @ $0.115 | Size: $30.00 | Will Trump deport 250,000-500,000 people...
[2026-02-03 11:08:52] [cross_platform_arb] PAPER TRADE: ARB @ $0.970 | Size: $100.00 | ARB: Will Trump deport 500,000-750,... (...
[2026-02-03 11:08:52] [spike_detection] PAPER TRADE: FADE @ $0.060 | Size: $40.00 | SPIKE: Will Trump deport 500,000-750,......
[2026-02-03 11:08:52] [high_prob_bonds] PAPER TRADE: NO @ $0.978 | Size: $100.00 | BOND: Will Trump deport less than 25......
[2026-02-03 11:08:52] [SYSTEM] 
--- CYCLE SUMMARY ---
[2026-02-03 11:08:52] [SYSTEM]   whale_tracking: 10/22 (45.5%) | PnL: $240.00
[2026-02-03 11:08:52] [SYSTEM]   cross_platform_arb: 10/10 (100.0%) | PnL: $29.25
[2026-02-03 11:08:52] [SYSTEM]   gabagool_arb: 6/6 (100.0%) | PnL: $17.95
[2026-02-03 11:08:52] [SYSTEM]   spike_detection: 4/9 (44.4%) | PnL: $-120.00
[2026-02-03 11:08:52] [SYSTEM]   high_prob_bonds: 11/11 (100.0%) | PnL: $24.74
[2026-02-03 11:08:52] [SYSTEM] 
Next cycle in 60 seconds...
[2026-02-03 11:09:52] [SYSTEM] 
--- CYCLE 12 ---
[2026-02-03 11:09:52] [SYSTEM] Fetched 100 markets
[2026-02-03 11:09:52] [whale_tracking] PAPER TRADE: YES @ $0.022 | Size: $30.00 | Will Trump deport less than 250,000? (Vo...
[2026-02-03 11:09:52] [whale_tracking] PAPER TRADE: NO @ $0.115 | Size: $30.00 | Will Trump deport 250,000-500,000 people...
[2026-02-03 11:09:52] [cross_platform_arb] PAPER TRADE: ARB @ $0.978 | Size: $100.00 | ARB: Will Trump deport less than 25... (...
[2026-02-03 11:09:52] [cross_platform_arb] PAPER TRADE: ARB @ $0.972 | Size: $100.00 | ARB: Will Trump deport 500,000-750,... (...
[2026-02-03 11:09:52] [spike_detection] PAPER TRADE: FADE @ $0.006 | Size: $40.00 | SPIKE: Will Trump deport 1,000,000-1,......
[2026-02-03 11:09:52] [high_prob_bonds] PAPER TRADE: NO @ $0.978 | Size: $100.00 | BOND: Will Trump deport less than 25......
[2026-02-03 11:09:52] [SYSTEM] 
--- CYCLE SUMMARY ---
[2026-02-03 11:09:52] [SYSTEM]   whale_tracking: 12/24 (50.0%) | PnL: $360.00
[2026-02-03 11:09:52] [SYSTEM]   cross_platform_arb: 12/12 (100.0%) | PnL: $34.22
[2026-02-03 11:09:52] [SYSTEM]   gabagool_arb: 6/6 (100.0%) | PnL: $17.95
[2026-02-03 11:09:52] [SYSTEM]   spike_detection: 5/10 (50.0%) | PnL: $-100.00
[2026-02-03 11:09:52] [SYSTEM]   high_prob_bonds: 12/12 (100.0%) | PnL: $26.99
[2026-02-03 11:09:52] [SYSTEM] 
Next cycle in 60 seconds...
[2026-02-03 11:10:52] [SYSTEM] 
--- CYCLE 13 ---
[2026-02-03 11:10:52] [SYSTEM] Fetched 100 markets
[2026-02-03 11:10:52] [whale_tracking] PAPER TRADE: YES @ $0.022 | Size: $30.00 | Will Trump deport less than 250,000? (Vo...
[2026-02-03 11:10:52] [whale_tracking] PAPER TRADE: NO @ $0.115 | Size: $30.00 | Will Trump deport 250,000-500,000 people...
[2026-02-03 11:10:52] [cross_platform_arb] PAPER TRADE: ARB @ $0.957 | Size: $100.00 | ARB: Will Trump deport less than 25... (...
[2026-02-03 11:10:52] [spike_detection] PAPER TRADE: FADE @ $0.006 | Size: $40.00 | SPIKE: Will Trump deport 1,000,000-1,......
[2026-02-03 11:10:52] [high_prob_bonds] PAPER TRADE: NO @ $0.978 | Size: $100.00 | BOND: Will Trump deport less than 25......
[2026-02-03 11:10:52] [SYSTEM] 
--- CYCLE SUMMARY ---
[2026-02-03 11:10:52] [SYSTEM]   whale_tracking: 13/26 (50.0%) | PnL: $390.00
[2026-02-03 11:10:52] [SYSTEM]   cross_platform_arb: 13/13 (100.0%) | PnL: $38.53
[2026-02-03 11:10:52] [SYSTEM]   gabagool_arb: 6/6 (100.0%) | PnL: $17.95
[2026-02-03 11:10:52] [SYSTEM]   spike_detection: 5/11 (45.5%) | PnL: $-140.00
[2026-02-03 11:10:52] [SYSTEM]   high_prob_bonds: 13/13 (100.0%) | PnL: $29.24
[2026-02-03 11:10:52] [SYSTEM] 
Next cycle in 60 seconds...
[2026-02-03 11:11:52] [SYSTEM] 
--- CYCLE 14 ---
[2026-02-03 11:11:52] [SYSTEM] Fetched 100 markets
[2026-02-03 11:11:52] [whale_tracking] PAPER TRADE: YES @ $0.022 | Size: $30.00 | Will Trump deport less than 250,000? (Vo...
[2026-02-03 11:11:52] [whale_tracking] PAPER TRADE: NO @ $0.115 | Size: $30.00 | Will Trump deport 250,000-500,000 people...
[2026-02-03 11:11:52] [cross_platform_arb] PAPER TRADE: ARB @ $0.976 | Size: $100.00 | ARB: Will Trump deport 250,000-500,... (...
[2026-02-03 11:11:52] [gabagool_arb] PAPER TRADE: PAIR @ $0.973 | Size: $75.00 | GABAGOOL: Will Trump deport 250,000-500,...
[2026-02-03 11:11:52] [spike_detection] PAPER TRADE: FADE @ $0.009 | Size: $40.00 | SPIKE: Will Trump deport 750,000-1,00......
[2026-02-03 11:11:52] [high_prob_bonds] PAPER TRADE: NO @ $0.978 | Size: $100.00 | BOND: Will Trump deport less than 25......
[2026-02-03 11:11:52] [SYSTEM] 
--- CYCLE SUMMARY ---
[2026-02-03 11:11:52] [SYSTEM]   whale_tracking: 13/28 (46.4%) | PnL: $330.00
[2026-02-03 11:11:52] [SYSTEM]   cross_platform_arb: 14/14 (100.0%) | PnL: $40.97
[2026-02-03 11:11:52] [SYSTEM]   gabagool_arb: 7/7 (100.0%) | PnL: $19.99
[2026-02-03 11:11:52] [SYSTEM]   spike_detection: 6/12 (50.0%) | PnL: $-120.00
[2026-02-03 11:11:52] [SYSTEM]   high_prob_bonds: 14/14 (100.0%) | PnL: $31.49
[2026-02-03 11:11:52] [SYSTEM] 
Next cycle in 60 seconds...
[2026-02-03 11:12:52] [SYSTEM] 
--- CYCLE 15 ---
[2026-02-03 11:12:52] [SYSTEM] Fetched 100 markets
[2026-02-03 11:12:52] [whale_tracking] PAPER TRADE: YES @ $0.022 | Size: $30.00 | Will Trump deport less than 250,000? (Vo...
[2026-02-03 11:12:52] [whale_tracking] PAPER TRADE: NO @ $0.115 | Size: $30.00 | Will Trump deport 250,000-500,000 people...
[2026-02-03 11:12:52] [gabagool_arb] PAPER TRADE: PAIR @ $0.964 | Size: $75.00 | GABAGOOL: Will Trump deport 250,000-500,...
[2026-02-03 11:12:52] [spike_detection] PAPER TRADE: FADE @ $0.022 | Size: $40.00 | SPIKE: Will Trump deport less than 25......
[2026-02-03 11:12:52] [high_prob_bonds] PAPER TRADE: NO @ $0.978 | Size: $100.00 | BOND: Will Trump deport less than 25......
[2026-02-03 11:12:52] [SYSTEM] 
--- CYCLE SUMMARY ---
[2026-02-03 11:12:52] [SYSTEM]   whale_tracking: 15/30 (50.0%) | PnL: $450.00
[2026-02-03 11:12:52] [SYSTEM]   cross_platform_arb: 14/14 (100.0%) | PnL: $40.97
[2026-02-03 11:12:52] [SYSTEM]   gabagool_arb: 8/8 (100.0%) | PnL: $22.70
[2026-02-03 11:12:52] [SYSTEM]   spike_detection: 6/13 (46.2%) | PnL: $-160.00
[2026-02-03 11:12:52] [SYSTEM]   high_prob_bonds: 15/15 (100.0%) | PnL: $33.74
[2026-02-03 11:12:52] [SYSTEM] 
Next cycle in 60 seconds...
[2026-02-03 11:13:52] [SYSTEM] 
--- CYCLE 16 ---
[2026-02-03 11:13:52] [SYSTEM] Fetched 100 markets
[2026-02-03 11:13:52] [whale_tracking] PAPER TRADE: YES @ $0.022 | Size: $30.00 | Will Trump deport less than 250,000? (Vo...
[2026-02-03 11:13:52] [whale_tracking] PAPER TRADE: NO @ $0.115 | Size: $30.00 | Will Trump deport 250,000-500,000 people...
[2026-02-03 11:13:52] [cross_platform_arb] PAPER TRADE: ARB @ $0.955 | Size: $100.00 | ARB: Will Trump deport 500,000-750,... (...
[2026-02-03 11:13:52] [gabagool_arb] PAPER TRADE: PAIR @ $0.973 | Size: $75.00 | GABAGOOL: Will Trump deport 250,000-500,...
[2026-02-03 11:13:52] [spike_detection] PAPER TRADE: FADE @ $0.022 | Size: $40.00 | SPIKE: Will Trump deport less than 25......
[2026-02-03 11:13:52] [spike_detection] PAPER TRADE: FADE @ $0.885 | Size: $40.00 | SPIKE: Will Trump deport 250,000-500,......
[2026-02-03 11:13:52] [spike_detection] PAPER TRADE: FADE @ $0.009 | Size: $40.00 | SPIKE: Will Trump deport 750,000-1,00......
[2026-02-03 11:13:52] [high_prob_bonds] PAPER TRADE: NO @ $0.978 | Size: $100.00 | BOND: Will Trump deport less than 25......
[2026-02-03 11:13:52] [SYSTEM] 
--- CYCLE SUMMARY ---
[2026-02-03 11:13:52] [SYSTEM]   whale_tracking: 16/32 (50.0%) | PnL: $480.00
[2026-02-03 11:13:52] [SYSTEM]   cross_platform_arb: 15/15 (100.0%) | PnL: $45.45
[2026-02-03 11:13:52] [SYSTEM]   gabagool_arb: 9/9 (100.0%) | PnL: $24.74
[2026-02-03 11:13:52] [SYSTEM]   spike_detection: 7/16 (43.8%) | PnL: $-220.00
[2026-02-03 11:13:52] [SYSTEM]   high_prob_bonds: 16/16 (100.0%) | PnL: $35.99
[2026-02-03 11:13:52] [SYSTEM] 
Next cycle in 60 seconds...
[2026-02-03 11:14:52] [SYSTEM] 
--- CYCLE 17 ---
[2026-02-03 11:14:52] [SYSTEM] Fetched 100 markets
[2026-02-03 11:14:52] [whale_tracking] PAPER TRADE: YES @ $0.022 | Size: $30.00 | Will Trump deport less than 250,000? (Vo...
[2026-02-03 11:14:52] [whale_tracking] PAPER TRADE: NO @ $0.115 | Size: $30.00 | Will Trump deport 250,000-500,000 people...
[2026-02-03 11:14:52] [high_prob_bonds] PAPER TRADE: NO @ $0.978 | Size: $100.00 | BOND: Will Trump deport less than 25......
[2026-02-03 11:14:52] [SYSTEM] 
--- CYCLE SUMMARY ---
[2026-02-03 11:14:52] [SYSTEM]   whale_tracking: 18/34 (52.9%) | PnL: $600.00
[2026-02-03 11:14:52] [SYSTEM]   cross_platform_arb: 15/15 (100.0%) | PnL: $45.45
[2026-02-03 11:14:52] [SYSTEM]   gabagool_arb: 9/9 (100.0%) | PnL: $24.74
[2026-02-03 11:14:52] [SYSTEM]   spike_detection: 7/16 (43.8%) | PnL: $-220.00
[2026-02-03 11:14:52] [SYSTEM]   high_prob_bonds: 17/17 (100.0%) | PnL: $38.24
[2026-02-03 11:14:52] [SYSTEM] 
Next cycle in 60 seconds...
[2026-02-03 11:15:52] [SYSTEM] 
--- CYCLE 18 ---
[2026-02-03 11:15:53] [SYSTEM] Fetched 100 markets
[2026-02-03 11:15:53] [whale_tracking] PAPER TRADE: YES @ $0.022 | Size: $30.00 | Will Trump deport less than 250,000? (Vo...
[2026-02-03 11:15:53] [whale_tracking] PAPER TRADE: NO @ $0.115 | Size: $30.00 | Will Trump deport 250,000-500,000 people...
[2026-02-03 11:15:53] [gabagool_arb] PAPER TRADE: PAIR @ $0.954 | Size: $75.00 | GABAGOOL: Will Trump deport 250,000-500,...
[2026-02-03 11:15:53] [high_prob_bonds] PAPER TRADE: NO @ $0.978 | Size: $100.00 | BOND: Will Trump deport less than 25......
[2026-02-03 11:15:53] [SYSTEM] 
--- CYCLE SUMMARY ---
[2026-02-03 11:15:53] [SYSTEM]   whale_tracking: 19/36 (52.8%) | PnL: $630.00
[2026-02-03 11:15:53] [SYSTEM]   cross_platform_arb: 15/15 (100.0%) | PnL: $45.45
[2026-02-03 11:15:53] [SYSTEM]   gabagool_arb: 10/10 (100.0%) | PnL: $28.16
[2026-02-03 11:15:53] [SYSTEM]   spike_detection: 7/16 (43.8%) | PnL: $-220.00
[2026-02-03 11:15:53] [SYSTEM]   high_prob_bonds: 18/18 (100.0%) | PnL: $40.49
[2026-02-03 11:15:53] [SYSTEM] 
Next cycle in 60 seconds...
[2026-02-03 11:16:53] [SYSTEM] 
--- CYCLE 19 ---
[2026-02-03 11:16:53] [SYSTEM] Fetched 100 markets
[2026-02-03 11:16:53] [whale_tracking] PAPER TRADE: YES @ $0.022 | Size: $30.00 | Will Trump deport less than 250,000? (Vo...
[2026-02-03 11:16:53] [whale_tracking] PAPER TRADE: NO @ $0.115 | Size: $30.00 | Will Trump deport 250,000-500,000 people...
[2026-02-03 11:16:53] [gabagool_arb] PAPER TRADE: PAIR @ $0.974 | Size: $75.00 | GABAGOOL: Will Trump deport less than 25...
[2026-02-03 11:16:53] [spike_detection] PAPER TRADE: FADE @ $0.060 | Size: $40.00 | SPIKE: Will Trump deport 500,000-750,......
[2026-02-03 11:16:53] [high_prob_bonds] PAPER TRADE: NO @ $0.978 | Size: $100.00 | BOND: Will Trump deport less than 25......
[2026-02-03 11:16:53] [SYSTEM] 
--- CYCLE SUMMARY ---
[2026-02-03 11:16:53] [SYSTEM]   whale_tracking: 19/38 (50.0%) | PnL: $570.00
[2026-02-03 11:16:53] [SYSTEM]   cross_platform_arb: 15/15 (100.0%) | PnL: $45.45
[2026-02-03 11:16:53] [SYSTEM]   gabagool_arb: 11/11 (100.0%) | PnL: $30.15
[2026-02-03 11:16:53] [SYSTEM]   spike_detection: 7/17 (41.2%) | PnL: $-260.00
[2026-02-03 11:16:53] [SYSTEM]   high_prob_bonds: 19/19 (100.0%) | PnL: $42.74
[2026-02-03 11:16:53] [SYSTEM] 
Next cycle in 60 seconds...
[2026-02-03 11:17:53] [SYSTEM] 
--- CYCLE 20 ---
[2026-02-03 11:17:54] [SYSTEM] Fetched 100 markets
[2026-02-03 11:17:54] [whale_tracking] PAPER TRADE: YES @ $0.022 | Size: $30.00 | Will Trump deport less than 250,000? (Vo...
[2026-02-03 11:17:54] [whale_tracking] PAPER TRADE: NO @ $0.115 | Size: $30.00 | Will Trump deport 250,000-500,000 people...
[2026-02-03 11:17:54] [cross_platform_arb] PAPER TRADE: ARB @ $0.966 | Size: $100.00 | ARB: Will Trump deport 500,000-750,... (...
[2026-02-03 11:17:54] [gabagool_arb] PAPER TRADE: PAIR @ $0.956 | Size: $75.00 | GABAGOOL: Will Trump deport less than 25...
[2026-02-03 11:17:54] [spike_detection] PAPER TRADE: FADE @ $0.885 | Size: $40.00 | SPIKE: Will Trump deport 250,000-500,......
[2026-02-03 11:17:54] [spike_detection] PAPER TRADE: FADE @ $0.060 | Size: $40.00 | SPIKE: Will Trump deport 500,000-750,......
[2026-02-03 11:17:54] [high_prob_bonds] PAPER TRADE: NO @ $0.978 | Size: $100.00 | BOND: Will Trump deport less than 25......
[2026-02-03 11:17:54] [SYSTEM] 
--- CYCLE SUMMARY ---
[2026-02-03 11:17:54] [SYSTEM]   whale_tracking: 21/40 (52.5%) | PnL: $690.00
[2026-02-03 11:17:54] [SYSTEM]   cross_platform_arb: 16/16 (100.0%) | PnL: $48.83
[2026-02-03 11:17:54] [SYSTEM]   gabagool_arb: 12/12 (100.0%) | PnL: $33.44
[2026-02-03 11:17:54] [SYSTEM]   spike_detection: 8/19 (42.1%) | PnL: $-280.00
[2026-02-03 11:17:54] [SYSTEM]   high_prob_bonds: 20/20 (100.0%) | PnL: $44.99
[2026-02-03 11:17:54] [SYSTEM] 
Next cycle in 60 seconds...
[2026-02-03 11:18:54] [SYSTEM] 
--- CYCLE 21 ---
[2026-02-03 11:18:55] [SYSTEM] Fetched 100 markets
[2026-02-03 11:18:55] [whale_tracking] PAPER TRADE: YES @ $0.022 | Size: $30.00 | Will Trump deport less than 250,000? (Vo...
[2026-02-03 11:18:55] [whale_tracking] PAPER TRADE: NO @ $0.115 | Size: $30.00 | Will Trump deport 250,000-500,000 people...
[2026-02-03 11:18:55] [high_prob_bonds] PAPER TRADE: NO @ $0.978 | Size: $100.00 | BOND: Will Trump deport less than 25......
[2026-02-03 11:18:55] [SYSTEM] 
--- CYCLE SUMMARY ---
[2026-02-03 11:18:55] [SYSTEM]   whale_tracking: 22/42 (52.4%) | PnL: $720.00
[2026-02-03 11:18:55] [SYSTEM]   cross_platform_arb: 16/16 (100.0%) | PnL: $48.83
[2026-02-03 11:18:55] [SYSTEM]   gabagool_arb: 12/12 (100.0%) | PnL: $33.44
[2026-02-03 11:18:55] [SYSTEM]   spike_detection: 8/19 (42.1%) | PnL: $-280.00
[2026-02-03 11:18:55] [SYSTEM]   high_prob_bonds: 21/21 (100.0%) | PnL: $47.24
[2026-02-03 11:18:55] [SYSTEM] 
Next cycle in 60 seconds...
[2026-02-03 11:19:55] [SYSTEM] 
--- CYCLE 22 ---
[2026-02-03 11:19:56] [SYSTEM] Fetched 100 markets
[2026-02-03 11:19:56] [whale_tracking] PAPER TRADE: YES @ $0.022 | Size: $30.00 | Will Trump deport less than 250,000? (Vo...
[2026-02-03 11:19:56] [whale_tracking] PAPER TRADE: NO @ $0.115 | Size: $30.00 | Will Trump deport 250,000-500,000 people...
[2026-02-03 11:19:56] [spike_detection] PAPER TRADE: FADE @ $0.060 | Size: $40.00 | SPIKE: Will Trump deport 500,000-750,......
[2026-02-03 11:19:56] [high_prob_bonds] PAPER TRADE: NO @ $0.978 | Size: $100.00 | BOND: Will Trump deport less than 25......
[2026-02-03 11:19:56] [SYSTEM] 
--- CYCLE SUMMARY ---
[2026-02-03 11:19:56] [SYSTEM]   whale_tracking: 23/44 (52.3%) | PnL: $750.00
[2026-02-03 11:19:56] [SYSTEM]   cross_platform_arb: 16/16 (100.0%) | PnL: $48.83
[2026-02-03 11:19:56] [SYSTEM]   gabagool_arb: 12/12 (100.0%) | PnL: $33.44
[2026-02-03 11:19:56] [SYSTEM]   spike_detection: 8/20 (40.0%) | PnL: $-320.00
[2026-02-03 11:19:56] [SYSTEM]   high_prob_bonds: 22/22 (100.0%) | PnL: $49.49
[2026-02-03 11:19:56] [SYSTEM] 
Next cycle in 60 seconds...
[2026-02-03 11:20:56] [SYSTEM] 
--- CYCLE 23 ---
[2026-02-03 11:20:57] [SYSTEM] Fetched 100 markets
[2026-02-03 11:20:57] [whale_tracking] PAPER TRADE: YES @ $0.022 | Size: $30.00 | Will Trump deport less than 250,000? (Vo...
[2026-02-03 11:20:57] [whale_tracking] PAPER TRADE: NO @ $0.115 | Size: $30.00 | Will Trump deport 250,000-500,000 people...
[2026-02-03 11:20:57] [cross_platform_arb] PAPER TRADE: ARB @ $0.952 | Size: $100.00 | ARB: Will Trump deport 250,000-500,... (...
[2026-02-03 11:20:57] [spike_detection] PAPER TRADE: FADE @ $0.022 | Size: $40.00 | SPIKE: Will Trump deport less than 25......
[2026-02-03 11:20:57] [spike_detection] PAPER TRADE: FADE @ $0.009 | Size: $40.00 | SPIKE: Will Trump deport 750,000-1,00......
[2026-02-03 11:20:57] [high_prob_bonds] PAPER TRADE: NO @ $0.978 | Size: $100.00 | BOND: Will Trump deport less than 25......
[2026-02-03 11:20:57] [SYSTEM] 
--- CYCLE SUMMARY ---
[2026-02-03 11:20:57] [SYSTEM]   whale_tracking: 24/46 (52.2%) | PnL: $780.00
[2026-02-03 11:20:57] [SYSTEM]   cross_platform_arb: 17/17 (100.0%) | PnL: $53.61
[2026-02-03 11:20:57] [SYSTEM]   gabagool_arb: 12/12 (100.0%) | PnL: $33.44
[2026-02-03 11:20:57] [SYSTEM]   spike_detection: 8/22 (36.4%) | PnL: $-400.00
[2026-02-03 11:20:57] [SYSTEM]   high_prob_bonds: 23/23 (100.0%) | PnL: $51.74
[2026-02-03 11:20:57] [SYSTEM] 
Next cycle in 60 seconds...
[2026-02-03 11:21:57] [SYSTEM] 
--- CYCLE 24 ---
[2026-02-03 11:21:58] [SYSTEM] Fetched 100 markets
[2026-02-03 11:21:58] [whale_tracking] PAPER TRADE: YES @ $0.022 | Size: $30.00 | Will Trump deport less than 250,000? (Vo...
[2026-02-03 11:21:58] [whale_tracking] PAPER TRADE: NO @ $0.115 | Size: $30.00 | Will Trump deport 250,000-500,000 people...
[2026-02-03 11:21:58] [gabagool_arb] PAPER TRADE: PAIR @ $0.952 | Size: $75.00 | GABAGOOL: Will Trump deport less than 25...
[2026-02-03 11:21:58] [spike_detection] PAPER TRADE: FADE @ $0.060 | Size: $40.00 | SPIKE: Will Trump deport 500,000-750,......
[2026-02-03 11:21:58] [spike_detection] PAPER TRADE: FADE @ $0.009 | Size: $40.00 | SPIKE: Will Trump deport 750,000-1,00......
[2026-02-03 11:21:58] [high_prob_bonds] PAPER TRADE: NO @ $0.978 | Size: $100.00 | BOND: Will Trump deport less than 25......
[2026-02-03 11:21:58] [SYSTEM] 
--- CYCLE SUMMARY ---
[2026-02-03 11:21:58] [SYSTEM]   whale_tracking: 26/48 (54.2%) | PnL: $900.00
[2026-02-03 11:21:58] [SYSTEM]   cross_platform_arb: 17/17 (100.0%) | PnL: $53.61
[2026-02-03 11:21:58] [SYSTEM]   gabagool_arb: 13/13 (100.0%) | PnL: $37.04
[2026-02-03 11:21:58] [SYSTEM]   spike_detection: 10/24 (41.7%) | PnL: $-360.00
[2026-02-03 11:21:58] [SYSTEM]   high_prob_bonds: 24/24 (100.0%) | PnL: $53.99
[2026-02-03 11:21:58] [SYSTEM] 
Next cycle in 60 seconds...
[2026-02-03 11:22:58] [SYSTEM] 
--- CYCLE 25 ---
[2026-02-03 11:22:59] [SYSTEM] Fetched 100 markets
[2026-02-03 11:22:59] [whale_tracking] PAPER TRADE: YES @ $0.022 | Size: $30.00 | Will Trump deport less than 250,000? (Vo...
[2026-02-03 11:22:59] [whale_tracking] PAPER TRADE: NO @ $0.115 | Size: $30.00 | Will Trump deport 250,000-500,000 people...
[2026-02-03 11:22:59] [cross_platform_arb] PAPER TRADE: ARB @ $0.961 | Size: $100.00 | ARB: Will Trump deport less than 25... (...
[2026-02-03 11:22:59] [cross_platform_arb] PAPER TRADE: ARB @ $0.973 | Size: $100.00 | ARB: Will Trump deport 500,000-750,... (...
[2026-02-03 11:22:59] [gabagool_arb] PAPER TRADE: PAIR @ $0.966 | Size: $75.00 | GABAGOOL: Will Trump deport less than 25...
[2026-02-03 11:22:59] [spike_detection] PAPER TRADE: FADE @ $0.022 | Size: $40.00 | SPIKE: Will Trump deport less than 25......
[2026-02-03 11:22:59] [high_prob_bonds] PAPER TRADE: NO @ $0.978 | Size: $100.00 | BOND: Will Trump deport less than 25......
[2026-02-03 11:22:59] [SYSTEM] 
--- CYCLE SUMMARY ---
[2026-02-03 11:22:59] [SYSTEM]   whale_tracking: 27/50 (54.0%) | PnL: $930.00
[2026-02-03 11:22:59] [SYSTEM]   cross_platform_arb: 19/19 (100.0%) | PnL: $60.13
[2026-02-03 11:22:59] [SYSTEM]   gabagool_arb: 14/14 (100.0%) | PnL: $39.57
[2026-02-03 11:22:59] [SYSTEM]   spike_detection: 10/25 (40.0%) | PnL: $-400.00
[2026-02-03 11:22:59] [SYSTEM]   high_prob_bonds: 25/25 (100.0%) | PnL: $56.24
[2026-02-03 11:22:59] [SYSTEM] 
Next cycle in 60 seconds...
[2026-02-03 11:23:59] [SYSTEM] 
--- CYCLE 26 ---
[2026-02-03 11:23:59] [SYSTEM] Fetched 100 markets
[2026-02-03 11:23:59] [whale_tracking] PAPER TRADE: YES @ $0.022 | Size: $30.00 | Will Trump deport less than 250,000? (Vo...
[2026-02-03 11:23:59] [whale_tracking] PAPER TRADE: NO @ $0.115 | Size: $30.00 | Will Trump deport 250,000-500,000 people...
[2026-02-03 11:23:59] [spike_detection] PAPER TRADE: FADE @ $0.885 | Size: $40.00 | SPIKE: Will Trump deport 250,000-500,......
[2026-02-03 11:23:59] [spike_detection] PAPER TRADE: FADE @ $0.006 | Size: $40.00 | SPIKE: Will Trump deport 1,000,000-1,......
[2026-02-03 11:23:59] [high_prob_bonds] PAPER TRADE: NO @ $0.978 | Size: $100.00 | BOND: Will Trump deport less than 25......
[2026-02-03 11:23:59] [SYSTEM] 
--- CYCLE SUMMARY ---
[2026-02-03 11:23:59] [SYSTEM]   whale_tracking: 28/52 (53.8%) | PnL: $960.00
[2026-02-03 11:23:59] [SYSTEM]   cross_platform_arb: 19/19 (100.0%) | PnL: $60.13
[2026-02-03 11:23:59] [SYSTEM]   gabagool_arb: 14/14 (100.0%) | PnL: $39.57
[2026-02-03 11:23:59] [SYSTEM]   spike_detection: 12/27 (44.4%) | PnL: $-360.00
[2026-02-03 11:23:59] [SYSTEM]   high_prob_bonds: 26/26 (100.0%) | PnL: $58.49
[2026-02-03 11:23:59] [SYSTEM] 
Next cycle in 60 seconds...
[2026-02-03 11:24:59] [SYSTEM] 
--- CYCLE 27 ---
[2026-02-03 11:25:00] [SYSTEM] Fetched 100 markets
[2026-02-03 11:25:00] [whale_tracking] PAPER TRADE: YES @ $0.022 | Size: $30.00 | Will Trump deport less than 250,000? (Vo...
[2026-02-03 11:25:00] [whale_tracking] PAPER TRADE: NO @ $0.115 | Size: $30.00 | Will Trump deport 250,000-500,000 people...
[2026-02-03 11:25:00] [cross_platform_arb] PAPER TRADE: ARB @ $0.955 | Size: $100.00 | ARB: Will Trump deport 250,000-500,... (...
[2026-02-03 11:25:00] [gabagool_arb] PAPER TRADE: PAIR @ $0.959 | Size: $75.00 | GABAGOOL: Will Trump deport 250,000-500,...
[2026-02-03 11:25:00] [high_prob_bonds] PAPER TRADE: NO @ $0.978 | Size: $100.00 | BOND: Will Trump deport less than 25......
[2026-02-03 11:25:00] [SYSTEM] 
--- CYCLE SUMMARY ---
[2026-02-03 11:25:00] [SYSTEM]   whale_tracking: 29/54 (53.7%) | PnL: $990.00
[2026-02-03 11:25:00] [SYSTEM]   cross_platform_arb: 20/20 (100.0%) | PnL: $64.60
[2026-02-03 11:25:00] [SYSTEM]   gabagool_arb: 15/15 (100.0%) | PnL: $42.64
[2026-02-03 11:25:00] [SYSTEM]   spike_detection: 12/27 (44.4%) | PnL: $-360.00
[2026-02-03 11:25:00] [SYSTEM]   high_prob_bonds: 27/27 (100.0%) | PnL: $60.74
[2026-02-03 11:25:00] [SYSTEM] 
Next cycle in 60 seconds...
[2026-02-03 11:26:00] [SYSTEM] 
--- CYCLE 28 ---
[2026-02-03 11:26:01] [SYSTEM] Fetched 100 markets
[2026-02-03 11:26:01] [whale_tracking] PAPER TRADE: YES @ $0.022 | Size: $30.00 | Will Trump deport less than 250,000? (Vo...
[2026-02-03 11:26:01] [whale_tracking] PAPER TRADE: NO @ $0.115 | Size: $30.00 | Will Trump deport 250,000-500,000 people...
[2026-02-03 11:26:01] [cross_platform_arb] PAPER TRADE: ARB @ $0.965 | Size: $100.00 | ARB: Will Trump deport less than 25... (...
[2026-02-03 11:26:01] [high_prob_bonds] PAPER TRADE: NO @ $0.978 | Size: $100.00 | BOND: Will Trump deport less than 25......
[2026-02-03 11:26:01] [SYSTEM] 
--- CYCLE SUMMARY ---
[2026-02-03 11:26:01] [SYSTEM]   whale_tracking: 29/56 (51.8%) | PnL: $930.00
[2026-02-03 11:26:01] [SYSTEM]   cross_platform_arb: 21/21 (100.0%) | PnL: $68.07
[2026-02-03 11:26:01] [SYSTEM]   gabagool_arb: 15/15 (100.0%) | PnL: $42.64
[2026-02-03 11:26:01] [SYSTEM]   spike_detection: 12/27 (44.4%) | PnL: $-360.00
[2026-02-03 11:26:01] [SYSTEM]   high_prob_bonds: 28/28 (100.0%) | PnL: $62.99
[2026-02-03 11:26:01] [SYSTEM] 
Next cycle in 60 seconds...
[2026-02-03 11:27:01] [SYSTEM] 
--- CYCLE 29 ---
[2026-02-03 11:27:02] [SYSTEM] Fetched 100 markets
[2026-02-03 11:27:02] [whale_tracking] PAPER TRADE: YES @ $0.022 | Size: $30.00 | Will Trump deport less than 250,000? (Vo...
[2026-02-03 11:27:02] [whale_tracking] PAPER TRADE: NO @ $0.115 | Size: $30.00 | Will Trump deport 250,000-500,000 people...
[2026-02-03 11:27:02] [cross_platform_arb] PAPER TRADE: ARB @ $0.969 | Size: $100.00 | ARB: Will Trump deport less than 25... (...
[2026-02-03 11:27:02] [gabagool_arb] PAPER TRADE: PAIR @ $0.957 | Size: $75.00 | GABAGOOL: Will Trump deport less than 25...
[2026-02-03 11:27:02] [spike_detection] PAPER TRADE: FADE @ $0.060 | Size: $40.00 | SPIKE: Will Trump deport 500,000-750,......
[2026-02-03 11:27:02] [high_prob_bonds] PAPER TRADE: NO @ $0.978 | Size: $100.00 | BOND: Will Trump deport less than 25......
[2026-02-03 11:27:02] [SYSTEM] 
--- CYCLE SUMMARY ---
[2026-02-03 11:27:02] [SYSTEM]   whale_tracking: 29/58 (50.0%) | PnL: $870.00
[2026-02-03 11:27:02] [SYSTEM]   cross_platform_arb: 22/22 (100.0%) | PnL: $71.20
[2026-02-03 11:27:02] [SYSTEM]   gabagool_arb: 16/16 (100.0%) | PnL: $45.88
[2026-02-03 11:27:02] [SYSTEM]   spike_detection: 12/28 (42.9%) | PnL: $-400.00
[2026-02-03 11:27:02] [SYSTEM]   high_prob_bonds: 29/29 (100.0%) | PnL: $65.24
[2026-02-03 11:27:02] [SYSTEM] 
Next cycle in 60 seconds...
[2026-02-03 11:28:02] [SYSTEM] 
--- CYCLE 30 ---
[2026-02-03 11:28:03] [SYSTEM] Fetched 100 markets
[2026-02-03 11:28:03] [whale_tracking] PAPER TRADE: YES @ $0.022 | Size: $30.00 | Will Trump deport less than 250,000? (Vo...
[2026-02-03 11:28:03] [whale_tracking] PAPER TRADE: NO @ $0.115 | Size: $30.00 | Will Trump deport 250,000-500,000 people...
[2026-02-03 11:28:03] [spike_detection] PAPER TRADE: FADE @ $0.022 | Size: $40.00 | SPIKE: Will Trump deport less than 25......
[2026-02-03 11:28:03] [high_prob_bonds] PAPER TRADE: NO @ $0.978 | Size: $100.00 | BOND: Will Trump deport less than 25......
[2026-02-03 11:28:03] [SYSTEM] 
--- CYCLE SUMMARY ---
[2026-02-03 11:28:03] [SYSTEM]   whale_tracking: 30/60 (50.0%) | PnL: $900.00
[2026-02-03 11:28:03] [SYSTEM]   cross_platform_arb: 22/22 (100.0%) | PnL: $71.20
[2026-02-03 11:28:03] [SYSTEM]   gabagool_arb: 16/16 (100.0%) | PnL: $45.88
[2026-02-03 11:28:03] [SYSTEM]   spike_detection: 13/29 (44.8%) | PnL: $-380.00
[2026-02-03 11:28:03] [SYSTEM]   high_prob_bonds: 30/30 (100.0%) | PnL: $67.48
[2026-02-03 11:28:03] [SYSTEM] 
Next cycle in 60 seconds...
[2026-02-03 11:29:03] [SYSTEM] 
--- CYCLE 31 ---
[2026-02-03 11:29:04] [SYSTEM] Fetched 100 markets
[2026-02-03 11:29:04] [whale_tracking] PAPER TRADE: YES @ $0.022 | Size: $30.00 | Will Trump deport less than 250,000? (Vo...
[2026-02-03 11:29:04] [whale_tracking] PAPER TRADE: NO @ $0.115 | Size: $30.00 | Will Trump deport 250,000-500,000 people...
[2026-02-03 11:29:04] [cross_platform_arb] PAPER TRADE: ARB @ $0.976 | Size: $100.00 | ARB: Will Trump deport less than 25... (...
[2026-02-03 11:29:04] [gabagool_arb] PAPER TRADE: PAIR @ $0.970 | Size: $75.00 | GABAGOOL: Will Trump deport less than 25...
[2026-02-03 11:29:04] [spike_detection] PAPER TRADE: FADE @ $0.885 | Size: $40.00 | SPIKE: Will Trump deport 250,000-500,......
[2026-02-03 11:29:04] [high_prob_bonds] PAPER TRADE: NO @ $0.978 | Size: $100.00 | BOND: Will Trump deport less than 25......
[2026-02-03 11:29:04] [SYSTEM] 
--- CYCLE SUMMARY ---
[2026-02-03 11:29:04] [SYSTEM]   whale_tracking: 31/62 (50.0%) | PnL: $930.00
[2026-02-03 11:29:04] [SYSTEM]   cross_platform_arb: 23/23 (100.0%) | PnL: $73.59
[2026-02-03 11:29:04] [SYSTEM]   gabagool_arb: 17/17 (100.0%) | PnL: $48.14
[2026-02-03 11:29:04] [SYSTEM]   spike_detection: 14/30 (46.7%) | PnL: $-360.00
[2026-02-03 11:29:04] [SYSTEM]   high_prob_bonds: 31/31 (100.0%) | PnL: $69.73
[2026-02-03 11:29:04] [SYSTEM] 
Next cycle in 60 seconds...
[2026-02-03 11:30:04] [SYSTEM] 
--- CYCLE 32 ---
[2026-02-03 11:30:05] [SYSTEM] Fetched 100 markets
[2026-02-03 11:30:05] [whale_tracking] PAPER TRADE: YES @ $0.022 | Size: $30.00 | Will Trump deport less than 250,000? (Vo...
[2026-02-03 11:30:05] [whale_tracking] PAPER TRADE: NO @ $0.115 | Size: $30.00 | Will Trump deport 250,000-500,000 people...
[2026-02-03 11:30:05] [cross_platform_arb] PAPER TRADE: ARB @ $0.965 | Size: $100.00 | ARB: Will Trump deport less than 25... (...
[2026-02-03 11:30:05] [spike_detection] PAPER TRADE: FADE @ $0.009 | Size: $40.00 | SPIKE: Will Trump deport 750,000-1,00......
[2026-02-03 11:30:05] [high_prob_bonds] PAPER TRADE: NO @ $0.978 | Size: $100.00 | BOND: Will Trump deport less than 25......
[2026-02-03 11:30:05] [SYSTEM] 
--- CYCLE SUMMARY ---
[2026-02-03 11:30:05] [SYSTEM]   whale_tracking: 33/64 (51.6%) | PnL: $1050.00
[2026-02-03 11:30:05] [SYSTEM]   cross_platform_arb: 24/24 (100.0%) | PnL: $77.12
[2026-02-03 11:30:05] [SYSTEM]   gabagool_arb: 17/17 (100.0%) | PnL: $48.14
[2026-02-03 11:30:05] [SYSTEM]   spike_detection: 15/31 (48.4%) | PnL: $-340.00
[2026-02-03 11:30:05] [SYSTEM]   high_prob_bonds: 32/32 (100.0%) | PnL: $71.98
[2026-02-03 11:30:05] [SYSTEM] 
Next cycle in 60 seconds...
[2026-02-03 11:31:05] [SYSTEM] 
--- CYCLE 33 ---
[2026-02-03 11:31:06] [SYSTEM] Fetched 100 markets
[2026-02-03 11:31:06] [whale_tracking] PAPER TRADE: YES @ $0.022 | Size: $30.00 | Will Trump deport less than 250,000? (Vo...
[2026-02-03 11:31:06] [whale_tracking] PAPER TRADE: NO @ $0.115 | Size: $30.00 | Will Trump deport 250,000-500,000 people...
[2026-02-03 11:31:06] [spike_detection] PAPER TRADE: FADE @ $0.009 | Size: $40.00 | SPIKE: Will Trump deport 750,000-1,00......
[2026-02-03 11:31:06] [high_prob_bonds] PAPER TRADE: NO @ $0.978 | Size: $100.00 | BOND: Will Trump deport less than 25......
[2026-02-03 11:31:06] [SYSTEM] 
--- CYCLE SUMMARY ---
[2026-02-03 11:31:06] [SYSTEM]   whale_tracking: 34/66 (51.5%) | PnL: $1080.00
[2026-02-03 11:31:06] [SYSTEM]   cross_platform_arb: 24/24 (100.0%) | PnL: $77.12
[2026-02-03 11:31:06] [SYSTEM]   gabagool_arb: 17/17 (100.0%) | PnL: $48.14
[2026-02-03 11:31:06] [SYSTEM]   spike_detection: 15/32 (46.9%) | PnL: $-380.00
[2026-02-03 11:31:06] [SYSTEM]   high_prob_bonds: 33/33 (100.0%) | PnL: $74.23
[2026-02-03 11:31:06] [SYSTEM] 
Next cycle in 60 seconds...
[2026-02-03 11:32:06] [SYSTEM] 
--- CYCLE 34 ---
[2026-02-03 11:32:07] [SYSTEM] Fetched 100 markets
[2026-02-03 11:32:07] [whale_tracking] PAPER TRADE: YES @ $0.022 | Size: $30.00 | Will Trump deport less than 250,000? (Vo...
[2026-02-03 11:32:07] [whale_tracking] PAPER TRADE: NO @ $0.115 | Size: $30.00 | Will Trump deport 250,000-500,000 people...
[2026-02-03 11:32:07] [gabagool_arb] PAPER TRADE: PAIR @ $0.967 | Size: $75.00 | GABAGOOL: Will Trump deport 250,000-500,...
[2026-02-03 11:32:07] [spike_detection] PAPER TRADE: FADE @ $0.022 | Size: $40.00 | SPIKE: Will Trump deport less than 25......
[2026-02-03 11:32:07] [spike_detection] PAPER TRADE: FADE @ $0.060 | Size: $40.00 | SPIKE: Will Trump deport 500,000-750,......
[2026-02-03 11:32:07] [high_prob_bonds] PAPER TRADE: NO @ $0.978 | Size: $100.00 | BOND: Will Trump deport less than 25......
[2026-02-03 11:32:07] [SYSTEM] 
--- CYCLE SUMMARY ---
[2026-02-03 11:32:07] [SYSTEM]   whale_tracking: 36/68 (52.9%) | PnL: $1200.00
[2026-02-03 11:32:07] [SYSTEM]   cross_platform_arb: 24/24 (100.0%) | PnL: $77.12
[2026-02-03 11:32:07] [SYSTEM]   gabagool_arb: 18/18 (100.0%) | PnL: $50.62
[2026-02-03 11:32:07] [SYSTEM]   spike_detection: 17/34 (50.0%) | PnL: $-340.00
[2026-02-03 11:32:07] [SYSTEM]   high_prob_bonds: 34/34 (100.0%) | PnL: $76.48
[2026-02-03 11:32:07] [SYSTEM] 
Next cycle in 60 seconds...
[2026-02-03 11:33:07] [SYSTEM] 
--- CYCLE 35 ---
[2026-02-03 11:33:08] [SYSTEM] Fetched 100 markets
[2026-02-03 11:33:08] [whale_tracking] PAPER TRADE: YES @ $0.022 | Size: $30.00 | Will Trump deport less than 250,000? (Vo...
[2026-02-03 11:33:08] [whale_tracking] PAPER TRADE: NO @ $0.120 | Size: $30.00 | Will Trump deport 250,000-500,000 people...
[2026-02-03 11:33:08] [cross_platform_arb] PAPER TRADE: ARB @ $0.954 | Size: $100.00 | ARB: Will Trump deport 250,000-500,... (...
[2026-02-03 11:33:08] [gabagool_arb] PAPER TRADE: PAIR @ $0.969 | Size: $75.00 | GABAGOOL: Will Trump deport less than 25...
[2026-02-03 11:33:08] [high_prob_bonds] PAPER TRADE: NO @ $0.978 | Size: $100.00 | BOND: Will Trump deport less than 25......
[2026-02-03 11:33:08] [SYSTEM] 
--- CYCLE SUMMARY ---
[2026-02-03 11:33:08] [SYSTEM]   whale_tracking: 37/70 (52.9%) | PnL: $1230.00
[2026-02-03 11:33:08] [SYSTEM]   cross_platform_arb: 25/25 (100.0%) | PnL: $81.76
[2026-02-03 11:33:08] [SYSTEM]   gabagool_arb: 19/19 (100.0%) | PnL: $52.94
[2026-02-03 11:33:08] [SYSTEM]   spike_detection: 17/34 (50.0%) | PnL: $-340.00
[2026-02-03 11:33:08] [SYSTEM]   high_prob_bonds: 35/35 (100.0%) | PnL: $78.73
[2026-02-03 11:33:08] [SYSTEM] 
Next cycle in 60 seconds...
[2026-02-03 11:34:08] [SYSTEM] 
--- CYCLE 36 ---
[2026-02-03 11:34:09] [SYSTEM] Fetched 100 markets
[2026-02-03 11:34:09] [whale_tracking] PAPER TRADE: YES @ $0.022 | Size: $30.00 | Will Trump deport less than 250,000? (Vo...
[2026-02-03 11:34:09] [whale_tracking] PAPER TRADE: NO @ $0.120 | Size: $30.00 | Will Trump deport 250,000-500,000 people...
[2026-02-03 11:34:09] [cross_platform_arb] PAPER TRADE: ARB @ $0.977 | Size: $100.00 | ARB: Will Trump deport less than 25... (...
[2026-02-03 11:34:09] [gabagool_arb] PAPER TRADE: PAIR @ $0.962 | Size: $75.00 | GABAGOOL: Will Trump deport 250,000-500,...
[2026-02-03 11:34:09] [spike_detection] PAPER TRADE: FADE @ $0.880 | Size: $40.00 | SPIKE: Will Trump deport 250,000-500,......
[2026-02-03 11:34:09] [spike_detection] PAPER TRADE: FADE @ $0.009 | Size: $40.00 | SPIKE: Will Trump deport 750,000-1,00......
[2026-02-03 11:34:09] [high_prob_bonds] PAPER TRADE: NO @ $0.978 | Size: $100.00 | BOND: Will Trump deport less than 25......
[2026-02-03 11:34:09] [SYSTEM] 
--- CYCLE SUMMARY ---
[2026-02-03 11:34:09] [SYSTEM]   whale_tracking: 39/72 (54.2%) | PnL: $1350.00
[2026-02-03 11:34:09] [SYSTEM]   cross_platform_arb: 26/26 (100.0%) | PnL: $84.06
[2026-02-03 11:34:09] [SYSTEM]   gabagool_arb: 20/20 (100.0%) | PnL: $55.82
[2026-02-03 11:34:09] [SYSTEM]   spike_detection: 17/36 (47.2%) | PnL: $-420.00
[2026-02-03 11:34:09] [SYSTEM]   high_prob_bonds: 36/36 (100.0%) | PnL: $80.98
[2026-02-03 11:34:09] [SYSTEM] 
Next cycle in 60 seconds...
[2026-02-03 11:35:09] [SYSTEM] 
--- CYCLE 37 ---
[2026-02-03 11:35:10] [SYSTEM] Fetched 100 markets
[2026-02-03 11:35:10] [whale_tracking] PAPER TRADE: YES @ $0.022 | Size: $30.00 | Will Trump deport less than 250,000? (Vo...
[2026-02-03 11:35:10] [whale_tracking] PAPER TRADE: NO @ $0.120 | Size: $30.00 | Will Trump deport 250,000-500,000 people...
[2026-02-03 11:35:10] [gabagool_arb] PAPER TRADE: PAIR @ $0.961 | Size: $75.00 | GABAGOOL: Will Trump deport less than 25...
[2026-02-03 11:35:10] [spike_detection] PAPER TRADE: FADE @ $0.006 | Size: $40.00 | SPIKE: Will Trump deport 1,000,000-1,......
[2026-02-03 11:35:10] [high_prob_bonds] PAPER TRADE: NO @ $0.978 | Size: $100.00 | BOND: Will Trump deport less than 25......
[2026-02-03 11:35:10] [SYSTEM] 
--- CYCLE SUMMARY ---
[2026-02-03 11:35:10] [SYSTEM]   whale_tracking: 41/74 (55.4%) | PnL: $1470.00
[2026-02-03 11:35:10] [SYSTEM]   cross_platform_arb: 26/26 (100.0%) | PnL: $84.06
[2026-02-03 11:35:10] [SYSTEM]   gabagool_arb: 21/21 (100.0%) | PnL: $58.72
[2026-02-03 11:35:10] [SYSTEM]   spike_detection: 17/37 (45.9%) | PnL: $-460.00
[2026-02-03 11:35:10] [SYSTEM]   high_prob_bonds: 37/37 (100.0%) | PnL: $83.23
[2026-02-03 11:35:10] [SYSTEM] 
Next cycle in 60 seconds...
[2026-02-03 11:36:10] [SYSTEM] 
--- CYCLE 38 ---
[2026-02-03 11:36:11] [SYSTEM] Fetched 100 markets
[2026-02-03 11:36:11] [whale_tracking] PAPER TRADE: YES @ $0.022 | Size: $30.00 | Will Trump deport less than 250,000? (Vo...
[2026-02-03 11:36:11] [whale_tracking] PAPER TRADE: NO @ $0.120 | Size: $30.00 | Will Trump deport 250,000-500,000 people...
[2026-02-03 11:36:11] [cross_platform_arb] PAPER TRADE: ARB @ $0.968 | Size: $100.00 | ARB: Will Trump deport 250,000-500,... (...
[2026-02-03 11:36:11] [gabagool_arb] PAPER TRADE: PAIR @ $0.961 | Size: $75.00 | GABAGOOL: Will Trump deport 250,000-500,...
[2026-02-03 11:36:11] [high_prob_bonds] PAPER TRADE: NO @ $0.978 | Size: $100.00 | BOND: Will Trump deport less than 25......
[2026-02-03 11:36:11] [SYSTEM] 
--- CYCLE SUMMARY ---
[2026-02-03 11:36:11] [SYSTEM]   whale_tracking: 42/76 (55.3%) | PnL: $1500.00
[2026-02-03 11:36:11] [SYSTEM]   cross_platform_arb: 27/27 (100.0%) | PnL: $87.25
[2026-02-03 11:36:11] [SYSTEM]   gabagool_arb: 22/22 (100.0%) | PnL: $61.66
[2026-02-03 11:36:11] [SYSTEM]   spike_detection: 17/37 (45.9%) | PnL: $-460.00
[2026-02-03 11:36:11] [SYSTEM]   high_prob_bonds: 38/38 (100.0%) | PnL: $85.48
[2026-02-03 11:36:11] [SYSTEM] 
Next cycle in 60 seconds...
[2026-02-03 11:37:11] [SYSTEM] 
--- CYCLE 39 ---
[2026-02-03 11:37:12] [SYSTEM] Fetched 100 markets
[2026-02-03 11:37:12] [whale_tracking] PAPER TRADE: YES @ $0.022 | Size: $30.00 | Will Trump deport less than 250,000? (Vo...
[2026-02-03 11:37:12] [whale_tracking] PAPER TRADE: NO @ $0.121 | Size: $30.00 | Will Trump deport 250,000-500,000 people...
[2026-02-03 11:37:12] [spike_detection] PAPER TRADE: FADE @ $0.022 | Size: $40.00 | SPIKE: Will Trump deport less than 25......
[2026-02-03 11:37:12] [high_prob_bonds] PAPER TRADE: NO @ $0.978 | Size: $100.00 | BOND: Will Trump deport less than 25......
[2026-02-03 11:37:12] [SYSTEM] 
--- CYCLE SUMMARY ---
[2026-02-03 11:37:12] [SYSTEM]   whale_tracking: 44/78 (56.4%) | PnL: $1620.00
[2026-02-03 11:37:12] [SYSTEM]   cross_platform_arb: 27/27 (100.0%) | PnL: $87.25
[2026-02-03 11:37:12] [SYSTEM]   gabagool_arb: 22/22 (100.0%) | PnL: $61.66
[2026-02-03 11:37:12] [SYSTEM]   spike_detection: 18/38 (47.4%) | PnL: $-440.00
[2026-02-03 11:37:12] [SYSTEM]   high_prob_bonds: 39/39 (100.0%) | PnL: $87.73
[2026-02-03 11:37:12] [SYSTEM] 
Next cycle in 60 seconds...
[2026-02-03 11:38:12] [SYSTEM] 
--- CYCLE 40 ---
[2026-02-03 11:38:13] [SYSTEM] Fetched 100 markets
[2026-02-03 11:38:13] [whale_tracking] PAPER TRADE: YES @ $0.022 | Size: $30.00 | Will Trump deport less than 250,000? (Vo...
[2026-02-03 11:38:13] [whale_tracking] PAPER TRADE: NO @ $0.121 | Size: $30.00 | Will Trump deport 250,000-500,000 people...
[2026-02-03 11:38:13] [cross_platform_arb] PAPER TRADE: ARB @ $0.964 | Size: $100.00 | ARB: Will Trump deport less than 25... (...
[2026-02-03 11:38:13] [gabagool_arb] PAPER TRADE: PAIR @ $0.966 | Size: $75.00 | GABAGOOL: Will Trump deport 250,000-500,...
[2026-02-03 11:38:13] [high_prob_bonds] PAPER TRADE: NO @ $0.978 | Size: $100.00 | BOND: Will Trump deport less than 25......
[2026-02-03 11:38:13] [SYSTEM] 
--- CYCLE SUMMARY ---
[2026-02-03 11:38:13] [SYSTEM]   whale_tracking: 45/80 (56.2%) | PnL: $1650.00
[2026-02-03 11:38:13] [SYSTEM]   cross_platform_arb: 28/28 (100.0%) | PnL: $90.86
[2026-02-03 11:38:13] [SYSTEM]   gabagool_arb: 23/23 (100.0%) | PnL: $64.21
[2026-02-03 11:38:13] [SYSTEM]   spike_detection: 18/38 (47.4%) | PnL: $-440.00
[2026-02-03 11:38:13] [SYSTEM]   high_prob_bonds: 40/40 (100.0%) | PnL: $89.98
[2026-02-03 11:38:13] [SYSTEM] 
Next cycle in 60 seconds...
[2026-02-03 11:39:13] [SYSTEM] 
--- CYCLE 41 ---
[2026-02-03 11:39:14] [SYSTEM] Fetched 100 markets
[2026-02-03 11:39:14] [whale_tracking] PAPER TRADE: YES @ $0.022 | Size: $30.00 | Will Trump deport less than 250,000? (Vo...
[2026-02-03 11:39:14] [whale_tracking] PAPER TRADE: NO @ $0.121 | Size: $30.00 | Will Trump deport 250,000-500,000 people...
[2026-02-03 11:39:14] [cross_platform_arb] PAPER TRADE: ARB @ $0.954 | Size: $100.00 | ARB: Will Trump deport less than 25... (...
[2026-02-03 11:39:14] [gabagool_arb] PAPER TRADE: PAIR @ $0.964 | Size: $75.00 | GABAGOOL: Will Trump deport 250,000-500,...
[2026-02-03 11:39:14] [high_prob_bonds] PAPER TRADE: NO @ $0.978 | Size: $100.00 | BOND: Will Trump deport less than 25......
[2026-02-03 11:39:14] [SYSTEM] 
--- CYCLE SUMMARY ---
[2026-02-03 11:39:14] [SYSTEM]   whale_tracking: 45/82 (54.9%) | PnL: $1590.00
[2026-02-03 11:39:14] [SYSTEM]   cross_platform_arb: 29/29 (100.0%) | PnL: $95.43
[2026-02-03 11:39:14] [SYSTEM]   gabagool_arb: 24/24 (100.0%) | PnL: $66.93
[2026-02-03 11:39:14] [SYSTEM]   spike_detection: 18/38 (47.4%) | PnL: $-440.00
[2026-02-03 11:39:14] [SYSTEM]   high_prob_bonds: 41/41 (100.0%) | PnL: $92.23
[2026-02-03 11:39:14] [SYSTEM] 
Next cycle in 60 seconds...
[2026-02-03 11:40:14] [SYSTEM] 
--- CYCLE 42 ---
[2026-02-03 11:40:15] [SYSTEM] Fetched 100 markets
[2026-02-03 11:40:15] [whale_tracking] PAPER TRADE: YES @ $0.022 | Size: $30.00 | Will Trump deport less than 250,000? (Vo...
[2026-02-03 11:40:15] [whale_tracking] PAPER TRADE: NO @ $0.121 | Size: $30.00 | Will Trump deport 250,000-500,000 people...
[2026-02-03 11:40:15] [cross_platform_arb] PAPER TRADE: ARB @ $0.961 | Size: $100.00 | ARB: Will Trump deport 250,000-500,... (...
[2026-02-03 11:40:15] [spike_detection] PAPER TRADE: FADE @ $0.009 | Size: $40.00 | SPIKE: Will Trump deport 750,000-1,00......
[2026-02-03 11:40:15] [high_prob_bonds] PAPER TRADE: NO @ $0.978 | Size: $100.00 | BOND: Will Trump deport less than 25......
[2026-02-03 11:40:15] [SYSTEM] 
--- CYCLE SUMMARY ---
[2026-02-03 11:40:15] [SYSTEM]   whale_tracking: 45/84 (53.6%) | PnL: $1530.00
[2026-02-03 11:40:15] [SYSTEM]   cross_platform_arb: 30/30 (100.0%) | PnL: $99.34
[2026-02-03 11:40:15] [SYSTEM]   gabagool_arb: 24/24 (100.0%) | PnL: $66.93
[2026-02-03 11:40:15] [SYSTEM]   spike_detection: 19/39 (48.7%) | PnL: $-420.00
[2026-02-03 11:40:15] [SYSTEM]   high_prob_bonds: 42/42 (100.0%) | PnL: $94.48
[2026-02-03 11:40:15] [SYSTEM] 
Next cycle in 60 seconds...
[2026-02-03 11:41:15] [SYSTEM] 
--- CYCLE 43 ---
[2026-02-03 11:41:16] [SYSTEM] Fetched 100 markets
[2026-02-03 11:41:16] [whale_tracking] PAPER TRADE: YES @ $0.022 | Size: $30.00 | Will Trump deport less than 250,000? (Vo...
[2026-02-03 11:41:16] [whale_tracking] PAPER TRADE: NO @ $0.120 | Size: $30.00 | Will Trump deport 250,000-500,000 people...
[2026-02-03 11:41:16] [cross_platform_arb] PAPER TRADE: ARB @ $0.957 | Size: $100.00 | ARB: Will Trump deport less than 25... (...
[2026-02-03 11:41:16] [spike_detection] PAPER TRADE: FADE @ $0.063 | Size: $40.00 | SPIKE: Will Trump deport 500,000-750,......
[2026-02-03 11:41:16] [high_prob_bonds] PAPER TRADE: NO @ $0.978 | Size: $100.00 | BOND: Will Trump deport less than 25......
[2026-02-03 11:41:16] [SYSTEM] 
--- CYCLE SUMMARY ---
[2026-02-03 11:41:16] [SYSTEM]   whale_tracking: 45/86 (52.3%) | PnL: $1470.00
[2026-02-03 11:41:16] [SYSTEM]   cross_platform_arb: 31/31 (100.0%) | PnL: $103.68
[2026-02-03 11:41:16] [SYSTEM]   gabagool_arb: 24/24 (100.0%) | PnL: $66.93
[2026-02-03 11:41:16] [SYSTEM]   spike_detection: 19/40 (47.5%) | PnL: $-460.00
[2026-02-03 11:41:16] [SYSTEM]   high_prob_bonds: 43/43 (100.0%) | PnL: $96.78
[2026-02-03 11:41:16] [SYSTEM] 
Next cycle in 60 seconds...
[2026-02-03 11:42:16] [SYSTEM] 
--- CYCLE 44 ---
[2026-02-03 11:42:17] [SYSTEM] Fetched 100 markets
[2026-02-03 11:42:17] [whale_tracking] PAPER TRADE: YES @ $0.022 | Size: $30.00 | Will Trump deport less than 250,000? (Vo...
[2026-02-03 11:42:17] [whale_tracking] PAPER TRADE: NO @ $0.120 | Size: $30.00 | Will Trump deport 250,000-500,000 people...
[2026-02-03 11:42:17] [cross_platform_arb] PAPER TRADE: ARB @ $0.958 | Size: $100.00 | ARB: Will Trump deport less than 25... (...
[2026-02-03 11:42:17] [cross_platform_arb] PAPER TRADE: ARB @ $0.965 | Size: $100.00 | ARB: Will Trump deport 250,000-500,... (...
[2026-02-03 11:42:17] [gabagool_arb] PAPER TRADE: PAIR @ $0.965 | Size: $75.00 | GABAGOOL: Will Trump deport 250,000-500,...
[2026-02-03 11:42:17] [spike_detection] PAPER TRADE: FADE @ $0.063 | Size: $40.00 | SPIKE: Will Trump deport 500,000-750,......
[2026-02-03 11:42:17] [high_prob_bonds] PAPER TRADE: NO @ $0.978 | Size: $100.00 | BOND: Will Trump deport less than 25......
[2026-02-03 11:42:17] [SYSTEM] 
--- CYCLE SUMMARY ---
[2026-02-03 11:42:17] [SYSTEM]   whale_tracking: 47/88 (53.4%) | PnL: $1590.00
[2026-02-03 11:42:17] [SYSTEM]   cross_platform_arb: 33/33 (100.0%) | PnL: $111.36
[2026-02-03 11:42:17] [SYSTEM]   gabagool_arb: 25/25 (100.0%) | PnL: $69.58
[2026-02-03 11:42:17] [SYSTEM]   spike_detection: 20/41 (48.8%) | PnL: $-440.00
[2026-02-03 11:42:17] [SYSTEM]   high_prob_bonds: 44/44 (100.0%) | PnL: $99.08
[2026-02-03 11:42:17] [SYSTEM] 
Next cycle in 60 seconds...
[2026-02-03 11:43:17] [SYSTEM] 
--- CYCLE 45 ---
[2026-02-03 11:43:17] [SYSTEM] Fetched 100 markets
[2026-02-03 11:43:17] [whale_tracking] PAPER TRADE: YES @ $0.022 | Size: $30.00 | Will Trump deport less than 250,000? (Vo...
[2026-02-03 11:43:17] [whale_tracking] PAPER TRADE: NO @ $0.120 | Size: $30.00 | Will Trump deport 250,000-500,000 people...
[2026-02-03 11:43:17] [cross_platform_arb] PAPER TRADE: ARB @ $0.954 | Size: $100.00 | ARB: Will Trump deport 250,000-500,... (...
[2026-02-03 11:43:17] [gabagool_arb] PAPER TRADE: PAIR @ $0.968 | Size: $75.00 | GABAGOOL: Will Trump deport 250,000-500,...
[2026-02-03 11:43:17] [spike_detection] PAPER TRADE: FADE @ $0.022 | Size: $40.00 | SPIKE: Will Trump deport less than 25......
[2026-02-03 11:43:17] [spike_detection] PAPER TRADE: FADE @ $0.880 | Size: $40.00 | SPIKE: Will Trump deport 250,000-500,......
[2026-02-03 11:43:17] [high_prob_bonds] PAPER TRADE: NO @ $0.978 | Size: $100.00 | BOND: Will Trump deport less than 25......
[2026-02-03 11:43:17] [SYSTEM] 
--- CYCLE SUMMARY ---
[2026-02-03 11:43:17] [SYSTEM]   whale_tracking: 49/90 (54.4%) | PnL: $1710.00
[2026-02-03 11:43:17] [SYSTEM]   cross_platform_arb: 34/34 (100.0%) | PnL: $115.95
[2026-02-03 11:43:17] [SYSTEM]   gabagool_arb: 26/26 (100.0%) | PnL: $71.98
[2026-02-03 11:43:17] [SYSTEM]   spike_detection: 20/43 (46.5%) | PnL: $-520.00
[2026-02-03 11:43:17] [SYSTEM]   high_prob_bonds: 45/45 (100.0%) | PnL: $101.38
[2026-02-03 11:43:17] [SYSTEM] 
Next cycle in 60 seconds...
[2026-02-03 11:44:17] [SYSTEM] 
--- CYCLE 46 ---
[2026-02-03 11:44:18] [SYSTEM] Fetched 100 markets
[2026-02-03 11:44:18] [whale_tracking] PAPER TRADE: YES @ $0.022 | Size: $30.00 | Will Trump deport less than 250,000? (Vo...
[2026-02-03 11:44:18] [whale_tracking] PAPER TRADE: NO @ $0.120 | Size: $30.00 | Will Trump deport 250,000-500,000 people...
[2026-02-03 11:44:18] [high_prob_bonds] PAPER TRADE: NO @ $0.978 | Size: $100.00 | BOND: Will Trump deport less than 25......
[2026-02-03 11:44:18] [SYSTEM] 
--- CYCLE SUMMARY ---
[2026-02-03 11:44:18] [SYSTEM]   whale_tracking: 49/92 (53.3%) | PnL: $1650.00
[2026-02-03 11:44:18] [SYSTEM]   cross_platform_arb: 34/34 (100.0%) | PnL: $115.95
[2026-02-03 11:44:18] [SYSTEM]   gabagool_arb: 26/26 (100.0%) | PnL: $71.98
[2026-02-03 11:44:18] [SYSTEM]   spike_detection: 20/43 (46.5%) | PnL: $-520.00
[2026-02-03 11:44:18] [SYSTEM]   high_prob_bonds: 46/46 (100.0%) | PnL: $103.69
[2026-02-03 11:44:18] [SYSTEM] 
Next cycle in 60 seconds...
[2026-02-03 11:45:18] [SYSTEM] 
--- CYCLE 47 ---
[2026-02-03 11:45:19] [SYSTEM] Fetched 100 markets
[2026-02-03 11:45:19] [whale_tracking] PAPER TRADE: YES @ $0.022 | Size: $30.00 | Will Trump deport less than 250,000? (Vo...
[2026-02-03 11:45:19] [whale_tracking] PAPER TRADE: NO @ $0.120 | Size: $30.00 | Will Trump deport 250,000-500,000 people...
[2026-02-03 11:45:19] [cross_platform_arb] PAPER TRADE: ARB @ $0.963 | Size: $100.00 | ARB: Will Trump deport 500,000-750,... (...
[2026-02-03 11:45:19] [gabagool_arb] PAPER TRADE: PAIR @ $0.973 | Size: $75.00 | GABAGOOL: Will Trump deport less than 25...
[2026-02-03 11:45:19] [spike_detection] PAPER TRADE: FADE @ $0.880 | Size: $40.00 | SPIKE: Will Trump deport 250,000-500,......
[2026-02-03 11:45:19] [spike_detection] PAPER TRADE: FADE @ $0.063 | Size: $40.00 | SPIKE: Will Trump deport 500,000-750,......
[2026-02-03 11:45:19] [high_prob_bonds] PAPER TRADE: NO @ $0.978 | Size: $100.00 | BOND: Will Trump deport less than 25......
[2026-02-03 11:45:19] [SYSTEM] 
--- CYCLE SUMMARY ---
[2026-02-03 11:45:19] [SYSTEM]   whale_tracking: 50/94 (53.2%) | PnL: $1680.00
[2026-02-03 11:45:19] [SYSTEM]   cross_platform_arb: 35/35 (100.0%) | PnL: $119.62
[2026-02-03 11:45:19] [SYSTEM]   gabagool_arb: 27/27 (100.0%) | PnL: $73.99
[2026-02-03 11:45:19] [SYSTEM]   spike_detection: 21/45 (46.7%) | PnL: $-540.00
[2026-02-03 11:45:19] [SYSTEM]   high_prob_bonds: 47/47 (100.0%) | PnL: $105.99
[2026-02-03 11:45:19] [SYSTEM] 
Next cycle in 60 seconds...
[2026-02-03 11:46:19] [SYSTEM] 
--- CYCLE 48 ---
[2026-02-03 11:46:20] [SYSTEM] Fetched 100 markets
[2026-02-03 11:46:20] [whale_tracking] PAPER TRADE: YES @ $0.022 | Size: $30.00 | Will Trump deport less than 250,000? (Vo...
[2026-02-03 11:46:20] [whale_tracking] PAPER TRADE: NO @ $0.120 | Size: $30.00 | Will Trump deport 250,000-500,000 people...
[2026-02-03 11:46:20] [cross_platform_arb] PAPER TRADE: ARB @ $0.957 | Size: $100.00 | ARB: Will Trump deport less than 25... (...
[2026-02-03 11:46:20] [cross_platform_arb] PAPER TRADE: ARB @ $0.961 | Size: $100.00 | ARB: Will Trump deport 500,000-750,... (...
[2026-02-03 11:46:20] [high_prob_bonds] PAPER TRADE: NO @ $0.978 | Size: $100.00 | BOND: Will Trump deport less than 25......
[2026-02-03 11:46:20] [SYSTEM] 
--- CYCLE SUMMARY ---
[2026-02-03 11:46:20] [SYSTEM]   whale_tracking: 51/96 (53.1%) | PnL: $1710.00
[2026-02-03 11:46:20] [SYSTEM]   cross_platform_arb: 37/37 (100.0%) | PnL: $127.81
[2026-02-03 11:46:20] [SYSTEM]   gabagool_arb: 27/27 (100.0%) | PnL: $73.99
[2026-02-03 11:46:20] [SYSTEM]   spike_detection: 21/45 (46.7%) | PnL: $-540.00
[2026-02-03 11:46:20] [SYSTEM]   high_prob_bonds: 48/48 (100.0%) | PnL: $108.29
[2026-02-03 11:46:20] [SYSTEM] 
Next cycle in 60 seconds...
[2026-02-03 11:47:20] [SYSTEM] 
--- CYCLE 49 ---
[2026-02-03 11:47:21] [SYSTEM] Fetched 100 markets
[2026-02-03 11:47:21] [whale_tracking] PAPER TRADE: YES @ $0.022 | Size: $30.00 | Will Trump deport less than 250,000? (Vo...
[2026-02-03 11:47:21] [whale_tracking] PAPER TRADE: NO @ $0.120 | Size: $30.00 | Will Trump deport 250,000-500,000 people...
[2026-02-03 11:47:21] [cross_platform_arb] PAPER TRADE: ARB @ $0.959 | Size: $100.00 | ARB: Will Trump deport less than 25... (...
[2026-02-03 11:47:21] [high_prob_bonds] PAPER TRADE: NO @ $0.978 | Size: $100.00 | BOND: Will Trump deport less than 25......
[2026-02-03 11:47:21] [SYSTEM] 
--- CYCLE SUMMARY ---
[2026-02-03 11:47:21] [SYSTEM]   whale_tracking: 51/98 (52.0%) | PnL: $1650.00
[2026-02-03 11:47:21] [SYSTEM]   cross_platform_arb: 38/38 (100.0%) | PnL: $131.91
[2026-02-03 11:47:21] [SYSTEM]   gabagool_arb: 27/27 (100.0%) | PnL: $73.99
[2026-02-03 11:47:21] [SYSTEM]   spike_detection: 21/45 (46.7%) | PnL: $-540.00
[2026-02-03 11:47:21] [SYSTEM]   high_prob_bonds: 49/49 (100.0%) | PnL: $110.59
[2026-02-03 11:47:21] [SYSTEM] 
Next cycle in 60 seconds...
[2026-02-03 11:48:21] [SYSTEM] 
--- CYCLE 50 ---
[2026-02-03 11:48:22] [SYSTEM] Fetched 100 markets
[2026-02-03 11:48:22] [whale_tracking] PAPER TRADE: YES @ $0.022 | Size: $30.00 | Will Trump deport less than 250,000? (Vo...
[2026-02-03 11:48:22] [whale_tracking] PAPER TRADE: NO @ $0.120 | Size: $30.00 | Will Trump deport 250,000-500,000 people...
[2026-02-03 11:48:22] [cross_platform_arb] PAPER TRADE: ARB @ $0.957 | Size: $100.00 | ARB: Will Trump deport 250,000-500,... (...
[2026-02-03 11:48:22] [spike_detection] PAPER TRADE: FADE @ $0.063 | Size: $40.00 | SPIKE: Will Trump deport 500,000-750,......
[2026-02-03 11:48:22] [high_prob_bonds] PAPER TRADE: NO @ $0.978 | Size: $100.00 | BOND: Will Trump deport less than 25......
[2026-02-03 11:48:22] [SYSTEM] 
--- CYCLE SUMMARY ---
[2026-02-03 11:48:22] [SYSTEM]   whale_tracking: 52/100 (52.0%) | PnL: $1680.00
[2026-02-03 11:48:22] [SYSTEM]   cross_platform_arb: 39/39 (100.0%) | PnL: $136.26
[2026-02-03 11:48:22] [SYSTEM]   gabagool_arb: 27/27 (100.0%) | PnL: $73.99
[2026-02-03 11:48:22] [SYSTEM]   spike_detection: 21/46 (45.7%) | PnL: $-580.00
[2026-02-03 11:48:22] [SYSTEM]   high_prob_bonds: 50/50 (100.0%) | PnL: $112.89
[2026-02-03 11:48:22] [SYSTEM] 
Next cycle in 60 seconds...
[2026-02-03 11:49:22] [SYSTEM] 
--- CYCLE 51 ---
[2026-02-03 11:49:23] [SYSTEM] Fetched 100 markets
[2026-02-03 11:49:23] [whale_tracking] PAPER TRADE: YES @ $0.022 | Size: $30.00 | Will Trump deport less than 250,000? (Vo...
[2026-02-03 11:49:23] [whale_tracking] PAPER TRADE: NO @ $0.120 | Size: $30.00 | Will Trump deport 250,000-500,000 people...
[2026-02-03 11:49:23] [gabagool_arb] PAPER TRADE: PAIR @ $0.978 | Size: $75.00 | GABAGOOL: Will Trump deport less than 25...
[2026-02-03 11:49:23] [high_prob_bonds] PAPER TRADE: NO @ $0.978 | Size: $100.00 | BOND: Will Trump deport less than 25......
[2026-02-03 11:49:23] [SYSTEM] 
--- CYCLE SUMMARY ---
[2026-02-03 11:49:23] [SYSTEM]   whale_tracking: 53/102 (52.0%) | PnL: $1710.00
[2026-02-03 11:49:23] [SYSTEM]   cross_platform_arb: 39/39 (100.0%) | PnL: $136.26
[2026-02-03 11:49:23] [SYSTEM]   gabagool_arb: 28/28 (100.0%) | PnL: $75.62
[2026-02-03 11:49:23] [SYSTEM]   spike_detection: 21/46 (45.7%) | PnL: $-580.00
[2026-02-03 11:49:23] [SYSTEM]   high_prob_bonds: 51/51 (100.0%) | PnL: $115.19
[2026-02-03 11:49:23] [SYSTEM] 
Next cycle in 60 seconds...
[2026-02-03 11:50:23] [SYSTEM] 
--- CYCLE 52 ---
[2026-02-03 11:50:24] [SYSTEM] Fetched 100 markets
[2026-02-03 11:50:24] [whale_tracking] PAPER TRADE: YES @ $0.022 | Size: $30.00 | Will Trump deport less than 250,000? (Vo...
[2026-02-03 11:50:24] [whale_tracking] PAPER TRADE: NO @ $0.120 | Size: $30.00 | Will Trump deport 250,000-500,000 people...
[2026-02-03 11:50:24] [cross_platform_arb] PAPER TRADE: ARB @ $0.952 | Size: $100.00 | ARB: Will Trump deport less than 25... (...
[2026-02-03 11:50:24] [cross_platform_arb] PAPER TRADE: ARB @ $0.971 | Size: $100.00 | ARB: Will Trump deport 250,000-500,... (...
[2026-02-03 11:50:24] [spike_detection] PAPER TRADE: FADE @ $0.022 | Size: $40.00 | SPIKE: Will Trump deport less than 25......
[2026-02-03 11:50:24] [spike_detection] PAPER TRADE: FADE @ $0.009 | Size: $40.00 | SPIKE: Will Trump deport 750,000-1,00......
[2026-02-03 11:50:24] [high_prob_bonds] PAPER TRADE: NO @ $0.978 | Size: $100.00 | BOND: Will Trump deport less than 25......
[2026-02-03 11:50:24] [SYSTEM] 
--- CYCLE SUMMARY ---
[2026-02-03 11:50:24] [SYSTEM]   whale_tracking: 54/104 (51.9%) | PnL: $1740.00
[2026-02-03 11:50:24] [SYSTEM]   cross_platform_arb: 41/41 (100.0%) | PnL: $144.01
[2026-02-03 11:50:24] [SYSTEM]   gabagool_arb: 28/28 (100.0%) | PnL: $75.62
[2026-02-03 11:50:24] [SYSTEM]   spike_detection: 22/48 (45.8%) | PnL: $-600.00
[2026-02-03 11:50:24] [SYSTEM]   high_prob_bonds: 52/52 (100.0%) | PnL: $117.50
[2026-02-03 11:50:24] [SYSTEM] 
Next cycle in 60 seconds...
[2026-02-03 11:51:24] [SYSTEM] 
--- CYCLE 53 ---
[2026-02-03 11:51:25] [SYSTEM] Fetched 100 markets
[2026-02-03 11:51:25] [whale_tracking] PAPER TRADE: YES @ $0.022 | Size: $30.00 | Will Trump deport less than 250,000? (Vo...
[2026-02-03 11:51:25] [whale_tracking] PAPER TRADE: NO @ $0.120 | Size: $30.00 | Will Trump deport 250,000-500,000 people...
[2026-02-03 11:51:25] [cross_platform_arb] PAPER TRADE: ARB @ $0.964 | Size: $100.00 | ARB: Will Trump deport less than 25... (...
[2026-02-03 11:51:25] [cross_platform_arb] PAPER TRADE: ARB @ $0.961 | Size: $100.00 | ARB: Will Trump deport 500,000-750,... (...
[2026-02-03 11:51:25] [spike_detection] PAPER TRADE: FADE @ $0.006 | Size: $40.00 | SPIKE: Will Trump deport 1,000,000-1,......
[2026-02-03 11:51:25] [high_prob_bonds] PAPER TRADE: NO @ $0.978 | Size: $100.00 | BOND: Will Trump deport less than 25......
[2026-02-03 11:51:25] [SYSTEM] 
--- CYCLE SUMMARY ---
[2026-02-03 11:51:25] [SYSTEM]   whale_tracking: 55/106 (51.9%) | PnL: $1770.00
[2026-02-03 11:51:25] [SYSTEM]   cross_platform_arb: 43/43 (100.0%) | PnL: $151.51
[2026-02-03 11:51:25] [SYSTEM]   gabagool_arb: 28/28 (100.0%) | PnL: $75.62
[2026-02-03 11:51:25] [SYSTEM]   spike_detection: 23/49 (46.9%) | PnL: $-580.00
[2026-02-03 11:51:25] [SYSTEM]   high_prob_bonds: 53/53 (100.0%) | PnL: $119.80
[2026-02-03 11:51:25] [SYSTEM] 
Next cycle in 60 seconds...
[2026-02-03 11:52:25] [SYSTEM] 
--- CYCLE 54 ---
[2026-02-03 11:52:25] [SYSTEM] Fetched 100 markets
[2026-02-03 11:52:25] [whale_tracking] PAPER TRADE: YES @ $0.022 | Size: $30.00 | Will Trump deport less than 250,000? (Vo...
[2026-02-03 11:52:25] [whale_tracking] PAPER TRADE: NO @ $0.120 | Size: $30.00 | Will Trump deport 250,000-500,000 people...
[2026-02-03 11:52:25] [cross_platform_arb] PAPER TRADE: ARB @ $0.955 | Size: $100.00 | ARB: Will Trump deport 500,000-750,... (...
[2026-02-03 11:52:25] [gabagool_arb] PAPER TRADE: PAIR @ $0.976 | Size: $75.00 | GABAGOOL: Will Trump deport 250,000-500,...
[2026-02-03 11:52:25] [spike_detection] PAPER TRADE: FADE @ $0.022 | Size: $40.00 | SPIKE: Will Trump deport less than 25......
[2026-02-03 11:52:25] [spike_detection] PAPER TRADE: FADE @ $0.063 | Size: $40.00 | SPIKE: Will Trump deport 500,000-750,......
[2026-02-03 11:52:25] [spike_detection] PAPER TRADE: FADE @ $0.006 | Size: $40.00 | SPIKE: Will Trump deport 1,000,000-1,......
[2026-02-03 11:52:25] [high_prob_bonds] PAPER TRADE: NO @ $0.978 | Size: $100.00 | BOND: Will Trump deport less than 25......
[2026-02-03 11:52:25] [SYSTEM] 
--- CYCLE SUMMARY ---
[2026-02-03 11:52:25] [SYSTEM]   whale_tracking: 56/108 (51.9%) | PnL: $1800.00
[2026-02-03 11:52:25] [SYSTEM]   cross_platform_arb: 44/44 (100.0%) | PnL: $155.98
[2026-02-03 11:52:25] [SYSTEM]   gabagool_arb: 29/29 (100.0%) | PnL: $77.45
[2026-02-03 11:52:25] [SYSTEM]   spike_detection: 25/52 (48.1%) | PnL: $-580.00
[2026-02-03 11:52:25] [SYSTEM]   high_prob_bonds: 54/54 (100.0%) | PnL: $122.10
[2026-02-03 11:52:25] [SYSTEM] 
Next cycle in 60 seconds...
[2026-02-03 11:53:25] [SYSTEM] 
--- CYCLE 55 ---
[2026-02-03 11:53:26] [SYSTEM] Fetched 100 markets
[2026-02-03 11:53:26] [whale_tracking] PAPER TRADE: YES @ $0.022 | Size: $30.00 | Will Trump deport less than 250,000? (Vo...
[2026-02-03 11:53:26] [whale_tracking] PAPER TRADE: NO @ $0.119 | Size: $30.00 | Will Trump deport 250,000-500,000 people...
[2026-02-03 11:53:26] [cross_platform_arb] PAPER TRADE: ARB @ $0.959 | Size: $100.00 | ARB: Will Trump deport less than 25... (...
[2026-02-03 11:53:26] [cross_platform_arb] PAPER TRADE: ARB @ $0.954 | Size: $100.00 | ARB: Will Trump deport 250,000-500,... (...
[2026-02-03 11:53:26] [cross_platform_arb] PAPER TRADE: ARB @ $0.955 | Size: $100.00 | ARB: Will Trump deport 500,000-750,... (...
[2026-02-03 11:53:26] [spike_detection] PAPER TRADE: FADE @ $0.064 | Size: $40.00 | SPIKE: Will Trump deport 500,000-750,......
[2026-02-03 11:53:26] [spike_detection] PAPER TRADE: FADE @ $0.009 | Size: $40.00 | SPIKE: Will Trump deport 750,000-1,00......
[2026-02-03 11:53:26] [high_prob_bonds] PAPER TRADE: NO @ $0.978 | Size: $100.00 | BOND: Will Trump deport less than 25......
[2026-02-03 11:53:26] [SYSTEM] 
--- CYCLE SUMMARY ---
[2026-02-03 11:53:26] [SYSTEM]   whale_tracking: 57/110 (51.8%) | PnL: $1830.00
[2026-02-03 11:53:26] [SYSTEM]   cross_platform_arb: 47/47 (100.0%) | PnL: $169.19
[2026-02-03 11:53:26] [SYSTEM]   gabagool_arb: 29/29 (100.0%) | PnL: $77.45
[2026-02-03 11:53:26] [SYSTEM]   spike_detection: 26/54 (48.1%) | PnL: $-600.00
[2026-02-03 11:53:26] [SYSTEM]   high_prob_bonds: 55/55 (100.0%) | PnL: $124.40
[2026-02-03 11:53:26] [SYSTEM] 
Next cycle in 60 seconds...
[2026-02-03 11:54:26] [SYSTEM] 
--- CYCLE 56 ---
[2026-02-03 11:54:27] [SYSTEM] Fetched 100 markets
[2026-02-03 11:54:27] [whale_tracking] PAPER TRADE: YES @ $0.022 | Size: $30.00 | Will Trump deport less than 250,000? (Vo...
[2026-02-03 11:54:27] [whale_tracking] PAPER TRADE: NO @ $0.119 | Size: $30.00 | Will Trump deport 250,000-500,000 people...
[2026-02-03 11:54:27] [cross_platform_arb] PAPER TRADE: ARB @ $0.964 | Size: $100.00 | ARB: Will Trump deport 500,000-750,... (...
[2026-02-03 11:54:27] [gabagool_arb] PAPER TRADE: PAIR @ $0.975 | Size: $75.00 | GABAGOOL: Will Trump deport less than 25...
[2026-02-03 11:54:27] [high_prob_bonds] PAPER TRADE: NO @ $0.978 | Size: $100.00 | BOND: Will Trump deport less than 25......
[2026-02-03 11:54:27] [SYSTEM] 
--- CYCLE SUMMARY ---
[2026-02-03 11:54:27] [SYSTEM]   whale_tracking: 58/112 (51.8%) | PnL: $1860.00
[2026-02-03 11:54:27] [SYSTEM]   cross_platform_arb: 48/48 (100.0%) | PnL: $172.76
[2026-02-03 11:54:27] [SYSTEM]   gabagool_arb: 30/30 (100.0%) | PnL: $79.35
[2026-02-03 11:54:27] [SYSTEM]   spike_detection: 26/54 (48.1%) | PnL: $-600.00
[2026-02-03 11:54:27] [SYSTEM]   high_prob_bonds: 56/56 (100.0%) | PnL: $126.70
[2026-02-03 11:54:27] [SYSTEM] 
Next cycle in 60 seconds...
[2026-02-03 11:55:27] [SYSTEM] 
--- CYCLE 57 ---
[2026-02-03 11:55:28] [SYSTEM] Fetched 100 markets
[2026-02-03 11:55:28] [whale_tracking] PAPER TRADE: YES @ $0.022 | Size: $30.00 | Will Trump deport less than 250,000? (Vo...
[2026-02-03 11:55:28] [whale_tracking] PAPER TRADE: NO @ $0.119 | Size: $30.00 | Will Trump deport 250,000-500,000 people...
[2026-02-03 11:55:28] [cross_platform_arb] PAPER TRADE: ARB @ $0.977 | Size: $100.00 | ARB: Will Trump deport 500,000-750,... (...
[2026-02-03 11:55:28] [high_prob_bonds] PAPER TRADE: NO @ $0.978 | Size: $100.00 | BOND: Will Trump deport less than 25......
[2026-02-03 11:55:28] [SYSTEM] 
--- CYCLE SUMMARY ---
[2026-02-03 11:55:28] [SYSTEM]   whale_tracking: 60/114 (52.6%) | PnL: $1980.00
[2026-02-03 11:55:28] [SYSTEM]   cross_platform_arb: 49/49 (100.0%) | PnL: $175.07
[2026-02-03 11:55:28] [SYSTEM]   gabagool_arb: 30/30 (100.0%) | PnL: $79.35
[2026-02-03 11:55:28] [SYSTEM]   spike_detection: 26/54 (48.1%) | PnL: $-600.00
[2026-02-03 11:55:28] [SYSTEM]   high_prob_bonds: 57/57 (100.0%) | PnL: $129.01
[2026-02-03 11:55:28] [SYSTEM] 
Next cycle in 60 seconds...
[2026-02-03 11:56:28] [SYSTEM] 
--- CYCLE 58 ---
[2026-02-03 11:56:29] [SYSTEM] Fetched 100 markets
[2026-02-03 11:56:29] [whale_tracking] PAPER TRADE: YES @ $0.022 | Size: $30.00 | Will Trump deport less than 250,000? (Vo...
[2026-02-03 11:56:29] [whale_tracking] PAPER TRADE: NO @ $0.119 | Size: $30.00 | Will Trump deport 250,000-500,000 people...
[2026-02-03 11:56:29] [cross_platform_arb] PAPER TRADE: ARB @ $0.965 | Size: $100.00 | ARB: Will Trump deport 250,000-500,... (...
[2026-02-03 11:56:29] [spike_detection] PAPER TRADE: FADE @ $0.064 | Size: $40.00 | SPIKE: Will Trump deport 500,000-750,......
[2026-02-03 11:56:29] [high_prob_bonds] PAPER TRADE: NO @ $0.978 | Size: $100.00 | BOND: Will Trump deport less than 25......
[2026-02-03 11:56:29] [SYSTEM] 
--- CYCLE SUMMARY ---
[2026-02-03 11:56:29] [SYSTEM]   whale_tracking: 61/116 (52.6%) | PnL: $2010.00
[2026-02-03 11:56:29] [SYSTEM]   cross_platform_arb: 50/50 (100.0%) | PnL: $178.55
[2026-02-03 11:56:29] [SYSTEM]   gabagool_arb: 30/30 (100.0%) | PnL: $79.35
[2026-02-03 11:56:29] [SYSTEM]   spike_detection: 27/55 (49.1%) | PnL: $-580.00
[2026-02-03 11:56:29] [SYSTEM]   high_prob_bonds: 58/58 (100.0%) | PnL: $131.31
[2026-02-03 11:56:29] [SYSTEM] 
Next cycle in 60 seconds...
[2026-02-03 11:57:29] [SYSTEM] 
--- CYCLE 59 ---
[2026-02-03 11:57:30] [SYSTEM] Fetched 100 markets
[2026-02-03 11:57:30] [whale_tracking] PAPER TRADE: YES @ $0.022 | Size: $30.00 | Will Trump deport less than 250,000? (Vo...
[2026-02-03 11:57:30] [whale_tracking] PAPER TRADE: NO @ $0.121 | Size: $30.00 | Will Trump deport 250,000-500,000 people...
[2026-02-03 11:57:30] [cross_platform_arb] PAPER TRADE: ARB @ $0.956 | Size: $100.00 | ARB: Will Trump deport 500,000-750,... (...
[2026-02-03 11:57:30] [gabagool_arb] PAPER TRADE: PAIR @ $0.968 | Size: $75.00 | GABAGOOL: Will Trump deport 250,000-500,...
[2026-02-03 11:57:30] [spike_detection] PAPER TRADE: FADE @ $0.879 | Size: $40.00 | SPIKE: Will Trump deport 250,000-500,......
[2026-02-03 11:57:30] [high_prob_bonds] PAPER TRADE: NO @ $0.978 | Size: $100.00 | BOND: Will Trump deport less than 25......
[2026-02-03 11:57:30] [SYSTEM] 
--- CYCLE SUMMARY ---
[2026-02-03 11:57:30] [SYSTEM]   whale_tracking: 63/118 (53.4%) | PnL: $2130.00
[2026-02-03 11:57:30] [SYSTEM]   cross_platform_arb: 51/51 (100.0%) | PnL: $183.00
[2026-02-03 11:57:30] [SYSTEM]   gabagool_arb: 31/31 (100.0%) | PnL: $81.74
[2026-02-03 11:57:30] [SYSTEM]   spike_detection: 28/56 (50.0%) | PnL: $-560.00
[2026-02-03 11:57:30] [SYSTEM]   high_prob_bonds: 59/59 (100.0%) | PnL: $133.61
[2026-02-03 11:57:30] [SYSTEM] 
Next cycle in 60 seconds...
[2026-02-03 11:58:30] [SYSTEM] 
--- CYCLE 60 ---
[2026-02-03 11:58:31] [SYSTEM] Fetched 100 markets
[2026-02-03 11:58:31] [whale_tracking] PAPER TRADE: YES @ $0.022 | Size: $30.00 | Will Trump deport less than 250,000? (Vo...
[2026-02-03 11:58:31] [whale_tracking] PAPER TRADE: NO @ $0.121 | Size: $30.00 | Will Trump deport 250,000-500,000 people...
[2026-02-03 11:58:31] [cross_platform_arb] PAPER TRADE: ARB @ $0.963 | Size: $100.00 | ARB: Will Trump deport 250,000-500,... (...
[2026-02-03 11:58:31] [cross_platform_arb] PAPER TRADE: ARB @ $0.966 | Size: $100.00 | ARB: Will Trump deport 500,000-750,... (...
[2026-02-03 11:58:31] [spike_detection] PAPER TRADE: FADE @ $0.879 | Size: $40.00 | SPIKE: Will Trump deport 250,000-500,......
[2026-02-03 11:58:31] [spike_detection] PAPER TRADE: FADE @ $0.009 | Size: $40.00 | SPIKE: Will Trump deport 750,000-1,00......
[2026-02-03 11:58:31] [high_prob_bonds] PAPER TRADE: NO @ $0.978 | Size: $100.00 | BOND: Will Trump deport less than 25......
[2026-02-03 11:58:31] [SYSTEM] 
--- CYCLE SUMMARY ---
[2026-02-03 11:58:31] [SYSTEM]   whale_tracking: 65/120 (54.2%) | PnL: $2250.00
[2026-02-03 11:58:31] [SYSTEM]   cross_platform_arb: 53/53 (100.0%) | PnL: $190.08
[2026-02-03 11:58:31] [SYSTEM]   gabagool_arb: 31/31 (100.0%) | PnL: $81.74
[2026-02-03 11:58:31] [SYSTEM]   spike_detection: 29/58 (50.0%) | PnL: $-580.00
[2026-02-03 11:58:31] [SYSTEM]   high_prob_bonds: 60/60 (100.0%) | PnL: $135.91
[2026-02-03 11:58:31] [SYSTEM] 
Next cycle in 60 seconds...
[2026-02-03 11:59:31] [SYSTEM] 
--- CYCLE 61 ---
[2026-02-03 11:59:31] [SYSTEM] Fetched 100 markets
[2026-02-03 11:59:31] [whale_tracking] PAPER TRADE: YES @ $0.022 | Size: $30.00 | Will Trump deport less than 250,000? (Vo...
[2026-02-03 11:59:31] [whale_tracking] PAPER TRADE: NO @ $0.121 | Size: $30.00 | Will Trump deport 250,000-500,000 people...
[2026-02-03 11:59:31] [cross_platform_arb] PAPER TRADE: ARB @ $0.976 | Size: $100.00 | ARB: Will Trump deport 500,000-750,... (...
[2026-02-03 11:59:31] [spike_detection] PAPER TRADE: FADE @ $0.006 | Size: $40.00 | SPIKE: Will Trump deport 1,000,000-1,......
[2026-02-03 11:59:31] [high_prob_bonds] PAPER TRADE: NO @ $0.978 | Size: $100.00 | BOND: Will Trump deport less than 25......
[2026-02-03 11:59:31] [SYSTEM] 
--- CYCLE SUMMARY ---
[2026-02-03 11:59:31] [SYSTEM]   whale_tracking: 66/122 (54.1%) | PnL: $2280.00
[2026-02-03 11:59:31] [SYSTEM]   cross_platform_arb: 54/54 (100.0%) | PnL: $192.49
[2026-02-03 11:59:31] [SYSTEM]   gabagool_arb: 31/31 (100.0%) | PnL: $81.74
[2026-02-03 11:59:31] [SYSTEM]   spike_detection: 30/59 (50.8%) | PnL: $-560.00
[2026-02-03 11:59:31] [SYSTEM]   high_prob_bonds: 61/61 (100.0%) | PnL: $138.21
[2026-02-03 11:59:31] [SYSTEM] 
Next cycle in 60 seconds...
[2026-02-03 12:00:31] [SYSTEM] 
--- CYCLE 62 ---
[2026-02-03 12:00:32] [SYSTEM] Fetched 100 markets
[2026-02-03 12:00:32] [whale_tracking] PAPER TRADE: YES @ $0.022 | Size: $30.00 | Will Trump deport less than 250,000? (Vo...
[2026-02-03 12:00:32] [whale_tracking] PAPER TRADE: NO @ $0.121 | Size: $30.00 | Will Trump deport 250,000-500,000 people...
[2026-02-03 12:00:32] [cross_platform_arb] PAPER TRADE: ARB @ $0.964 | Size: $100.00 | ARB: Will Trump deport less than 25... (...
[2026-02-03 12:00:32] [cross_platform_arb] PAPER TRADE: ARB @ $0.953 | Size: $100.00 | ARB: Will Trump deport 500,000-750,... (...
[2026-02-03 12:00:32] [gabagool_arb] PAPER TRADE: PAIR @ $0.973 | Size: $75.00 | GABAGOOL: Will Trump deport 250,000-500,...
[2026-02-03 12:00:32] [spike_detection] PAPER TRADE: FADE @ $0.006 | Size: $40.00 | SPIKE: Will Trump deport 1,000,000-1,......
[2026-02-03 12:00:32] [high_prob_bonds] PAPER TRADE: NO @ $0.978 | Size: $100.00 | BOND: Will Trump deport less than 25......
[2026-02-03 12:00:32] [SYSTEM] 
--- CYCLE SUMMARY ---
[2026-02-03 12:00:32] [SYSTEM]   whale_tracking: 67/124 (54.0%) | PnL: $2310.00
[2026-02-03 12:00:32] [SYSTEM]   cross_platform_arb: 56/56 (100.0%) | PnL: $200.80
[2026-02-03 12:00:32] [SYSTEM]   gabagool_arb: 32/32 (100.0%) | PnL: $83.78
[2026-02-03 12:00:32] [SYSTEM]   spike_detection: 30/60 (50.0%) | PnL: $-600.00
[2026-02-03 12:00:32] [SYSTEM]   high_prob_bonds: 62/62 (100.0%) | PnL: $140.51
[2026-02-03 12:00:32] [SYSTEM] 
Next cycle in 60 seconds...
tection: 30/60 (50.0%) | PnL: $-600.00
[2026-02-03 12:00:32] [SYSTEM]   high_prob_bonds: 62/62 (100.0%) | PnL: $140.51
[2026-02-03 12:00:32] [SYSTEM] 
Next cycle in 60 seconds...
