2026-02-02 07:52:47,065 - INFO - ============================================================
2026-02-02 07:52:47,065 - INFO - ============================================================
2026-02-02 07:52:47,065 - INFO - OVERNIGHT AUTONOMOUS RUNNER STARTING
2026-02-02 07:52:47,065 - INFO - OVERNIGHT AUTONOMOUS RUNNER STARTING
2026-02-02 07:52:47,065 - INFO - ============================================================
2026-02-02 07:52:47,065 - INFO - ============================================================
2026-02-02 07:52:47,065 - INFO - 
--- Cycle 1 at 07:52:47 ---
2026-02-02 07:52:47,065 - INFO - 
--- Cycle 1 at 07:52:47 ---
2026-02-02 07:52:47,083 - INFO - Polymarket daemon: RUNNING
2026-02-02 07:52:47,083 - INFO - Polymarket daemon: RUNNING
2026-02-02 07:52:47,613 - INFO - HTTP Request: POST https://api.mainnet-beta.solana.com "HTTP/1.1 200 OK"
2026-02-02 07:52:47,613 - INFO - HTTP Request: POST https://api.mainnet-beta.solana.com "HTTP/1.1 200 OK"
2026-02-02 07:52:48,248 - INFO - HTTP Request: POST https://polygon-rpc.com "HTTP/1.1 200 OK"
2026-02-02 07:52:48,248 - INFO - HTTP Request: POST https://polygon-rpc.com "HTTP/1.1 200 OK"
2026-02-02 07:52:48,403 - INFO - HTTP Request: POST https://polygon-rpc.com "HTTP/1.1 200 OK"
2026-02-02 07:52:48,403 - INFO - HTTP Request: POST https://polygon-rpc.com "HTTP/1.1 200 OK"
2026-02-02 07:52:48,404 - INFO - SOL balance: 1.9998 (~$199.98)
2026-02-02 07:52:48,404 - INFO - SOL balance: 1.9998 (~$199.98)
2026-02-02 07:52:48,404 - INFO - USDC balance: $216.84
2026-02-02 07:52:48,404 - INFO - USDC balance: $216.84
2026-02-02 07:52:48,404 - INFO - TOTAL LIQUID: $416.81
2026-02-02 07:52:48,404 - INFO - TOTAL LIQUID: $416.81
