[2026-02-01T12:26:05.320037] [INFO] (◉) REALTIME TRADING SYSTEM STARTING
[2026-02-01T12:26:05.320118] [INFO] Config: {'polling_interval': 5, 'min_edge': 0.02, 'max_position_pct': 0.2, 'signal_threshold': 0.7}
[2026-02-01T12:26:06.220922] [INFO] Client initialized: 0xAED6D39e30F675Fb00514D8Ccb3ea01588d6a669
[2026-02-01T12:26:06.221023] [INFO] (◉) CYCLE 1 START
[2026-02-01T12:26:07.546645] [INFO] Weather London: 8.5°C
[2026-02-01T12:26:07.738659] [INFO] Weather NYC: -14.7°C
[2026-02-01T12:26:08.121930] [INFO] Open orders: 6
[2026-02-01T12:26:08.122039] [INFO] Recent trades: 16
[2026-02-01T12:26:08.122072] [INFO] (◉) CYCLE 1 END (1.90s) - 100 markets
[2026-02-01T12:26:13.124197] [INFO] (◉) CYCLE 2 START
[2026-02-01T12:26:14.439157] [INFO] Weather London: 8.5°C
[2026-02-01T12:26:14.630792] [INFO] Weather NYC: -14.7°C
[2026-02-01T12:26:15.409263] [INFO] Open orders: 6
[2026-02-01T12:26:15.409396] [INFO] Recent trades: 16
[2026-02-01T12:26:15.409428] [INFO] (◉) CYCLE 2 END (2.29s) - 100 markets
[2026-02-01T12:26:20.411551] [INFO] (◉) CYCLE 3 START
[2026-02-01T12:26:21.736975] [INFO] Weather London: 8.5°C
[2026-02-01T12:26:21.934406] [INFO] Weather NYC: -14.7°C
[2026-02-01T12:26:22.664554] [INFO] Open orders: 6
[2026-02-01T12:26:22.664676] [INFO] Recent trades: 16
[2026-02-01T12:26:22.664708] [INFO] (◉) CYCLE 3 END (2.25s) - 100 markets
[2026-02-01T12:26:27.666827] [INFO] (◉) CYCLE 4 START
[2026-02-01T12:26:28.993505] [INFO] Weather London: 8.5°C
[2026-02-01T12:26:29.189103] [INFO] Weather NYC: -14.7°C
[2026-02-01T12:26:29.917708] [INFO] Open orders: 6
[2026-02-01T12:26:29.917841] [INFO] Recent trades: 16
[2026-02-01T12:26:29.917873] [INFO] (◉) CYCLE 4 END (2.25s) - 100 markets
[2026-02-01T12:26:34.919975] [INFO] (◉) CYCLE 5 START
[2026-02-01T12:26:36.233009] [INFO] Weather London: 8.5°C
[2026-02-01T12:26:36.423727] [INFO] Weather NYC: -14.7°C
[2026-02-01T12:26:37.172549] [INFO] Open orders: 6
[2026-02-01T12:26:37.172693] [INFO] Recent trades: 16
[2026-02-01T12:26:37.172729] [INFO] (◉) CYCLE 5 END (2.25s) - 100 markets
[2026-02-01T12:26:37.172762] [INFO] (◉) SYSTEM STOPPED
