[2026-02-05T11:33:17.369141] [WARN] NATS connection failed: nats: no servers available for connection
[2026-02-05T11:33:17.369337] [INFO] ======================================================================
[2026-02-05T11:33:17.369374] [INFO] SEED SQUARED - Cycle 1
[2026-02-05T11:33:17.369407] [INFO] The system that learns how to learn
[2026-02-05T11:33:17.369435] [INFO] ======================================================================
[2026-02-05T11:33:17.369462] [INFO] 
1. TRACKING LEARNING VELOCITY...
[2026-02-05T11:33:17.486680] [INFO]    Improvements this period: 15
[2026-02-05T11:33:17.486762] [INFO]    Compound rate: +0.0%
[2026-02-05T11:33:17.487117] [INFO]    Acceleration: +0.00
[2026-02-05T11:33:17.487179] [INFO] 
2. ANALYZING META-QUESTIONS...
[2026-02-05T11:33:17.923603] [INFO]    Best question patterns: ['how can i', 'what additional real-time', 'should i implement']
[2026-02-05T11:33:17.923726] [INFO]    Wasteful sources to filter: ['web_research', 'internal_analysis', 'github']
[2026-02-05T11:33:17.924066] [INFO]    Most useful source: web_research (0% usefulness)
[2026-02-05T11:33:17.924103] [INFO] 
3. GENERATING OPTIMIZATIONS...
[2026-02-05T11:33:17.965944] [INFO]    Found 3 potential optimizations:
[2026-02-05T11:33:17.966015] [INFO]    1. [FILTER_SOURCE] Source 'web_research' has <10% usefulness rate
[2026-02-05T11:33:17.966047] [INFO]       Action: Consider filtering or deprioritizing web_research
[2026-02-05T11:33:17.966077] [INFO]    2. [FILTER_SOURCE] Source 'internal_analysis' has <10% usefulness rate
[2026-02-05T11:33:17.966105] [INFO]       Action: Consider filtering or deprioritizing internal_analysis
[2026-02-05T11:33:17.966132] [INFO]    3. [FILTER_SOURCE] Source 'github' has <10% usefulness rate
[2026-02-05T11:33:17.966160] [INFO]       Action: Consider filtering or deprioritizing github
[2026-02-05T11:33:17.966186] [INFO] 
4. PUBLISHING META-LEARNINGS...
[2026-02-05T11:33:17.966805] [INFO] 
======================================================================
[2026-02-05T11:33:17.966833] [INFO] Cycle 1 complete
[2026-02-05T11:33:17.966859] [INFO] Total meta-learnings published: 0
[2026-02-05T11:33:17.966884] [INFO] Next cycle in 30 minutes
[2026-02-05T11:33:17.966909] [INFO] ======================================================================

