[2026-02-03 11:05:02] Starting discovery daemon (scanning every 4 hours)
[2026-02-03 11:05:02] ============================================================
[2026-02-03 11:05:02] (◉) STRATEGY DISCOVERY SCAN STARTING
[2026-02-03 11:05:02] ============================================================
[2026-02-03 11:05:02] Scanning 99 bookmarks...
[2026-02-03 11:05:02] Found 33 new trading-related bookmarks
[2026-02-03 11:05:03] Found 37 high-volume whale signals
[2026-02-03 11:05:03] Found 1 relevant GitHub repos
[2026-02-03 11:05:03] 
--- SCAN SUMMARY ---
[2026-02-03 11:05:03] Total discoveries: 71
[2026-02-03 11:05:03]   bookmarks: 33
[2026-02-03 11:05:03]   polymarket_whales: 37
[2026-02-03 11:05:03]   github: 1
[2026-02-03 11:05:03] 
High priority signals: 33
[2026-02-03 11:05:03]   - Now you and your AI agents can trade on Hyperliquid easily h... (engagement: 385)
[2026-02-03 11:05:03]   - wtf bro clawdbot can’t get easier 🤯
no need for Mac Minis. j... (engagement: 148)
[2026-02-03 11:05:03]   - The biggest barrier of entry for agents to the onchain econo... (engagement: 540)
[2026-02-03 11:05:03]   - Agent Hackathon starts today from @solana and @colosseum 

A... (engagement: 1621)
[2026-02-03 11:05:03]   - if you’re doing anything with openclaw // moltbook — JOIN TH... (engagement: 116)
[2026-02-03 11:05:03] 
Analysis saved to /Users/aaronnosbisch/REPOS/seed/BRAIN/INTEL/latest_scan_analysis.json
[2026-02-03 11:05:03] (◉) SCAN COMPLETE
[2026-02-03 11:05:03] 
Next scan in 4 hours...
[2026-02-03 15:05:03] ============================================================
[2026-02-03 15:05:03] (◉) STRATEGY DISCOVERY SCAN STARTING
[2026-02-03 15:05:03] ============================================================
[2026-02-03 15:05:03] Scanning 99 bookmarks...
[2026-02-03 15:05:03] Found 31 new trading-related bookmarks
[2026-02-03 15:05:04] Found 37 high-volume whale signals
[2026-02-03 15:05:04] Found 0 relevant GitHub repos
[2026-02-03 15:05:04] 
--- SCAN SUMMARY ---
[2026-02-03 15:05:04] Total discoveries: 68
[2026-02-03 15:05:04]   bookmarks: 31
[2026-02-03 15:05:04]   polymarket_whales: 37
[2026-02-03 15:05:04] 
High priority signals: 31
[2026-02-03 15:05:04]   - Now you and your AI agents can trade on Hyperliquid easily h... (engagement: 385)
[2026-02-03 15:05:04]   - wtf bro clawdbot can’t get easier 🤯
no need for Mac Minis. j... (engagement: 148)
[2026-02-03 15:05:04]   - The biggest barrier of entry for agents to the onchain econo... (engagement: 540)
[2026-02-03 15:05:04]   - Agent Hackathon starts today from @solana and @colosseum 

A... (engagement: 1621)
[2026-02-03 15:05:04]   - if you’re doing anything with openclaw // moltbook — JOIN TH... (engagement: 116)
[2026-02-03 15:05:04] 
Analysis saved to /Users/aaronnosbisch/REPOS/seed/BRAIN/INTEL/latest_scan_analysis.json
[2026-02-03 15:05:04] (◉) SCAN COMPLETE
[2026-02-03 15:05:04] 
Next scan in 4 hours...
[2026-02-03 19:05:10] ============================================================
[2026-02-03 19:05:10] (◉) STRATEGY DISCOVERY SCAN STARTING
[2026-02-03 19:05:10] ============================================================
[2026-02-03 19:05:10] Scanning 99 bookmarks...
[2026-02-03 19:05:10] Found 24 new trading-related bookmarks
[2026-02-03 19:05:11] Found 37 high-volume whale signals
[2026-02-03 19:05:11] Found 3 relevant GitHub repos
[2026-02-03 19:05:11] 
--- SCAN SUMMARY ---
[2026-02-03 19:05:11] Total discoveries: 64
[2026-02-03 19:05:11]   bookmarks: 24
[2026-02-03 19:05:11]   polymarket_whales: 37
[2026-02-03 19:05:11]   github: 3
[2026-02-03 19:05:11] 
High priority signals: 24
[2026-02-03 19:05:11]   - Now you and your AI agents can trade on Hyperliquid easily h... (engagement: 385)
[2026-02-03 19:05:11]   - wtf bro clawdbot can’t get easier 🤯
no need for Mac Minis. j... (engagement: 148)
[2026-02-03 19:05:11]   - The biggest barrier of entry for agents to the onchain econo... (engagement: 540)
[2026-02-03 19:05:11]   - Agent Hackathon starts today from @solana and @colosseum 

A... (engagement: 1621)
[2026-02-03 19:05:11]   - if you’re doing anything with openclaw // moltbook — JOIN TH... (engagement: 116)
[2026-02-03 19:05:11] 
Analysis saved to /Users/aaronnosbisch/REPOS/seed/BRAIN/INTEL/latest_scan_analysis.json
[2026-02-03 19:05:11] (◉) SCAN COMPLETE
[2026-02-03 19:05:11] 
Next scan in 4 hours...
[2026-02-03 23:05:12] ============================================================
[2026-02-03 23:05:12] (◉) STRATEGY DISCOVERY SCAN STARTING
[2026-02-03 23:05:12] ============================================================
[2026-02-03 23:05:12] Scanning 99 bookmarks...
[2026-02-03 23:05:12] Found 19 new trading-related bookmarks
[2026-02-03 23:05:12] Found 37 high-volume whale signals
[2026-02-03 23:05:12] Found 0 relevant GitHub repos
[2026-02-03 23:05:12] 
--- SCAN SUMMARY ---
[2026-02-03 23:05:12] Total discoveries: 56
[2026-02-03 23:05:12]   bookmarks: 19
[2026-02-03 23:05:12]   polymarket_whales: 37
[2026-02-03 23:05:12] 
High priority signals: 19
[2026-02-03 23:05:12]   - Now you and your AI agents can trade on Hyperliquid easily h... (engagement: 385)
[2026-02-03 23:05:12]   - wtf bro clawdbot can’t get easier 🤯
no need for Mac Minis. j... (engagement: 148)
[2026-02-03 23:05:12]   - The biggest barrier of entry for agents to the onchain econo... (engagement: 540)
[2026-02-03 23:05:12]   - Agent Hackathon starts today from @solana and @colosseum 

A... (engagement: 1621)
[2026-02-03 23:05:12]   - if you’re doing anything with openclaw // moltbook — JOIN TH... (engagement: 116)
[2026-02-03 23:05:12] 
Analysis saved to /Users/aaronnosbisch/REPOS/seed/BRAIN/INTEL/latest_scan_analysis.json
[2026-02-03 23:05:12] (◉) SCAN COMPLETE
[2026-02-03 23:05:12] 
Next scan in 4 hours...
[2026-02-04 03:05:12] ============================================================
[2026-02-04 03:05:12] (◉) STRATEGY DISCOVERY SCAN STARTING
[2026-02-04 03:05:12] ============================================================
[2026-02-04 03:05:12] Scanning 99 bookmarks...
[2026-02-04 03:05:12] Found 18 new trading-related bookmarks
[2026-02-04 03:05:13] Found 37 high-volume whale signals
[2026-02-04 03:05:13] Found 1 relevant GitHub repos
[2026-02-04 03:05:13] 
--- SCAN SUMMARY ---
[2026-02-04 03:05:13] Total discoveries: 56
[2026-02-04 03:05:13]   bookmarks: 18
[2026-02-04 03:05:13]   polymarket_whales: 37
[2026-02-04 03:05:13]   github: 1
[2026-02-04 03:05:13] 
High priority signals: 18
[2026-02-04 03:05:13]   - Now you and your AI agents can trade on Hyperliquid easily h... (engagement: 385)
[2026-02-04 03:05:13]   - wtf bro clawdbot can’t get easier 🤯
no need for Mac Minis. j... (engagement: 148)
[2026-02-04 03:05:13]   - The biggest barrier of entry for agents to the onchain econo... (engagement: 540)
[2026-02-04 03:05:13]   - Agent Hackathon starts today from @solana and @colosseum 

A... (engagement: 1621)
[2026-02-04 03:05:13]   - if you’re doing anything with openclaw // moltbook — JOIN TH... (engagement: 116)
[2026-02-04 03:05:13] 
Analysis saved to /Users/aaronnosbisch/REPOS/seed/BRAIN/INTEL/latest_scan_analysis.json
[2026-02-04 03:05:13] (◉) SCAN COMPLETE
[2026-02-04 03:05:13] 
Next scan in 4 hours...
[2026-02-04 07:05:16] ============================================================
[2026-02-04 07:05:16] (◉) STRATEGY DISCOVERY SCAN STARTING
[2026-02-04 07:05:16] ============================================================
[2026-02-04 07:05:16] Scanning 99 bookmarks...
[2026-02-04 07:05:16] Found 18 new trading-related bookmarks
[2026-02-04 07:05:17] Found 37 high-volume whale signals
[2026-02-04 07:05:17] Found 0 relevant GitHub repos
[2026-02-04 07:05:17] 
--- SCAN SUMMARY ---
[2026-02-04 07:05:17] Total discoveries: 55
[2026-02-04 07:05:17]   bookmarks: 18
[2026-02-04 07:05:17]   polymarket_whales: 37
[2026-02-04 07:05:17] 
High priority signals: 18
[2026-02-04 07:05:17]   - Now you and your AI agents can trade on Hyperliquid easily h... (engagement: 385)
[2026-02-04 07:05:17]   - wtf bro clawdbot can’t get easier 🤯
no need for Mac Minis. j... (engagement: 148)
[2026-02-04 07:05:17]   - The biggest barrier of entry for agents to the onchain econo... (engagement: 540)
[2026-02-04 07:05:17]   - Agent Hackathon starts today from @solana and @colosseum 

A... (engagement: 1621)
[2026-02-04 07:05:17]   - if you’re doing anything with openclaw // moltbook — JOIN TH... (engagement: 116)
[2026-02-04 07:05:17] 
Analysis saved to /Users/aaronnosbisch/REPOS/seed/BRAIN/INTEL/latest_scan_analysis.json
[2026-02-04 07:05:17] (◉) SCAN COMPLETE
[2026-02-04 07:05:17] 
Next scan in 4 hours...
[2026-02-04 11:05:23] ============================================================
[2026-02-04 11:05:23] (◉) STRATEGY DISCOVERY SCAN STARTING
[2026-02-04 11:05:23] ============================================================
[2026-02-04 11:05:23] Scanning 99 bookmarks...
[2026-02-04 11:05:23] Found 17 new trading-related bookmarks
[2026-02-04 11:05:23] Found 37 high-volume whale signals
[2026-02-04 11:05:23] Found 3 relevant GitHub repos
[2026-02-04 11:05:23] 
--- SCAN SUMMARY ---
[2026-02-04 11:05:23] Total discoveries: 57
[2026-02-04 11:05:23]   bookmarks: 17
[2026-02-04 11:05:23]   polymarket_whales: 37
[2026-02-04 11:05:23]   github: 3
[2026-02-04 11:05:23] 
High priority signals: 17
[2026-02-04 11:05:23]   - Now you and your AI agents can trade on Hyperliquid easily h... (engagement: 385)
[2026-02-04 11:05:23]   - wtf bro clawdbot can’t get easier 🤯
no need for Mac Minis. j... (engagement: 148)
[2026-02-04 11:05:23]   - The biggest barrier of entry for agents to the onchain econo... (engagement: 540)
[2026-02-04 11:05:23]   - Agent Hackathon starts today from @solana and @colosseum 

A... (engagement: 1621)
[2026-02-04 11:05:23]   - if you’re doing anything with openclaw // moltbook — JOIN TH... (engagement: 116)
[2026-02-04 11:05:23] 
Analysis saved to /Users/aaronnosbisch/REPOS/seed/BRAIN/INTEL/latest_scan_analysis.json
[2026-02-04 11:05:23] (◉) SCAN COMPLETE
[2026-02-04 11:05:23] 
Next scan in 4 hours...
[2026-02-04 15:05:23] ============================================================
[2026-02-04 15:05:23] (◉) STRATEGY DISCOVERY SCAN STARTING
[2026-02-04 15:05:23] ============================================================
[2026-02-04 15:05:23] Scanning 99 bookmarks...
[2026-02-04 15:05:23] Found 11 new trading-related bookmarks
[2026-02-04 15:05:24] Found 37 high-volume whale signals
[2026-02-04 15:05:25] Found 0 relevant GitHub repos
[2026-02-04 15:05:25] 
--- SCAN SUMMARY ---
[2026-02-04 15:05:25] Total discoveries: 48
[2026-02-04 15:05:25]   bookmarks: 11
[2026-02-04 15:05:25]   polymarket_whales: 37
[2026-02-04 15:05:25] 
High priority signals: 11
[2026-02-04 15:05:25]   - Now you and your AI agents can trade on Hyperliquid easily h... (engagement: 385)
[2026-02-04 15:05:25]   - wtf bro clawdbot can’t get easier 🤯
no need for Mac Minis. j... (engagement: 148)
[2026-02-04 15:05:25]   - The biggest barrier of entry for agents to the onchain econo... (engagement: 540)
[2026-02-04 15:05:25]   - Agent Hackathon starts today from @solana and @colosseum 

A... (engagement: 1621)
[2026-02-04 15:05:25]   - if you’re doing anything with openclaw // moltbook — JOIN TH... (engagement: 116)
[2026-02-04 15:05:25] 
Analysis saved to /Users/aaronnosbisch/REPOS/seed/BRAIN/INTEL/latest_scan_analysis.json
[2026-02-04 15:05:25] (◉) SCAN COMPLETE
[2026-02-04 15:05:25] 
Next scan in 4 hours...
[2026-02-04 19:05:25] ============================================================
[2026-02-04 19:05:25] (◉) STRATEGY DISCOVERY SCAN STARTING
[2026-02-04 19:05:25] ============================================================
[2026-02-04 19:05:25] Scanning 99 bookmarks...
[2026-02-04 19:05:25] Found 6 new trading-related bookmarks
[2026-02-04 19:05:25] Found 37 high-volume whale signals
[2026-02-04 19:05:26] Found 0 relevant GitHub repos
[2026-02-04 19:05:26] 
--- SCAN SUMMARY ---
[2026-02-04 19:05:26] Total discoveries: 43
[2026-02-04 19:05:26]   bookmarks: 6
[2026-02-04 19:05:26]   polymarket_whales: 37
[2026-02-04 19:05:26] 
High priority signals: 6
[2026-02-04 19:05:26]   - wtf bro clawdbot can’t get easier 🤯
no need for Mac Minis. j... (engagement: 148)
[2026-02-04 19:05:26]   - The biggest barrier of entry for agents to the onchain econo... (engagement: 540)
[2026-02-04 19:05:26]   - Agent Hackathon starts today from @solana and @colosseum 

A... (engagement: 1621)
[2026-02-04 19:05:26]   - if you’re doing anything with openclaw // moltbook — JOIN TH... (engagement: 116)
[2026-02-04 19:05:26]   - Agents can now collaborate with each other on big projects i... (engagement: 366)
[2026-02-04 19:05:26] 
Analysis saved to /Users/aaronnosbisch/REPOS/seed/BRAIN/INTEL/latest_scan_analysis.json
[2026-02-04 19:05:26] (◉) SCAN COMPLETE
[2026-02-04 19:05:26] 
Next scan in 4 hours...
[2026-02-04 23:05:26] ============================================================
[2026-02-04 23:05:26] (◉) STRATEGY DISCOVERY SCAN STARTING
[2026-02-04 23:05:26] ============================================================
[2026-02-04 23:05:26] Scanning 99 bookmarks...
[2026-02-04 23:05:26] Found 1 new trading-related bookmarks
[2026-02-04 23:05:26] Found 0 relevant GitHub repos
[2026-02-04 23:05:26] Found 37 high-volume whale signals
[2026-02-04 23:05:26] 
--- SCAN SUMMARY ---
[2026-02-04 23:05:26] Total discoveries: 38
[2026-02-04 23:05:26]   bookmarks: 1
[2026-02-04 23:05:26]   polymarket_whales: 37
[2026-02-04 23:05:26] 
High priority signals: 1
[2026-02-04 23:05:26]   - wtf bro clawdbot can’t get easier 🤯
no need for Mac Minis. j... (engagement: 148)
[2026-02-04 23:05:26] 
Analysis saved to /Users/aaronnosbisch/REPOS/seed/BRAIN/INTEL/latest_scan_analysis.json
[2026-02-04 23:05:26] (◉) SCAN COMPLETE
[2026-02-04 23:05:26] 
Next scan in 4 hours...
[2026-02-05 03:05:26] ============================================================
[2026-02-05 03:05:26] (◉) STRATEGY DISCOVERY SCAN STARTING
[2026-02-05 03:05:26] ============================================================
[2026-02-05 03:05:26] Scanning 99 bookmarks...
[2026-02-05 03:05:26] Found 0 new trading-related bookmarks
[2026-02-05 03:05:26] Found 37 high-volume whale signals
[2026-02-05 03:05:27] Found 1 relevant GitHub repos
[2026-02-05 03:05:27] 
--- SCAN SUMMARY ---
[2026-02-05 03:05:27] Total discoveries: 38
[2026-02-05 03:05:27]   polymarket_whales: 37
[2026-02-05 03:05:27]   github: 1
[2026-02-05 03:05:27] 
Analysis saved to /Users/aaronnosbisch/REPOS/seed/BRAIN/INTEL/latest_scan_analysis.json
[2026-02-05 03:05:27] (◉) SCAN COMPLETE
[2026-02-05 03:05:27] 
Next scan in 4 hours...
[2026-02-05 07:05:27] ============================================================
[2026-02-05 07:05:27] (◉) STRATEGY DISCOVERY SCAN STARTING
[2026-02-05 07:05:27] ============================================================
[2026-02-05 07:05:27] Scanning 99 bookmarks...
[2026-02-05 07:05:27] Found 0 new trading-related bookmarks
[2026-02-05 07:05:27] Found 37 high-volume whale signals
[2026-02-05 07:05:27] Found 0 relevant GitHub repos
[2026-02-05 07:05:27] 
--- SCAN SUMMARY ---
[2026-02-05 07:05:27] Total discoveries: 37
[2026-02-05 07:05:27]   polymarket_whales: 37
[2026-02-05 07:05:27] 
Analysis saved to /Users/aaronnosbisch/REPOS/seed/BRAIN/INTEL/latest_scan_analysis.json
[2026-02-05 07:05:27] (◉) SCAN COMPLETE
[2026-02-05 07:05:27] 
Next scan in 4 hours...
[2026-02-05 11:05:27] ============================================================
[2026-02-05 11:05:27] (◉) STRATEGY DISCOVERY SCAN STARTING
[2026-02-05 11:05:27] ============================================================
[2026-02-05 11:05:27] Scanning 99 bookmarks...
[2026-02-05 11:05:27] Found 0 new trading-related bookmarks
[2026-02-05 11:05:28] Found 38 high-volume whale signals
[2026-02-05 11:05:28] Found 0 relevant GitHub repos
[2026-02-05 11:05:28] 
--- SCAN SUMMARY ---
[2026-02-05 11:05:28] Total discoveries: 38
[2026-02-05 11:05:28]   polymarket_whales: 38
[2026-02-05 11:05:28] 
Analysis saved to /Users/aaronnosbisch/REPOS/seed/BRAIN/INTEL/latest_scan_analysis.json
[2026-02-05 11:05:28] (◉) SCAN COMPLETE
[2026-02-05 11:05:28] 
Next scan in 4 hours...
